stm32h7xx_it.c:77:6:NMI_Handler	4	static
stm32h7xx_it.c:92:6:HardFault_Handler	4	static
stm32h7xx_it.c:107:6:MemManage_Handler	4	static
stm32h7xx_it.c:122:6:BusFault_Handler	4	static
stm32h7xx_it.c:137:6:UsageFault_Handler	4	static
stm32h7xx_it.c:152:6:SVC_Handler	4	static
stm32h7xx_it.c:165:6:DebugMon_Handler	4	static
stm32h7xx_it.c:178:6:PendSV_Handler	4	static
stm32h7xx_it.c:191:6:SysTick_Handler	8	static
stm32h7xx_it.c:212:6:EXTI0_IRQHandler	8	static
stm32h7xx_it.c:226:6:EXTI1_IRQHandler	8	static
stm32h7xx_it.c:240:6:DMA1_Stream0_IRQHandler	8	static
stm32h7xx_it.c:254:6:DMA1_Stream1_IRQHandler	8	static
stm32h7xx_it.c:268:6:EXTI9_5_IRQHandler	8	static
stm32h7xx_it.c:283:6:SPI1_IRQHandler	8	static
stm32h7xx_it.c:296:6:Rotary_Encoder_Handler1	16	static
stm32h7xx_it.c:354:6:Rotary_Encoder_Handler2	16	static
