09:57:18 **** Clean-only build of configuration Debug for project PedalToTheMedal ****
make -j4 clean 
rm -rf ./Drivers/STM32H7xx_HAL_Driver/Src/stm32h7xx_hal.d ./Drivers/STM32H7xx_HAL_Driver/Src/stm32h7xx_hal.o ./Drivers/STM32H7xx_HAL_Driver/Src/stm32h7xx_hal_cortex.d ./Drivers/STM32H7xx_HAL_Driver/Src/stm32h7xx_hal_cortex.o ./Drivers/STM32H7xx_HAL_Driver/Src/stm32h7xx_hal_dma.d ./Drivers/STM32H7xx_HAL_Driver/Src/stm32h7xx_hal_dma.o ./Drivers/STM32H7xx_HAL_Driver/Src/stm32h7xx_hal_dma_ex.d ./Drivers/STM32H7xx_HAL_Driver/Src/stm32h7xx_hal_dma_ex.o ./Drivers/STM32H7xx_HAL_Driver/Src/stm32h7xx_hal_exti.d ./Drivers/STM32H7xx_HAL_Driver/Src/stm32h7xx_hal_exti.o ./Drivers/STM32H7xx_HAL_Driver/Src/stm32h7xx_hal_flash.d ./Drivers/STM32H7xx_HAL_Driver/Src/stm32h7xx_hal_flash.o ./Drivers/STM32H7xx_HAL_Driver/Src/stm32h7xx_hal_flash_ex.d ./Drivers/STM32H7xx_HAL_Driver/Src/stm32h7xx_hal_flash_ex.o ./Drivers/STM32H7xx_HAL_Driver/Src/stm32h7xx_hal_gpio.d ./Drivers/STM32H7xx_HAL_Driver/Src/stm32h7xx_hal_gpio.o ./Drivers/STM32H7xx_HAL_Driver/Src/stm32h7xx_hal_hsem.d ./Drivers/STM32H7xx_HAL_Driver/Src/stm32h7xx_hal_hsem.o ./Drivers/STM32H7xx_HAL_Driver/Src/stm32h7xx_hal_i2c.d ./Drivers/STM32H7xx_HAL_Driver/Src/stm32h7xx_hal_i2c.o ./Drivers/STM32H7xx_HAL_Driver/Src/stm32h7xx_hal_i2c_ex.d ./Drivers/STM32H7xx_HAL_Driver/Src/stm32h7xx_hal_i2c_ex.o ./Drivers/STM32H7xx_HAL_Driver/Src/stm32h7xx_hal_mdma.d ./Drivers/STM32H7xx_HAL_Driver/Src/stm32h7xx_hal_mdma.o ./Drivers/STM32H7xx_HAL_Driver/Src/stm32h7xx_hal_pwr.d ./Drivers/STM32H7xx_HAL_Driver/Src/stm32h7xx_hal_pwr.o ./Drivers/STM32H7xx_HAL_Driver/Src/stm32h7xx_hal_pwr_ex.d ./Drivers/STM32H7xx_HAL_Driver/Src/stm32h7xx_hal_pwr_ex.o ./Drivers/STM32H7xx_HAL_Driver/Src/stm32h7xx_hal_rcc.d ./Drivers/STM32H7xx_HAL_Driver/Src/stm32h7xx_hal_rcc.o ./Drivers/STM32H7xx_HAL_Driver/Src/stm32h7xx_hal_rcc_ex.d ./Drivers/STM32H7xx_HAL_Driver/Src/stm32h7xx_hal_rcc_ex.o ./Drivers/STM32H7xx_HAL_Driver/Src/stm32h7xx_hal_rtc.d ./Drivers/STM32H7xx_HAL_Driver/Src/stm32h7xx_hal_rtc.o ./Drivers/STM32H7xx_HAL_Driver/Src/stm32h7xx_hal_rtc_ex.d ./Drivers/STM32H7xx_HAL_Driver/Src/stm32h7xx_hal_rtc_ex.o ./Drivers/STM32H7xx_HAL_Driver/Src/stm32h7xx_hal_spi.d ./Drivers/STM32H7xx_HAL_Driver/Src/stm32h7xx_hal_spi.o ./Drivers/STM32H7xx_HAL_Driver/Src/stm32h7xx_hal_spi_ex.d ./Drivers/STM32H7xx_HAL_Driver/Src/stm32h7xx_hal_spi_ex.o ./Drivers/STM32H7xx_HAL_Driver/Src/stm32h7xx_hal_tim.d ./Drivers/STM32H7xx_HAL_Driver/Src/stm32h7xx_hal_tim.o ./Drivers/STM32H7xx_HAL_Driver/Src/stm32h7xx_hal_tim_ex.d ./Drivers/STM32H7xx_HAL_Driver/Src/stm32h7xx_hal_tim_ex.o
rm -rf ./Drivers/BSP/ST7735/lcd.d ./Drivers/BSP/ST7735/lcd.o ./Drivers/BSP/ST7735/logo_128_160.d ./Drivers/BSP/ST7735/logo_128_160.o ./Drivers/BSP/ST7735/logo_160_80.d ./Drivers/BSP/ST7735/logo_160_80.o ./Drivers/BSP/ST7735/st7735.d ./Drivers/BSP/ST7735/st7735.o ./Drivers/BSP/ST7735/st7735_reg.d ./Drivers/BSP/ST7735/st7735_reg.o
rm -rf ./Core/Startup/startup_stm32h750vbtx.d ./Core/Startup/startup_stm32h750vbtx.o
rm -rf ./Core/Src/gpio.d ./Core/Src/gpio.o ./Core/Src/main.d ./Core/Src/main.o ./Core/Src/rtc.d ./Core/Src/rtc.o ./Core/Src/spi.d ./Core/Src/spi.o ./Core/Src/stm32h7xx_hal_msp.d ./Core/Src/stm32h7xx_hal_msp.o ./Core/Src/stm32h7xx_it.d ./Core/Src/stm32h7xx_it.o ./Core/Src/syscalls.d ./Core/Src/syscalls.o ./Core/Src/sysmem.d ./Core/Src/sysmem.o ./Core/Src/system_stm32h7xx.d ./Core/Src/system_stm32h7xx.o ./Core/Src/tim.d ./Core/Src/tim.o
rm -rf 03-LCD_Test.bin 03-LCD_Test.elf 03-LCD_Test.list default.size.stdout
 
09:57:19 **** Build of configuration Debug for project PedalToTheMedal ****
make -j4 all 
arm-none-eabi-gcc "../Drivers/STM32H7xx_HAL_Driver/Src/stm32h7xx_hal.c" -mcpu=cortex-m7 -std=gnu11 -g3 -DDEBUG -DUSE_HAL_DRIVER -DSTM32H750xx -c -I../Core/Inc -I../Drivers/STM32H7xx_HAL_Driver/Inc -I../Drivers/STM32H7xx_HAL_Driver/Inc/Legacy -I../Drivers/CMSIS/Device/ST/STM32H7xx/Include -I../Drivers/CMSIS/Include -I../Drivers/BSP/ST7735 -O0 -ffunction-sections -fdata-sections -Wall -fstack-usage -MMD -MP -MF"Drivers/STM32H7xx_HAL_Driver/Src/stm32h7xx_hal.d" -MT"Drivers/STM32H7xx_HAL_Driver/Src/stm32h7xx_hal.o" --specs=nano.specs -mfpu=fpv5-d16 -mfloat-abi=hard -mthumb -o "Drivers/STM32H7xx_HAL_Driver/Src/stm32h7xx_hal.o"
arm-none-eabi-gcc "../Drivers/STM32H7xx_HAL_Driver/Src/stm32h7xx_hal_cortex.c" -mcpu=cortex-m7 -std=gnu11 -g3 -DDEBUG -DUSE_HAL_DRIVER -DSTM32H750xx -c -I../Core/Inc -I../Drivers/STM32H7xx_HAL_Driver/Inc -I../Drivers/STM32H7xx_HAL_Driver/Inc/Legacy -I../Drivers/CMSIS/Device/ST/STM32H7xx/Include -I../Drivers/CMSIS/Include -I../Drivers/BSP/ST7735 -O0 -ffunction-sections -fdata-sections -Wall -fstack-usage -MMD -MP -MF"Drivers/STM32H7xx_HAL_Driver/Src/stm32h7xx_hal_cortex.d" -MT"Drivers/STM32H7xx_HAL_Driver/Src/stm32h7xx_hal_cortex.o" --specs=nano.specs -mfpu=fpv5-d16 -mfloat-abi=hard -mthumb -o "Drivers/STM32H7xx_HAL_Driver/Src/stm32h7xx_hal_cortex.o"
arm-none-eabi-gcc "../Drivers/STM32H7xx_HAL_Driver/Src/stm32h7xx_hal_dma.c" -mcpu=cortex-m7 -std=gnu11 -g3 -DDEBUG -DUSE_HAL_DRIVER -DSTM32H750xx -c -I../Core/Inc -I../Drivers/STM32H7xx_HAL_Driver/Inc -I../Drivers/STM32H7xx_HAL_Driver/Inc/Legacy -I../Drivers/CMSIS/Device/ST/STM32H7xx/Include -I../Drivers/CMSIS/Include -I../Drivers/BSP/ST7735 -O0 -ffunction-sections -fdata-sections -Wall -fstack-usage -MMD -MP -MF"Drivers/STM32H7xx_HAL_Driver/Src/stm32h7xx_hal_dma.d" -MT"Drivers/STM32H7xx_HAL_Driver/Src/stm32h7xx_hal_dma.o" --specs=nano.specs -mfpu=fpv5-d16 -mfloat-abi=hard -mthumb -o "Drivers/STM32H7xx_HAL_Driver/Src/stm32h7xx_hal_dma.o"
arm-none-eabi-gcc "../Drivers/STM32H7xx_HAL_Driver/Src/stm32h7xx_hal_dma_ex.c" -mcpu=cortex-m7 -std=gnu11 -g3 -DDEBUG -DUSE_HAL_DRIVER -DSTM32H750xx -c -I../Core/Inc -I../Drivers/STM32H7xx_HAL_Driver/Inc -I../Drivers/STM32H7xx_HAL_Driver/Inc/Legacy -I../Drivers/CMSIS/Device/ST/STM32H7xx/Include -I../Drivers/CMSIS/Include -I../Drivers/BSP/ST7735 -O0 -ffunction-sections -fdata-sections -Wall -fstack-usage -MMD -MP -MF"Drivers/STM32H7xx_HAL_Driver/Src/stm32h7xx_hal_dma_ex.d" -MT"Drivers/STM32H7xx_HAL_Driver/Src/stm32h7xx_hal_dma_ex.o" --specs=nano.specs -mfpu=fpv5-d16 -mfloat-abi=hard -mthumb -o "Drivers/STM32H7xx_HAL_Driver/Src/stm32h7xx_hal_dma_ex.o"
arm-none-eabi-gcc "../Drivers/STM32H7xx_HAL_Driver/Src/stm32h7xx_hal_exti.c" -mcpu=cortex-m7 -std=gnu11 -g3 -DDEBUG -DUSE_HAL_DRIVER -DSTM32H750xx -c -I../Core/Inc -I../Drivers/STM32H7xx_HAL_Driver/Inc -I../Drivers/STM32H7xx_HAL_Driver/Inc/Legacy -I../Drivers/CMSIS/Device/ST/STM32H7xx/Include -I../Drivers/CMSIS/Include -I../Drivers/BSP/ST7735 -O0 -ffunction-sections -fdata-sections -Wall -fstack-usage -MMD -MP -MF"Drivers/STM32H7xx_HAL_Driver/Src/stm32h7xx_hal_exti.d" -MT"Drivers/STM32H7xx_HAL_Driver/Src/stm32h7xx_hal_exti.o" --specs=nano.specs -mfpu=fpv5-d16 -mfloat-abi=hard -mthumb -o "Drivers/STM32H7xx_HAL_Driver/Src/stm32h7xx_hal_exti.o"
arm-none-eabi-gcc "../Drivers/STM32H7xx_HAL_Driver/Src/stm32h7xx_hal_flash.c" -mcpu=cortex-m7 -std=gnu11 -g3 -DDEBUG -DUSE_HAL_DRIVER -DSTM32H750xx -c -I../Core/Inc -I../Drivers/STM32H7xx_HAL_Driver/Inc -I../Drivers/STM32H7xx_HAL_Driver/Inc/Legacy -I../Drivers/CMSIS/Device/ST/STM32H7xx/Include -I../Drivers/CMSIS/Include -I../Drivers/BSP/ST7735 -O0 -ffunction-sections -fdata-sections -Wall -fstack-usage -MMD -MP -MF"Drivers/STM32H7xx_HAL_Driver/Src/stm32h7xx_hal_flash.d" -MT"Drivers/STM32H7xx_HAL_Driver/Src/stm32h7xx_hal_flash.o" --specs=nano.specs -mfpu=fpv5-d16 -mfloat-abi=hard -mthumb -o "Drivers/STM32H7xx_HAL_Driver/Src/stm32h7xx_hal_flash.o"
arm-none-eabi-gcc "../Drivers/STM32H7xx_HAL_Driver/Src/stm32h7xx_hal_flash_ex.c" -mcpu=cortex-m7 -std=gnu11 -g3 -DDEBUG -DUSE_HAL_DRIVER -DSTM32H750xx -c -I../Core/Inc -I../Drivers/STM32H7xx_HAL_Driver/Inc -I../Drivers/STM32H7xx_HAL_Driver/Inc/Legacy -I../Drivers/CMSIS/Device/ST/STM32H7xx/Include -I../Drivers/CMSIS/Include -I../Drivers/BSP/ST7735 -O0 -ffunction-sections -fdata-sections -Wall -fstack-usage -MMD -MP -MF"Drivers/STM32H7xx_HAL_Driver/Src/stm32h7xx_hal_flash_ex.d" -MT"Drivers/STM32H7xx_HAL_Driver/Src/stm32h7xx_hal_flash_ex.o" --specs=nano.specs -mfpu=fpv5-d16 -mfloat-abi=hard -mthumb -o "Drivers/STM32H7xx_HAL_Driver/Src/stm32h7xx_hal_flash_ex.o"
arm-none-eabi-gcc "../Drivers/STM32H7xx_HAL_Driver/Src/stm32h7xx_hal_gpio.c" -mcpu=cortex-m7 -std=gnu11 -g3 -DDEBUG -DUSE_HAL_DRIVER -DSTM32H750xx -c -I../Core/Inc -I../Drivers/STM32H7xx_HAL_Driver/Inc -I../Drivers/STM32H7xx_HAL_Driver/Inc/Legacy -I../Drivers/CMSIS/Device/ST/STM32H7xx/Include -I../Drivers/CMSIS/Include -I../Drivers/BSP/ST7735 -O0 -ffunction-sections -fdata-sections -Wall -fstack-usage -MMD -MP -MF"Drivers/STM32H7xx_HAL_Driver/Src/stm32h7xx_hal_gpio.d" -MT"Drivers/STM32H7xx_HAL_Driver/Src/stm32h7xx_hal_gpio.o" --specs=nano.specs -mfpu=fpv5-d16 -mfloat-abi=hard -mthumb -o "Drivers/STM32H7xx_HAL_Driver/Src/stm32h7xx_hal_gpio.o"
arm-none-eabi-gcc "../Drivers/STM32H7xx_HAL_Driver/Src/stm32h7xx_hal_hsem.c" -mcpu=cortex-m7 -std=gnu11 -g3 -DDEBUG -DUSE_HAL_DRIVER -DSTM32H750xx -c -I../Core/Inc -I../Drivers/STM32H7xx_HAL_Driver/Inc -I../Drivers/STM32H7xx_HAL_Driver/Inc/Legacy -I../Drivers/CMSIS/Device/ST/STM32H7xx/Include -I../Drivers/CMSIS/Include -I../Drivers/BSP/ST7735 -O0 -ffunction-sections -fdata-sections -Wall -fstack-usage -MMD -MP -MF"Drivers/STM32H7xx_HAL_Driver/Src/stm32h7xx_hal_hsem.d" -MT"Drivers/STM32H7xx_HAL_Driver/Src/stm32h7xx_hal_hsem.o" --specs=nano.specs -mfpu=fpv5-d16 -mfloat-abi=hard -mthumb -o "Drivers/STM32H7xx_HAL_Driver/Src/stm32h7xx_hal_hsem.o"
arm-none-eabi-gcc "../Drivers/STM32H7xx_HAL_Driver/Src/stm32h7xx_hal_i2c.c" -mcpu=cortex-m7 -std=gnu11 -g3 -DDEBUG -DUSE_HAL_DRIVER -DSTM32H750xx -c -I../Core/Inc -I../Drivers/STM32H7xx_HAL_Driver/Inc -I../Drivers/STM32H7xx_HAL_Driver/Inc/Legacy -I../Drivers/CMSIS/Device/ST/STM32H7xx/Include -I../Drivers/CMSIS/Include -I../Drivers/BSP/ST7735 -O0 -ffunction-sections -fdata-sections -Wall -fstack-usage -MMD -MP -MF"Drivers/STM32H7xx_HAL_Driver/Src/stm32h7xx_hal_i2c.d" -MT"Drivers/STM32H7xx_HAL_Driver/Src/stm32h7xx_hal_i2c.o" --specs=nano.specs -mfpu=fpv5-d16 -mfloat-abi=hard -mthumb -o "Drivers/STM32H7xx_HAL_Driver/Src/stm32h7xx_hal_i2c.o"
arm-none-eabi-gcc "../Drivers/STM32H7xx_HAL_Driver/Src/stm32h7xx_hal_i2c_ex.c" -mcpu=cortex-m7 -std=gnu11 -g3 -DDEBUG -DUSE_HAL_DRIVER -DSTM32H750xx -c -I../Core/Inc -I../Drivers/STM32H7xx_HAL_Driver/Inc -I../Drivers/STM32H7xx_HAL_Driver/Inc/Legacy -I../Drivers/CMSIS/Device/ST/STM32H7xx/Include -I../Drivers/CMSIS/Include -I../Drivers/BSP/ST7735 -O0 -ffunction-sections -fdata-sections -Wall -fstack-usage -MMD -MP -MF"Drivers/STM32H7xx_HAL_Driver/Src/stm32h7xx_hal_i2c_ex.d" -MT"Drivers/STM32H7xx_HAL_Driver/Src/stm32h7xx_hal_i2c_ex.o" --specs=nano.specs -mfpu=fpv5-d16 -mfloat-abi=hard -mthumb -o "Drivers/STM32H7xx_HAL_Driver/Src/stm32h7xx_hal_i2c_ex.o"
arm-none-eabi-gcc "../Drivers/STM32H7xx_HAL_Driver/Src/stm32h7xx_hal_mdma.c" -mcpu=cortex-m7 -std=gnu11 -g3 -DDEBUG -DUSE_HAL_DRIVER -DSTM32H750xx -c -I../Core/Inc -I../Drivers/STM32H7xx_HAL_Driver/Inc -I../Drivers/STM32H7xx_HAL_Driver/Inc/Legacy -I../Drivers/CMSIS/Device/ST/STM32H7xx/Include -I../Drivers/CMSIS/Include -I../Drivers/BSP/ST7735 -O0 -ffunction-sections -fdata-sections -Wall -fstack-usage -MMD -MP -MF"Drivers/STM32H7xx_HAL_Driver/Src/stm32h7xx_hal_mdma.d" -MT"Drivers/STM32H7xx_HAL_Driver/Src/stm32h7xx_hal_mdma.o" --specs=nano.specs -mfpu=fpv5-d16 -mfloat-abi=hard -mthumb -o "Drivers/STM32H7xx_HAL_Driver/Src/stm32h7xx_hal_mdma.o"
arm-none-eabi-gcc "../Drivers/STM32H7xx_HAL_Driver/Src/stm32h7xx_hal_pwr.c" -mcpu=cortex-m7 -std=gnu11 -g3 -DDEBUG -DUSE_HAL_DRIVER -DSTM32H750xx -c -I../Core/Inc -I../Drivers/STM32H7xx_HAL_Driver/Inc -I../Drivers/STM32H7xx_HAL_Driver/Inc/Legacy -I../Drivers/CMSIS/Device/ST/STM32H7xx/Include -I../Drivers/CMSIS/Include -I../Drivers/BSP/ST7735 -O0 -ffunction-sections -fdata-sections -Wall -fstack-usage -MMD -MP -MF"Drivers/STM32H7xx_HAL_Driver/Src/stm32h7xx_hal_pwr.d" -MT"Drivers/STM32H7xx_HAL_Driver/Src/stm32h7xx_hal_pwr.o" --specs=nano.specs -mfpu=fpv5-d16 -mfloat-abi=hard -mthumb -o "Drivers/STM32H7xx_HAL_Driver/Src/stm32h7xx_hal_pwr.o"
arm-none-eabi-gcc "../Drivers/STM32H7xx_HAL_Driver/Src/stm32h7xx_hal_pwr_ex.c" -mcpu=cortex-m7 -std=gnu11 -g3 -DDEBUG -DUSE_HAL_DRIVER -DSTM32H750xx -c -I../Core/Inc -I../Drivers/STM32H7xx_HAL_Driver/Inc -I../Drivers/STM32H7xx_HAL_Driver/Inc/Legacy -I../Drivers/CMSIS/Device/ST/STM32H7xx/Include -I../Drivers/CMSIS/Include -I../Drivers/BSP/ST7735 -O0 -ffunction-sections -fdata-sections -Wall -fstack-usage -MMD -MP -MF"Drivers/STM32H7xx_HAL_Driver/Src/stm32h7xx_hal_pwr_ex.d" -MT"Drivers/STM32H7xx_HAL_Driver/Src/stm32h7xx_hal_pwr_ex.o" --specs=nano.specs -mfpu=fpv5-d16 -mfloat-abi=hard -mthumb -o "Drivers/STM32H7xx_HAL_Driver/Src/stm32h7xx_hal_pwr_ex.o"
arm-none-eabi-gcc "../Drivers/STM32H7xx_HAL_Driver/Src/stm32h7xx_hal_rcc.c" -mcpu=cortex-m7 -std=gnu11 -g3 -DDEBUG -DUSE_HAL_DRIVER -DSTM32H750xx -c -I../Core/Inc -I../Drivers/STM32H7xx_HAL_Driver/Inc -I../Drivers/STM32H7xx_HAL_Driver/Inc/Legacy -I../Drivers/CMSIS/Device/ST/STM32H7xx/Include -I../Drivers/CMSIS/Include -I../Drivers/BSP/ST7735 -O0 -ffunction-sections -fdata-sections -Wall -fstack-usage -MMD -MP -MF"Drivers/STM32H7xx_HAL_Driver/Src/stm32h7xx_hal_rcc.d" -MT"Drivers/STM32H7xx_HAL_Driver/Src/stm32h7xx_hal_rcc.o" --specs=nano.specs -mfpu=fpv5-d16 -mfloat-abi=hard -mthumb -o "Drivers/STM32H7xx_HAL_Driver/Src/stm32h7xx_hal_rcc.o"
arm-none-eabi-gcc "../Drivers/STM32H7xx_HAL_Driver/Src/stm32h7xx_hal_rcc_ex.c" -mcpu=cortex-m7 -std=gnu11 -g3 -DDEBUG -DUSE_HAL_DRIVER -DSTM32H750xx -c -I../Core/Inc -I../Drivers/STM32H7xx_HAL_Driver/Inc -I../Drivers/STM32H7xx_HAL_Driver/Inc/Legacy -I../Drivers/CMSIS/Device/ST/STM32H7xx/Include -I../Drivers/CMSIS/Include -I../Drivers/BSP/ST7735 -O0 -ffunction-sections -fdata-sections -Wall -fstack-usage -MMD -MP -MF"Drivers/STM32H7xx_HAL_Driver/Src/stm32h7xx_hal_rcc_ex.d" -MT"Drivers/STM32H7xx_HAL_Driver/Src/stm32h7xx_hal_rcc_ex.o" --specs=nano.specs -mfpu=fpv5-d16 -mfloat-abi=hard -mthumb -o "Drivers/STM32H7xx_HAL_Driver/Src/stm32h7xx_hal_rcc_ex.o"
arm-none-eabi-gcc "../Drivers/STM32H7xx_HAL_Driver/Src/stm32h7xx_hal_rtc.c" -mcpu=cortex-m7 -std=gnu11 -g3 -DDEBUG -DUSE_HAL_DRIVER -DSTM32H750xx -c -I../Core/Inc -I../Drivers/STM32H7xx_HAL_Driver/Inc -I../Drivers/STM32H7xx_HAL_Driver/Inc/Legacy -I../Drivers/CMSIS/Device/ST/STM32H7xx/Include -I../Drivers/CMSIS/Include -I../Drivers/BSP/ST7735 -O0 -ffunction-sections -fdata-sections -Wall -fstack-usage -MMD -MP -MF"Drivers/STM32H7xx_HAL_Driver/Src/stm32h7xx_hal_rtc.d" -MT"Drivers/STM32H7xx_HAL_Driver/Src/stm32h7xx_hal_rtc.o" --specs=nano.specs -mfpu=fpv5-d16 -mfloat-abi=hard -mthumb -o "Drivers/STM32H7xx_HAL_Driver/Src/stm32h7xx_hal_rtc.o"
arm-none-eabi-gcc "../Drivers/STM32H7xx_HAL_Driver/Src/stm32h7xx_hal_rtc_ex.c" -mcpu=cortex-m7 -std=gnu11 -g3 -DDEBUG -DUSE_HAL_DRIVER -DSTM32H750xx -c -I../Core/Inc -I../Drivers/STM32H7xx_HAL_Driver/Inc -I../Drivers/STM32H7xx_HAL_Driver/Inc/Legacy -I../Drivers/CMSIS/Device/ST/STM32H7xx/Include -I../Drivers/CMSIS/Include -I../Drivers/BSP/ST7735 -O0 -ffunction-sections -fdata-sections -Wall -fstack-usage -MMD -MP -MF"Drivers/STM32H7xx_HAL_Driver/Src/stm32h7xx_hal_rtc_ex.d" -MT"Drivers/STM32H7xx_HAL_Driver/Src/stm32h7xx_hal_rtc_ex.o" --specs=nano.specs -mfpu=fpv5-d16 -mfloat-abi=hard -mthumb -o "Drivers/STM32H7xx_HAL_Driver/Src/stm32h7xx_hal_rtc_ex.o"
arm-none-eabi-gcc "../Drivers/STM32H7xx_HAL_Driver/Src/stm32h7xx_hal_spi.c" -mcpu=cortex-m7 -std=gnu11 -g3 -DDEBUG -DUSE_HAL_DRIVER -DSTM32H750xx -c -I../Core/Inc -I../Drivers/STM32H7xx_HAL_Driver/Inc -I../Drivers/STM32H7xx_HAL_Driver/Inc/Legacy -I../Drivers/CMSIS/Device/ST/STM32H7xx/Include -I../Drivers/CMSIS/Include -I../Drivers/BSP/ST7735 -O0 -ffunction-sections -fdata-sections -Wall -fstack-usage -MMD -MP -MF"Drivers/STM32H7xx_HAL_Driver/Src/stm32h7xx_hal_spi.d" -MT"Drivers/STM32H7xx_HAL_Driver/Src/stm32h7xx_hal_spi.o" --specs=nano.specs -mfpu=fpv5-d16 -mfloat-abi=hard -mthumb -o "Drivers/STM32H7xx_HAL_Driver/Src/stm32h7xx_hal_spi.o"
arm-none-eabi-gcc "../Drivers/STM32H7xx_HAL_Driver/Src/stm32h7xx_hal_spi_ex.c" -mcpu=cortex-m7 -std=gnu11 -g3 -DDEBUG -DUSE_HAL_DRIVER -DSTM32H750xx -c -I../Core/Inc -I../Drivers/STM32H7xx_HAL_Driver/Inc -I../Drivers/STM32H7xx_HAL_Driver/Inc/Legacy -I../Drivers/CMSIS/Device/ST/STM32H7xx/Include -I../Drivers/CMSIS/Include -I../Drivers/BSP/ST7735 -O0 -ffunction-sections -fdata-sections -Wall -fstack-usage -MMD -MP -MF"Drivers/STM32H7xx_HAL_Driver/Src/stm32h7xx_hal_spi_ex.d" -MT"Drivers/STM32H7xx_HAL_Driver/Src/stm32h7xx_hal_spi_ex.o" --specs=nano.specs -mfpu=fpv5-d16 -mfloat-abi=hard -mthumb -o "Drivers/STM32H7xx_HAL_Driver/Src/stm32h7xx_hal_spi_ex.o"
arm-none-eabi-gcc "../Drivers/STM32H7xx_HAL_Driver/Src/stm32h7xx_hal_tim.c" -mcpu=cortex-m7 -std=gnu11 -g3 -DDEBUG -DUSE_HAL_DRIVER -DSTM32H750xx -c -I../Core/Inc -I../Drivers/STM32H7xx_HAL_Driver/Inc -I../Drivers/STM32H7xx_HAL_Driver/Inc/Legacy -I../Drivers/CMSIS/Device/ST/STM32H7xx/Include -I../Drivers/CMSIS/Include -I../Drivers/BSP/ST7735 -O0 -ffunction-sections -fdata-sections -Wall -fstack-usage -MMD -MP -MF"Drivers/STM32H7xx_HAL_Driver/Src/stm32h7xx_hal_tim.d" -MT"Drivers/STM32H7xx_HAL_Driver/Src/stm32h7xx_hal_tim.o" --specs=nano.specs -mfpu=fpv5-d16 -mfloat-abi=hard -mthumb -o "Drivers/STM32H7xx_HAL_Driver/Src/stm32h7xx_hal_tim.o"
arm-none-eabi-gcc "../Drivers/STM32H7xx_HAL_Driver/Src/stm32h7xx_hal_tim_ex.c" -mcpu=cortex-m7 -std=gnu11 -g3 -DDEBUG -DUSE_HAL_DRIVER -DSTM32H750xx -c -I../Core/Inc -I../Drivers/STM32H7xx_HAL_Driver/Inc -I../Drivers/STM32H7xx_HAL_Driver/Inc/Legacy -I../Drivers/CMSIS/Device/ST/STM32H7xx/Include -I../Drivers/CMSIS/Include -I../Drivers/BSP/ST7735 -O0 -ffunction-sections -fdata-sections -Wall -fstack-usage -MMD -MP -MF"Drivers/STM32H7xx_HAL_Driver/Src/stm32h7xx_hal_tim_ex.d" -MT"Drivers/STM32H7xx_HAL_Driver/Src/stm32h7xx_hal_tim_ex.o" --specs=nano.specs -mfpu=fpv5-d16 -mfloat-abi=hard -mthumb -o "Drivers/STM32H7xx_HAL_Driver/Src/stm32h7xx_hal_tim_ex.o"
arm-none-eabi-gcc "../Drivers/BSP/ST7735/lcd.c" -mcpu=cortex-m7 -std=gnu11 -g3 -DDEBUG -DUSE_HAL_DRIVER -DSTM32H750xx -c -I../Core/Inc -I../Drivers/STM32H7xx_HAL_Driver/Inc -I../Drivers/STM32H7xx_HAL_Driver/Inc/Legacy -I../Drivers/CMSIS/Device/ST/STM32H7xx/Include -I../Drivers/CMSIS/Include -I../Drivers/BSP/ST7735 -O0 -ffunction-sections -fdata-sections -Wall -fstack-usage -MMD -MP -MF"Drivers/BSP/ST7735/lcd.d" -MT"Drivers/BSP/ST7735/lcd.o" --specs=nano.specs -mfpu=fpv5-d16 -mfloat-abi=hard -mthumb -o "Drivers/BSP/ST7735/lcd.o"
arm-none-eabi-gcc "../Drivers/BSP/ST7735/logo_128_160.c" -mcpu=cortex-m7 -std=gnu11 -g3 -DDEBUG -DUSE_HAL_DRIVER -DSTM32H750xx -c -I../Core/Inc -I../Drivers/STM32H7xx_HAL_Driver/Inc -I../Drivers/STM32H7xx_HAL_Driver/Inc/Legacy -I../Drivers/CMSIS/Device/ST/STM32H7xx/Include -I../Drivers/CMSIS/Include -I../Drivers/BSP/ST7735 -O0 -ffunction-sections -fdata-sections -Wall -fstack-usage -MMD -MP -MF"Drivers/BSP/ST7735/logo_128_160.d" -MT"Drivers/BSP/ST7735/logo_128_160.o" --specs=nano.specs -mfpu=fpv5-d16 -mfloat-abi=hard -mthumb -o "Drivers/BSP/ST7735/logo_128_160.o"
../Drivers/BSP/ST7735/lcd.c:38:2: warning: initialization of 'short unsigned int' from 'void *' makes integer from pointer without a cast [-Wint-conversion]
   38 |  NULL,
      |  ^~~~
../Drivers/BSP/ST7735/lcd.c:38:2: note: (near initialization for 'st7735_pIO.Address')
../Drivers/BSP/ST7735/lcd.c: In function 'LCD_Test':
../Drivers/BSP/ST7735/lcd.c:89:31: warning: format '%d' expects argument of type 'int', but argument 3 has type 'long unsigned int' [-Wformat=]
   89 |    sprintf((char *)&text, "%03d", (get_tick() - tick - 1000) / 10);
      |                            ~~~^   ~~~~~~~~~~~~~~~~~~~~~~~~~~~~~~~
      |                               |                              |
      |                               int                            long unsigned int
      |                            %03ld
../Drivers/BSP/ST7735/lcd.c:106:39: warning: format '%X' expects argument of type 'unsigned int', but argument 3 has type 'uint32_t' {aka 'long unsigned int'} [-Wformat=]
  106 |  sprintf((char *)&text, "STM32H7xx 0x%X", HAL_GetDEVID());
      |                                      ~^   ~~~~~~~~~~~~~~
      |                                       |   |
      |                                       |   uint32_t {aka long unsigned int}
      |                                       unsigned int
      |                                      %lX
../Drivers/BSP/ST7735/lcd.c:108:36: warning: format '%X' expects argument of type 'unsigned int', but argument 3 has type 'uint32_t' {aka 'long unsigned int'} [-Wformat=]
  108 |  sprintf((char *)&text, "LCD ID:0x%X", st7735_id);
      |                                   ~^   ~~~~~~~~~
      |                                    |   |
      |                                    |   uint32_t {aka long unsigned int}
      |                                    unsigned int
      |                                   %lX
arm-none-eabi-gcc "../Drivers/BSP/ST7735/logo_160_80.c" -mcpu=cortex-m7 -std=gnu11 -g3 -DDEBUG -DUSE_HAL_DRIVER -DSTM32H750xx -c -I../Core/Inc -I../Drivers/STM32H7xx_HAL_Driver/Inc -I../Drivers/STM32H7xx_HAL_Driver/Inc/Legacy -I../Drivers/CMSIS/Device/ST/STM32H7xx/Include -I../Drivers/CMSIS/Include -I../Drivers/BSP/ST7735 -O0 -ffunction-sections -fdata-sections -Wall -fstack-usage -MMD -MP -MF"Drivers/BSP/ST7735/logo_160_80.d" -MT"Drivers/BSP/ST7735/logo_160_80.o" --specs=nano.specs -mfpu=fpv5-d16 -mfloat-abi=hard -mthumb -o "Drivers/BSP/ST7735/logo_160_80.o"
arm-none-eabi-gcc "../Drivers/BSP/ST7735/st7735.c" -mcpu=cortex-m7 -std=gnu11 -g3 -DDEBUG -DUSE_HAL_DRIVER -DSTM32H750xx -c -I../Core/Inc -I../Drivers/STM32H7xx_HAL_Driver/Inc -I../Drivers/STM32H7xx_HAL_Driver/Inc/Legacy -I../Drivers/CMSIS/Device/ST/STM32H7xx/Include -I../Drivers/CMSIS/Include -I../Drivers/BSP/ST7735 -O0 -ffunction-sections -fdata-sections -Wall -fstack-usage -MMD -MP -MF"Drivers/BSP/ST7735/st7735.d" -MT"Drivers/BSP/ST7735/st7735.o" --specs=nano.specs -mfpu=fpv5-d16 -mfloat-abi=hard -mthumb -o "Drivers/BSP/ST7735/st7735.o"
arm-none-eabi-gcc "../Drivers/BSP/ST7735/st7735_reg.c" -mcpu=cortex-m7 -std=gnu11 -g3 -DDEBUG -DUSE_HAL_DRIVER -DSTM32H750xx -c -I../Core/Inc -I../Drivers/STM32H7xx_HAL_Driver/Inc -I../Drivers/STM32H7xx_HAL_Driver/Inc/Legacy -I../Drivers/CMSIS/Device/ST/STM32H7xx/Include -I../Drivers/CMSIS/Include -I../Drivers/BSP/ST7735 -O0 -ffunction-sections -fdata-sections -Wall -fstack-usage -MMD -MP -MF"Drivers/BSP/ST7735/st7735_reg.d" -MT"Drivers/BSP/ST7735/st7735_reg.o" --specs=nano.specs -mfpu=fpv5-d16 -mfloat-abi=hard -mthumb -o "Drivers/BSP/ST7735/st7735_reg.o"
arm-none-eabi-gcc -mcpu=cortex-m7 -g3 -DDEBUG -c -x assembler-with-cpp -MMD -MP -MF"Core/Startup/startup_stm32h750vbtx.d" -MT"Core/Startup/startup_stm32h750vbtx.o" --specs=nano.specs -mfpu=fpv5-d16 -mfloat-abi=hard -mthumb -o "Core/Startup/startup_stm32h750vbtx.o" "../Core/Startup/startup_stm32h750vbtx.s"
arm-none-eabi-gcc "../Core/Src/gpio.c" -mcpu=cortex-m7 -std=gnu11 -g3 -DDEBUG -DUSE_HAL_DRIVER -DSTM32H750xx -c -I../Core/Inc -I../Drivers/STM32H7xx_HAL_Driver/Inc -I../Drivers/STM32H7xx_HAL_Driver/Inc/Legacy -I../Drivers/CMSIS/Device/ST/STM32H7xx/Include -I../Drivers/CMSIS/Include -I../Drivers/BSP/ST7735 -O0 -ffunction-sections -fdata-sections -Wall -fstack-usage -MMD -MP -MF"Core/Src/gpio.d" -MT"Core/Src/gpio.o" --specs=nano.specs -mfpu=fpv5-d16 -mfloat-abi=hard -mthumb -o "Core/Src/gpio.o"
arm-none-eabi-gcc "../Core/Src/main.c" -mcpu=cortex-m7 -std=gnu11 -g3 -DDEBUG -DUSE_HAL_DRIVER -DSTM32H750xx -c -I../Core/Inc -I../Drivers/STM32H7xx_HAL_Driver/Inc -I../Drivers/STM32H7xx_HAL_Driver/Inc/Legacy -I../Drivers/CMSIS/Device/ST/STM32H7xx/Include -I../Drivers/CMSIS/Include -I../Drivers/BSP/ST7735 -O0 -ffunction-sections -fdata-sections -Wall -fstack-usage -MMD -MP -MF"Core/Src/main.d" -MT"Core/Src/main.o" --specs=nano.specs -mfpu=fpv5-d16 -mfloat-abi=hard -mthumb -o "Core/Src/main.o"
arm-none-eabi-gcc "../Core/Src/rtc.c" -mcpu=cortex-m7 -std=gnu11 -g3 -DDEBUG -DUSE_HAL_DRIVER -DSTM32H750xx -c -I../Core/Inc -I../Drivers/STM32H7xx_HAL_Driver/Inc -I../Drivers/STM32H7xx_HAL_Driver/Inc/Legacy -I../Drivers/CMSIS/Device/ST/STM32H7xx/Include -I../Drivers/CMSIS/Include -I../Drivers/BSP/ST7735 -O0 -ffunction-sections -fdata-sections -Wall -fstack-usage -MMD -MP -MF"Core/Src/rtc.d" -MT"Core/Src/rtc.o" --specs=nano.specs -mfpu=fpv5-d16 -mfloat-abi=hard -mthumb -o "Core/Src/rtc.o"
arm-none-eabi-gcc "../Core/Src/spi.c" -mcpu=cortex-m7 -std=gnu11 -g3 -DDEBUG -DUSE_HAL_DRIVER -DSTM32H750xx -c -I../Core/Inc -I../Drivers/STM32H7xx_HAL_Driver/Inc -I../Drivers/STM32H7xx_HAL_Driver/Inc/Legacy -I../Drivers/CMSIS/Device/ST/STM32H7xx/Include -I../Drivers/CMSIS/Include -I../Drivers/BSP/ST7735 -O0 -ffunction-sections -fdata-sections -Wall -fstack-usage -MMD -MP -MF"Core/Src/spi.d" -MT"Core/Src/spi.o" --specs=nano.specs -mfpu=fpv5-d16 -mfloat-abi=hard -mthumb -o "Core/Src/spi.o"
../Core/Src/main.c: In function 'main':
../Core/Src/main.c:197:35: warning: format '%d' expects argument of type 'int', but argument 3 has type 'uint32_t' {aka 'long unsigned int'} [-Wformat=]
  197 |   sprintf((char *)&text,"Parker: %d ms",HAL_GetTick());
      |                                  ~^     ~~~~~~~~~~~~~
      |                                   |     |
      |                                   int   uint32_t {aka long unsigned int}
      |                                  %ld
../Core/Src/main.c:181:18: warning: unused variable 'stimestructureget' [-Wunused-variable]
  181 |  RTC_TimeTypeDef stimestructureget;
      |                  ^~~~~~~~~~~~~~~~~
../Core/Src/main.c:180:18: warning: unused variable 'sdatestructureget' [-Wunused-variable]
  180 |  RTC_DateTypeDef sdatestructureget;
      |                  ^~~~~~~~~~~~~~~~~
At top level:
../Core/Src/main.c:122:13: warning: 'RTC_CalendarShow' defined but not used [-Wunused-function]
  122 | static void RTC_CalendarShow(RTC_DateTypeDef *sdatestructureget,RTC_TimeTypeDef *stimestructureget)
      |             ^~~~~~~~~~~~~~~~
arm-none-eabi-gcc "../Core/Src/stm32h7xx_hal_msp.c" -mcpu=cortex-m7 -std=gnu11 -g3 -DDEBUG -DUSE_HAL_DRIVER -DSTM32H750xx -c -I../Core/Inc -I../Drivers/STM32H7xx_HAL_Driver/Inc -I../Drivers/STM32H7xx_HAL_Driver/Inc/Legacy -I../Drivers/CMSIS/Device/ST/STM32H7xx/Include -I../Drivers/CMSIS/Include -I../Drivers/BSP/ST7735 -O0 -ffunction-sections -fdata-sections -Wall -fstack-usage -MMD -MP -MF"Core/Src/stm32h7xx_hal_msp.d" -MT"Core/Src/stm32h7xx_hal_msp.o" --specs=nano.specs -mfpu=fpv5-d16 -mfloat-abi=hard -mthumb -o "Core/Src/stm32h7xx_hal_msp.o"
arm-none-eabi-gcc "../Core/Src/stm32h7xx_it.c" -mcpu=cortex-m7 -std=gnu11 -g3 -DDEBUG -DUSE_HAL_DRIVER -DSTM32H750xx -c -I../Core/Inc -I../Drivers/STM32H7xx_HAL_Driver/Inc -I../Drivers/STM32H7xx_HAL_Driver/Inc/Legacy -I../Drivers/CMSIS/Device/ST/STM32H7xx/Include -I../Drivers/CMSIS/Include -I../Drivers/BSP/ST7735 -O0 -ffunction-sections -fdata-sections -Wall -fstack-usage -MMD -MP -MF"Core/Src/stm32h7xx_it.d" -MT"Core/Src/stm32h7xx_it.o" --specs=nano.specs -mfpu=fpv5-d16 -mfloat-abi=hard -mthumb -o "Core/Src/stm32h7xx_it.o"
arm-none-eabi-gcc "../Core/Src/syscalls.c" -mcpu=cortex-m7 -std=gnu11 -g3 -DDEBUG -DUSE_HAL_DRIVER -DSTM32H750xx -c -I../Core/Inc -I../Drivers/STM32H7xx_HAL_Driver/Inc -I../Drivers/STM32H7xx_HAL_Driver/Inc/Legacy -I../Drivers/CMSIS/Device/ST/STM32H7xx/Include -I../Drivers/CMSIS/Include -I../Drivers/BSP/ST7735 -O0 -ffunction-sections -fdata-sections -Wall -fstack-usage -MMD -MP -MF"Core/Src/syscalls.d" -MT"Core/Src/syscalls.o" --specs=nano.specs -mfpu=fpv5-d16 -mfloat-abi=hard -mthumb -o "Core/Src/syscalls.o"
arm-none-eabi-gcc "../Core/Src/sysmem.c" -mcpu=cortex-m7 -std=gnu11 -g3 -DDEBUG -DUSE_HAL_DRIVER -DSTM32H750xx -c -I../Core/Inc -I../Drivers/STM32H7xx_HAL_Driver/Inc -I../Drivers/STM32H7xx_HAL_Driver/Inc/Legacy -I../Drivers/CMSIS/Device/ST/STM32H7xx/Include -I../Drivers/CMSIS/Include -I../Drivers/BSP/ST7735 -O0 -ffunction-sections -fdata-sections -Wall -fstack-usage -MMD -MP -MF"Core/Src/sysmem.d" -MT"Core/Src/sysmem.o" --specs=nano.specs -mfpu=fpv5-d16 -mfloat-abi=hard -mthumb -o "Core/Src/sysmem.o"
arm-none-eabi-gcc "../Core/Src/system_stm32h7xx.c" -mcpu=cortex-m7 -std=gnu11 -g3 -DDEBUG -DUSE_HAL_DRIVER -DSTM32H750xx -c -I../Core/Inc -I../Drivers/STM32H7xx_HAL_Driver/Inc -I../Drivers/STM32H7xx_HAL_Driver/Inc/Legacy -I../Drivers/CMSIS/Device/ST/STM32H7xx/Include -I../Drivers/CMSIS/Include -I../Drivers/BSP/ST7735 -O0 -ffunction-sections -fdata-sections -Wall -fstack-usage -MMD -MP -MF"Core/Src/system_stm32h7xx.d" -MT"Core/Src/system_stm32h7xx.o" --specs=nano.specs -mfpu=fpv5-d16 -mfloat-abi=hard -mthumb -o "Core/Src/system_stm32h7xx.o"
arm-none-eabi-gcc "../Core/Src/tim.c" -mcpu=cortex-m7 -std=gnu11 -g3 -DDEBUG -DUSE_HAL_DRIVER -DSTM32H750xx -c -I../Core/Inc -I../Drivers/STM32H7xx_HAL_Driver/Inc -I../Drivers/STM32H7xx_HAL_Driver/Inc/Legacy -I../Drivers/CMSIS/Device/ST/STM32H7xx/Include -I../Drivers/CMSIS/Include -I../Drivers/BSP/ST7735 -O0 -ffunction-sections -fdata-sections -Wall -fstack-usage -MMD -MP -MF"Core/Src/tim.d" -MT"Core/Src/tim.o" --specs=nano.specs -mfpu=fpv5-d16 -mfloat-abi=hard -mthumb -o "Core/Src/tim.o"
arm-none-eabi-gcc -o "PedalToTheMedal.elf" @"objects.list"   -mcpu=cortex-m7 -T"C:\Users\ParkerPC\Desktop\repos\PedalToTheMedal\workspace\PedalToTheMedal\STM32H750VBTX_FLASH.ld" --specs=nosys.specs -Wl,-Map="PedalToTheMedal.map" -Wl,--gc-sections -static --specs=nano.specs -mfpu=fpv5-d16 -mfloat-abi=hard -mthumb -Wl,--start-group -lc -lm -Wl,--end-group
Finished building target: PedalToTheMedal.elf
 
arm-none-eabi-size   PedalToTheMedal.elf 
arm-none-eabi-objdump -h -S  PedalToTheMedal.elf  > "PedalToTheMedal.list"
arm-none-eabi-objcopy  -O binary  PedalToTheMedal.elf  "PedalToTheMedal.bin"
   text	   data	    bss	    dec	    hex	filename
  62272	    268	   3204	  65744	  100d0	PedalToTheMedal.elf
Finished building: default.size.stdout
 
Finished building: PedalToTheMedal.bin
 
Finished building: PedalToTheMedal.list
 
09:58:02 **** Incremental Build of configuration Debug for project PedalToTheMedal ****
make -j4 all 
arm-none-eabi-size   PedalToTheMedal.elf 
   text	   data	    bss	    dec	    hex	filename
  62272	    268	   3204	  65744	  100d0	PedalToTheMedal.elf
Finished building: default.size.stdout
 
10:00:01 **** Incremental Build of configuration Debug for project PedalToTheMedal ****
make -j4 all 
arm-none-eabi-size   PedalToTheMedal.elf 
   text	   data	    bss	    dec	    hex	filename
  62272	    268	   3204	  65744	  100d0	PedalToTheMedal.elf
Finished building: default.size.stdout
 
10:20:18 **** Incremental Build of configuration Debug for project PedalToTheMedal ****
make -j4 all 
arm-none-eabi-gcc "../Drivers/STM32H7xx_HAL_Driver/Src/stm32h7xx_hal.c" -mcpu=cortex-m7 -std=gnu11 -g3 -DDEBUG -DUSE_HAL_DRIVER -DSTM32H750xx -c -I../Core/Inc -I../Drivers/STM32H7xx_HAL_Driver/Inc -I../Drivers/STM32H7xx_HAL_Driver/Inc/Legacy -I../Drivers/CMSIS/Device/ST/STM32H7xx/Include -I../Drivers/CMSIS/Include -I../Drivers/BSP/ST7735 -O0 -ffunction-sections -fdata-sections -Wall -fstack-usage -MMD -MP -MF"Drivers/STM32H7xx_HAL_Driver/Src/stm32h7xx_hal.d" -MT"Drivers/STM32H7xx_HAL_Driver/Src/stm32h7xx_hal.o" --specs=nano.specs -mfpu=fpv5-d16 -mfloat-abi=hard -mthumb -o "Drivers/STM32H7xx_HAL_Driver/Src/stm32h7xx_hal.o"
arm-none-eabi-gcc "../Drivers/STM32H7xx_HAL_Driver/Src/stm32h7xx_hal_cortex.c" -mcpu=cortex-m7 -std=gnu11 -g3 -DDEBUG -DUSE_HAL_DRIVER -DSTM32H750xx -c -I../Core/Inc -I../Drivers/STM32H7xx_HAL_Driver/Inc -I../Drivers/STM32H7xx_HAL_Driver/Inc/Legacy -I../Drivers/CMSIS/Device/ST/STM32H7xx/Include -I../Drivers/CMSIS/Include -I../Drivers/BSP/ST7735 -O0 -ffunction-sections -fdata-sections -Wall -fstack-usage -MMD -MP -MF"Drivers/STM32H7xx_HAL_Driver/Src/stm32h7xx_hal_cortex.d" -MT"Drivers/STM32H7xx_HAL_Driver/Src/stm32h7xx_hal_cortex.o" --specs=nano.specs -mfpu=fpv5-d16 -mfloat-abi=hard -mthumb -o "Drivers/STM32H7xx_HAL_Driver/Src/stm32h7xx_hal_cortex.o"
arm-none-eabi-gcc "../Drivers/STM32H7xx_HAL_Driver/Src/stm32h7xx_hal_dma.c" -mcpu=cortex-m7 -std=gnu11 -g3 -DDEBUG -DUSE_HAL_DRIVER -DSTM32H750xx -c -I../Core/Inc -I../Drivers/STM32H7xx_HAL_Driver/Inc -I../Drivers/STM32H7xx_HAL_Driver/Inc/Legacy -I../Drivers/CMSIS/Device/ST/STM32H7xx/Include -I../Drivers/CMSIS/Include -I../Drivers/BSP/ST7735 -O0 -ffunction-sections -fdata-sections -Wall -fstack-usage -MMD -MP -MF"Drivers/STM32H7xx_HAL_Driver/Src/stm32h7xx_hal_dma.d" -MT"Drivers/STM32H7xx_HAL_Driver/Src/stm32h7xx_hal_dma.o" --specs=nano.specs -mfpu=fpv5-d16 -mfloat-abi=hard -mthumb -o "Drivers/STM32H7xx_HAL_Driver/Src/stm32h7xx_hal_dma.o"
arm-none-eabi-gcc "../Drivers/STM32H7xx_HAL_Driver/Src/stm32h7xx_hal_dma_ex.c" -mcpu=cortex-m7 -std=gnu11 -g3 -DDEBUG -DUSE_HAL_DRIVER -DSTM32H750xx -c -I../Core/Inc -I../Drivers/STM32H7xx_HAL_Driver/Inc -I../Drivers/STM32H7xx_HAL_Driver/Inc/Legacy -I../Drivers/CMSIS/Device/ST/STM32H7xx/Include -I../Drivers/CMSIS/Include -I../Drivers/BSP/ST7735 -O0 -ffunction-sections -fdata-sections -Wall -fstack-usage -MMD -MP -MF"Drivers/STM32H7xx_HAL_Driver/Src/stm32h7xx_hal_dma_ex.d" -MT"Drivers/STM32H7xx_HAL_Driver/Src/stm32h7xx_hal_dma_ex.o" --specs=nano.specs -mfpu=fpv5-d16 -mfloat-abi=hard -mthumb -o "Drivers/STM32H7xx_HAL_Driver/Src/stm32h7xx_hal_dma_ex.o"
arm-none-eabi-gcc "../Drivers/STM32H7xx_HAL_Driver/Src/stm32h7xx_hal_exti.c" -mcpu=cortex-m7 -std=gnu11 -g3 -DDEBUG -DUSE_HAL_DRIVER -DSTM32H750xx -c -I../Core/Inc -I../Drivers/STM32H7xx_HAL_Driver/Inc -I../Drivers/STM32H7xx_HAL_Driver/Inc/Legacy -I../Drivers/CMSIS/Device/ST/STM32H7xx/Include -I../Drivers/CMSIS/Include -I../Drivers/BSP/ST7735 -O0 -ffunction-sections -fdata-sections -Wall -fstack-usage -MMD -MP -MF"Drivers/STM32H7xx_HAL_Driver/Src/stm32h7xx_hal_exti.d" -MT"Drivers/STM32H7xx_HAL_Driver/Src/stm32h7xx_hal_exti.o" --specs=nano.specs -mfpu=fpv5-d16 -mfloat-abi=hard -mthumb -o "Drivers/STM32H7xx_HAL_Driver/Src/stm32h7xx_hal_exti.o"
arm-none-eabi-gcc "../Drivers/STM32H7xx_HAL_Driver/Src/stm32h7xx_hal_flash.c" -mcpu=cortex-m7 -std=gnu11 -g3 -DDEBUG -DUSE_HAL_DRIVER -DSTM32H750xx -c -I../Core/Inc -I../Drivers/STM32H7xx_HAL_Driver/Inc -I../Drivers/STM32H7xx_HAL_Driver/Inc/Legacy -I../Drivers/CMSIS/Device/ST/STM32H7xx/Include -I../Drivers/CMSIS/Include -I../Drivers/BSP/ST7735 -O0 -ffunction-sections -fdata-sections -Wall -fstack-usage -MMD -MP -MF"Drivers/STM32H7xx_HAL_Driver/Src/stm32h7xx_hal_flash.d" -MT"Drivers/STM32H7xx_HAL_Driver/Src/stm32h7xx_hal_flash.o" --specs=nano.specs -mfpu=fpv5-d16 -mfloat-abi=hard -mthumb -o "Drivers/STM32H7xx_HAL_Driver/Src/stm32h7xx_hal_flash.o"
arm-none-eabi-gcc "../Drivers/STM32H7xx_HAL_Driver/Src/stm32h7xx_hal_flash_ex.c" -mcpu=cortex-m7 -std=gnu11 -g3 -DDEBUG -DUSE_HAL_DRIVER -DSTM32H750xx -c -I../Core/Inc -I../Drivers/STM32H7xx_HAL_Driver/Inc -I../Drivers/STM32H7xx_HAL_Driver/Inc/Legacy -I../Drivers/CMSIS/Device/ST/STM32H7xx/Include -I../Drivers/CMSIS/Include -I../Drivers/BSP/ST7735 -O0 -ffunction-sections -fdata-sections -Wall -fstack-usage -MMD -MP -MF"Drivers/STM32H7xx_HAL_Driver/Src/stm32h7xx_hal_flash_ex.d" -MT"Drivers/STM32H7xx_HAL_Driver/Src/stm32h7xx_hal_flash_ex.o" --specs=nano.specs -mfpu=fpv5-d16 -mfloat-abi=hard -mthumb -o "Drivers/STM32H7xx_HAL_Driver/Src/stm32h7xx_hal_flash_ex.o"
arm-none-eabi-gcc "../Drivers/STM32H7xx_HAL_Driver/Src/stm32h7xx_hal_gpio.c" -mcpu=cortex-m7 -std=gnu11 -g3 -DDEBUG -DUSE_HAL_DRIVER -DSTM32H750xx -c -I../Core/Inc -I../Drivers/STM32H7xx_HAL_Driver/Inc -I../Drivers/STM32H7xx_HAL_Driver/Inc/Legacy -I../Drivers/CMSIS/Device/ST/STM32H7xx/Include -I../Drivers/CMSIS/Include -I../Drivers/BSP/ST7735 -O0 -ffunction-sections -fdata-sections -Wall -fstack-usage -MMD -MP -MF"Drivers/STM32H7xx_HAL_Driver/Src/stm32h7xx_hal_gpio.d" -MT"Drivers/STM32H7xx_HAL_Driver/Src/stm32h7xx_hal_gpio.o" --specs=nano.specs -mfpu=fpv5-d16 -mfloat-abi=hard -mthumb -o "Drivers/STM32H7xx_HAL_Driver/Src/stm32h7xx_hal_gpio.o"
arm-none-eabi-gcc "../Drivers/STM32H7xx_HAL_Driver/Src/stm32h7xx_hal_hsem.c" -mcpu=cortex-m7 -std=gnu11 -g3 -DDEBUG -DUSE_HAL_DRIVER -DSTM32H750xx -c -I../Core/Inc -I../Drivers/STM32H7xx_HAL_Driver/Inc -I../Drivers/STM32H7xx_HAL_Driver/Inc/Legacy -I../Drivers/CMSIS/Device/ST/STM32H7xx/Include -I../Drivers/CMSIS/Include -I../Drivers/BSP/ST7735 -O0 -ffunction-sections -fdata-sections -Wall -fstack-usage -MMD -MP -MF"Drivers/STM32H7xx_HAL_Driver/Src/stm32h7xx_hal_hsem.d" -MT"Drivers/STM32H7xx_HAL_Driver/Src/stm32h7xx_hal_hsem.o" --specs=nano.specs -mfpu=fpv5-d16 -mfloat-abi=hard -mthumb -o "Drivers/STM32H7xx_HAL_Driver/Src/stm32h7xx_hal_hsem.o"
arm-none-eabi-gcc "../Drivers/STM32H7xx_HAL_Driver/Src/stm32h7xx_hal_i2c.c" -mcpu=cortex-m7 -std=gnu11 -g3 -DDEBUG -DUSE_HAL_DRIVER -DSTM32H750xx -c -I../Core/Inc -I../Drivers/STM32H7xx_HAL_Driver/Inc -I../Drivers/STM32H7xx_HAL_Driver/Inc/Legacy -I../Drivers/CMSIS/Device/ST/STM32H7xx/Include -I../Drivers/CMSIS/Include -I../Drivers/BSP/ST7735 -O0 -ffunction-sections -fdata-sections -Wall -fstack-usage -MMD -MP -MF"Drivers/STM32H7xx_HAL_Driver/Src/stm32h7xx_hal_i2c.d" -MT"Drivers/STM32H7xx_HAL_Driver/Src/stm32h7xx_hal_i2c.o" --specs=nano.specs -mfpu=fpv5-d16 -mfloat-abi=hard -mthumb -o "Drivers/STM32H7xx_HAL_Driver/Src/stm32h7xx_hal_i2c.o"
arm-none-eabi-gcc "../Drivers/STM32H7xx_HAL_Driver/Src/stm32h7xx_hal_i2c_ex.c" -mcpu=cortex-m7 -std=gnu11 -g3 -DDEBUG -DUSE_HAL_DRIVER -DSTM32H750xx -c -I../Core/Inc -I../Drivers/STM32H7xx_HAL_Driver/Inc -I../Drivers/STM32H7xx_HAL_Driver/Inc/Legacy -I../Drivers/CMSIS/Device/ST/STM32H7xx/Include -I../Drivers/CMSIS/Include -I../Drivers/BSP/ST7735 -O0 -ffunction-sections -fdata-sections -Wall -fstack-usage -MMD -MP -MF"Drivers/STM32H7xx_HAL_Driver/Src/stm32h7xx_hal_i2c_ex.d" -MT"Drivers/STM32H7xx_HAL_Driver/Src/stm32h7xx_hal_i2c_ex.o" --specs=nano.specs -mfpu=fpv5-d16 -mfloat-abi=hard -mthumb -o "Drivers/STM32H7xx_HAL_Driver/Src/stm32h7xx_hal_i2c_ex.o"
arm-none-eabi-gcc "../Drivers/STM32H7xx_HAL_Driver/Src/stm32h7xx_hal_mdma.c" -mcpu=cortex-m7 -std=gnu11 -g3 -DDEBUG -DUSE_HAL_DRIVER -DSTM32H750xx -c -I../Core/Inc -I../Drivers/STM32H7xx_HAL_Driver/Inc -I../Drivers/STM32H7xx_HAL_Driver/Inc/Legacy -I../Drivers/CMSIS/Device/ST/STM32H7xx/Include -I../Drivers/CMSIS/Include -I../Drivers/BSP/ST7735 -O0 -ffunction-sections -fdata-sections -Wall -fstack-usage -MMD -MP -MF"Drivers/STM32H7xx_HAL_Driver/Src/stm32h7xx_hal_mdma.d" -MT"Drivers/STM32H7xx_HAL_Driver/Src/stm32h7xx_hal_mdma.o" --specs=nano.specs -mfpu=fpv5-d16 -mfloat-abi=hard -mthumb -o "Drivers/STM32H7xx_HAL_Driver/Src/stm32h7xx_hal_mdma.o"
arm-none-eabi-gcc "../Drivers/STM32H7xx_HAL_Driver/Src/stm32h7xx_hal_pwr.c" -mcpu=cortex-m7 -std=gnu11 -g3 -DDEBUG -DUSE_HAL_DRIVER -DSTM32H750xx -c -I../Core/Inc -I../Drivers/STM32H7xx_HAL_Driver/Inc -I../Drivers/STM32H7xx_HAL_Driver/Inc/Legacy -I../Drivers/CMSIS/Device/ST/STM32H7xx/Include -I../Drivers/CMSIS/Include -I../Drivers/BSP/ST7735 -O0 -ffunction-sections -fdata-sections -Wall -fstack-usage -MMD -MP -MF"Drivers/STM32H7xx_HAL_Driver/Src/stm32h7xx_hal_pwr.d" -MT"Drivers/STM32H7xx_HAL_Driver/Src/stm32h7xx_hal_pwr.o" --specs=nano.specs -mfpu=fpv5-d16 -mfloat-abi=hard -mthumb -o "Drivers/STM32H7xx_HAL_Driver/Src/stm32h7xx_hal_pwr.o"
arm-none-eabi-gcc "../Drivers/STM32H7xx_HAL_Driver/Src/stm32h7xx_hal_pwr_ex.c" -mcpu=cortex-m7 -std=gnu11 -g3 -DDEBUG -DUSE_HAL_DRIVER -DSTM32H750xx -c -I../Core/Inc -I../Drivers/STM32H7xx_HAL_Driver/Inc -I../Drivers/STM32H7xx_HAL_Driver/Inc/Legacy -I../Drivers/CMSIS/Device/ST/STM32H7xx/Include -I../Drivers/CMSIS/Include -I../Drivers/BSP/ST7735 -O0 -ffunction-sections -fdata-sections -Wall -fstack-usage -MMD -MP -MF"Drivers/STM32H7xx_HAL_Driver/Src/stm32h7xx_hal_pwr_ex.d" -MT"Drivers/STM32H7xx_HAL_Driver/Src/stm32h7xx_hal_pwr_ex.o" --specs=nano.specs -mfpu=fpv5-d16 -mfloat-abi=hard -mthumb -o "Drivers/STM32H7xx_HAL_Driver/Src/stm32h7xx_hal_pwr_ex.o"
arm-none-eabi-gcc "../Drivers/STM32H7xx_HAL_Driver/Src/stm32h7xx_hal_rcc.c" -mcpu=cortex-m7 -std=gnu11 -g3 -DDEBUG -DUSE_HAL_DRIVER -DSTM32H750xx -c -I../Core/Inc -I../Drivers/STM32H7xx_HAL_Driver/Inc -I../Drivers/STM32H7xx_HAL_Driver/Inc/Legacy -I../Drivers/CMSIS/Device/ST/STM32H7xx/Include -I../Drivers/CMSIS/Include -I../Drivers/BSP/ST7735 -O0 -ffunction-sections -fdata-sections -Wall -fstack-usage -MMD -MP -MF"Drivers/STM32H7xx_HAL_Driver/Src/stm32h7xx_hal_rcc.d" -MT"Drivers/STM32H7xx_HAL_Driver/Src/stm32h7xx_hal_rcc.o" --specs=nano.specs -mfpu=fpv5-d16 -mfloat-abi=hard -mthumb -o "Drivers/STM32H7xx_HAL_Driver/Src/stm32h7xx_hal_rcc.o"
arm-none-eabi-gcc "../Drivers/STM32H7xx_HAL_Driver/Src/stm32h7xx_hal_rcc_ex.c" -mcpu=cortex-m7 -std=gnu11 -g3 -DDEBUG -DUSE_HAL_DRIVER -DSTM32H750xx -c -I../Core/Inc -I../Drivers/STM32H7xx_HAL_Driver/Inc -I../Drivers/STM32H7xx_HAL_Driver/Inc/Legacy -I../Drivers/CMSIS/Device/ST/STM32H7xx/Include -I../Drivers/CMSIS/Include -I../Drivers/BSP/ST7735 -O0 -ffunction-sections -fdata-sections -Wall -fstack-usage -MMD -MP -MF"Drivers/STM32H7xx_HAL_Driver/Src/stm32h7xx_hal_rcc_ex.d" -MT"Drivers/STM32H7xx_HAL_Driver/Src/stm32h7xx_hal_rcc_ex.o" --specs=nano.specs -mfpu=fpv5-d16 -mfloat-abi=hard -mthumb -o "Drivers/STM32H7xx_HAL_Driver/Src/stm32h7xx_hal_rcc_ex.o"
arm-none-eabi-gcc "../Drivers/STM32H7xx_HAL_Driver/Src/stm32h7xx_hal_rtc.c" -mcpu=cortex-m7 -std=gnu11 -g3 -DDEBUG -DUSE_HAL_DRIVER -DSTM32H750xx -c -I../Core/Inc -I../Drivers/STM32H7xx_HAL_Driver/Inc -I../Drivers/STM32H7xx_HAL_Driver/Inc/Legacy -I../Drivers/CMSIS/Device/ST/STM32H7xx/Include -I../Drivers/CMSIS/Include -I../Drivers/BSP/ST7735 -O0 -ffunction-sections -fdata-sections -Wall -fstack-usage -MMD -MP -MF"Drivers/STM32H7xx_HAL_Driver/Src/stm32h7xx_hal_rtc.d" -MT"Drivers/STM32H7xx_HAL_Driver/Src/stm32h7xx_hal_rtc.o" --specs=nano.specs -mfpu=fpv5-d16 -mfloat-abi=hard -mthumb -o "Drivers/STM32H7xx_HAL_Driver/Src/stm32h7xx_hal_rtc.o"
arm-none-eabi-gcc "../Drivers/STM32H7xx_HAL_Driver/Src/stm32h7xx_hal_rtc_ex.c" -mcpu=cortex-m7 -std=gnu11 -g3 -DDEBUG -DUSE_HAL_DRIVER -DSTM32H750xx -c -I../Core/Inc -I../Drivers/STM32H7xx_HAL_Driver/Inc -I../Drivers/STM32H7xx_HAL_Driver/Inc/Legacy -I../Drivers/CMSIS/Device/ST/STM32H7xx/Include -I../Drivers/CMSIS/Include -I../Drivers/BSP/ST7735 -O0 -ffunction-sections -fdata-sections -Wall -fstack-usage -MMD -MP -MF"Drivers/STM32H7xx_HAL_Driver/Src/stm32h7xx_hal_rtc_ex.d" -MT"Drivers/STM32H7xx_HAL_Driver/Src/stm32h7xx_hal_rtc_ex.o" --specs=nano.specs -mfpu=fpv5-d16 -mfloat-abi=hard -mthumb -o "Drivers/STM32H7xx_HAL_Driver/Src/stm32h7xx_hal_rtc_ex.o"
arm-none-eabi-gcc "../Drivers/STM32H7xx_HAL_Driver/Src/stm32h7xx_hal_spi.c" -mcpu=cortex-m7 -std=gnu11 -g3 -DDEBUG -DUSE_HAL_DRIVER -DSTM32H750xx -c -I../Core/Inc -I../Drivers/STM32H7xx_HAL_Driver/Inc -I../Drivers/STM32H7xx_HAL_Driver/Inc/Legacy -I../Drivers/CMSIS/Device/ST/STM32H7xx/Include -I../Drivers/CMSIS/Include -I../Drivers/BSP/ST7735 -O0 -ffunction-sections -fdata-sections -Wall -fstack-usage -MMD -MP -MF"Drivers/STM32H7xx_HAL_Driver/Src/stm32h7xx_hal_spi.d" -MT"Drivers/STM32H7xx_HAL_Driver/Src/stm32h7xx_hal_spi.o" --specs=nano.specs -mfpu=fpv5-d16 -mfloat-abi=hard -mthumb -o "Drivers/STM32H7xx_HAL_Driver/Src/stm32h7xx_hal_spi.o"
arm-none-eabi-gcc "../Drivers/STM32H7xx_HAL_Driver/Src/stm32h7xx_hal_spi_ex.c" -mcpu=cortex-m7 -std=gnu11 -g3 -DDEBUG -DUSE_HAL_DRIVER -DSTM32H750xx -c -I../Core/Inc -I../Drivers/STM32H7xx_HAL_Driver/Inc -I../Drivers/STM32H7xx_HAL_Driver/Inc/Legacy -I../Drivers/CMSIS/Device/ST/STM32H7xx/Include -I../Drivers/CMSIS/Include -I../Drivers/BSP/ST7735 -O0 -ffunction-sections -fdata-sections -Wall -fstack-usage -MMD -MP -MF"Drivers/STM32H7xx_HAL_Driver/Src/stm32h7xx_hal_spi_ex.d" -MT"Drivers/STM32H7xx_HAL_Driver/Src/stm32h7xx_hal_spi_ex.o" --specs=nano.specs -mfpu=fpv5-d16 -mfloat-abi=hard -mthumb -o "Drivers/STM32H7xx_HAL_Driver/Src/stm32h7xx_hal_spi_ex.o"
arm-none-eabi-gcc "../Drivers/STM32H7xx_HAL_Driver/Src/stm32h7xx_hal_tim.c" -mcpu=cortex-m7 -std=gnu11 -g3 -DDEBUG -DUSE_HAL_DRIVER -DSTM32H750xx -c -I../Core/Inc -I../Drivers/STM32H7xx_HAL_Driver/Inc -I../Drivers/STM32H7xx_HAL_Driver/Inc/Legacy -I../Drivers/CMSIS/Device/ST/STM32H7xx/Include -I../Drivers/CMSIS/Include -I../Drivers/BSP/ST7735 -O0 -ffunction-sections -fdata-sections -Wall -fstack-usage -MMD -MP -MF"Drivers/STM32H7xx_HAL_Driver/Src/stm32h7xx_hal_tim.d" -MT"Drivers/STM32H7xx_HAL_Driver/Src/stm32h7xx_hal_tim.o" --specs=nano.specs -mfpu=fpv5-d16 -mfloat-abi=hard -mthumb -o "Drivers/STM32H7xx_HAL_Driver/Src/stm32h7xx_hal_tim.o"
arm-none-eabi-gcc "../Drivers/STM32H7xx_HAL_Driver/Src/stm32h7xx_hal_tim_ex.c" -mcpu=cortex-m7 -std=gnu11 -g3 -DDEBUG -DUSE_HAL_DRIVER -DSTM32H750xx -c -I../Core/Inc -I../Drivers/STM32H7xx_HAL_Driver/Inc -I../Drivers/STM32H7xx_HAL_Driver/Inc/Legacy -I../Drivers/CMSIS/Device/ST/STM32H7xx/Include -I../Drivers/CMSIS/Include -I../Drivers/BSP/ST7735 -O0 -ffunction-sections -fdata-sections -Wall -fstack-usage -MMD -MP -MF"Drivers/STM32H7xx_HAL_Driver/Src/stm32h7xx_hal_tim_ex.d" -MT"Drivers/STM32H7xx_HAL_Driver/Src/stm32h7xx_hal_tim_ex.o" --specs=nano.specs -mfpu=fpv5-d16 -mfloat-abi=hard -mthumb -o "Drivers/STM32H7xx_HAL_Driver/Src/stm32h7xx_hal_tim_ex.o"
arm-none-eabi-gcc "../Drivers/BSP/ST7735/lcd.c" -mcpu=cortex-m7 -std=gnu11 -g3 -DDEBUG -DUSE_HAL_DRIVER -DSTM32H750xx -c -I../Core/Inc -I../Drivers/STM32H7xx_HAL_Driver/Inc -I../Drivers/STM32H7xx_HAL_Driver/Inc/Legacy -I../Drivers/CMSIS/Device/ST/STM32H7xx/Include -I../Drivers/CMSIS/Include -I../Drivers/BSP/ST7735 -O0 -ffunction-sections -fdata-sections -Wall -fstack-usage -MMD -MP -MF"Drivers/BSP/ST7735/lcd.d" -MT"Drivers/BSP/ST7735/lcd.o" --specs=nano.specs -mfpu=fpv5-d16 -mfloat-abi=hard -mthumb -o "Drivers/BSP/ST7735/lcd.o"
../Drivers/BSP/ST7735/lcd.c:38:2: warning: initialization of 'short unsigned int' from 'void *' makes integer from pointer without a cast [-Wint-conversion]
   38 |  NULL,
      |  ^~~~
../Drivers/BSP/ST7735/lcd.c:38:2: note: (near initialization for 'st7735_pIO.Address')
../Drivers/BSP/ST7735/lcd.c: In function 'LCD_Test':
../Drivers/BSP/ST7735/lcd.c:89:31: warning: format '%d' expects argument of type 'int', but argument 3 has type 'long unsigned int' [-Wformat=]
   89 |    sprintf((char *)&text, "%03d", (get_tick() - tick - 1000) / 10);
      |                            ~~~^   ~~~~~~~~~~~~~~~~~~~~~~~~~~~~~~~
      |                               |                              |
      |                               int                            long unsigned int
      |                            %03ld
../Drivers/BSP/ST7735/lcd.c:106:39: warning: format '%X' expects argument of type 'unsigned int', but argument 3 has type 'uint32_t' {aka 'long unsigned int'} [-Wformat=]
  106 |  sprintf((char *)&text, "STM32H7xx 0x%X", HAL_GetDEVID());
      |                                      ~^   ~~~~~~~~~~~~~~
      |                                       |   |
      |                                       |   uint32_t {aka long unsigned int}
      |                                       unsigned int
      |                                      %lX
../Drivers/BSP/ST7735/lcd.c:108:36: warning: format '%X' expects argument of type 'unsigned int', but argument 3 has type 'uint32_t' {aka 'long unsigned int'} [-Wformat=]
  108 |  sprintf((char *)&text, "LCD ID:0x%X", st7735_id);
      |                                   ~^   ~~~~~~~~~
      |                                    |   |
      |                                    |   uint32_t {aka long unsigned int}
      |                                    unsigned int
      |                                   %lX
arm-none-eabi-gcc "../Core/Src/codec.c" -mcpu=cortex-m7 -std=gnu11 -g3 -DDEBUG -DUSE_HAL_DRIVER -DSTM32H750xx -c -I../Core/Inc -I../Drivers/STM32H7xx_HAL_Driver/Inc -I../Drivers/STM32H7xx_HAL_Driver/Inc/Legacy -I../Drivers/CMSIS/Device/ST/STM32H7xx/Include -I../Drivers/CMSIS/Include -I../Drivers/BSP/ST7735 -O0 -ffunction-sections -fdata-sections -Wall -fstack-usage -MMD -MP -MF"Core/Src/codec.d" -MT"Core/Src/codec.o" --specs=nano.specs -mfpu=fpv5-d16 -mfloat-abi=hard -mthumb -o "Core/Src/codec.o"
In file included from ../Core/Src/codec.c:7:
../Core/Inc/codec.h:32:24: error: unknown type name 'uin16_t'; did you mean 'uint16_t'?
   32 | uint8_t* codecCTRLRead(uin16_t regAddr);
      |                        ^~~~~~~
      |                        uint16_t
../Core/Src/codec.c:12:8: error: unknown type name 'I2C_HandleTypeDef'
   12 | extern I2C_HandleTypeDef hi2c1;
      |        ^~~~~~~~~~~~~~~~~
../Core/Src/codec.c:14:24: error: unknown type name 'uin16_t'; did you mean 'uint16_t'?
   14 | uint8_t* codecCTRLRead(uin16_t regAddr)
      |                        ^~~~~~~
      |                        uint16_t
../Core/Src/codec.c: In function 'codecCTRLWrite':
../Core/Src/codec.c:24:2: warning: implicit declaration of function 'HAL_I2C_Mem_Write' [-Wimplicit-function-declaration]
   24 |  HAL_I2C_Mem_Write(&hi2c1, deviceAddr, regAddr, I2C_MEMADD_SIZE_16BIT, data, 2, 100);
      |  ^~~~~~~~~~~~~~~~~
../Core/Src/codec.c:24:49: error: 'I2C_MEMADD_SIZE_16BIT' undeclared (first use in this function)
   24 |  HAL_I2C_Mem_Write(&hi2c1, deviceAddr, regAddr, I2C_MEMADD_SIZE_16BIT, data, 2, 100);
      |                                                 ^~~~~~~~~~~~~~~~~~~~~
../Core/Src/codec.c:24:49: note: each undeclared identifier is reported only once for each function it appears in
../Core/Src/codec.c: In function 'getDeviceID':
../Core/Src/codec.c:31:12: warning: implicit declaration of function 'codecCTRLRead' [-Wimplicit-function-declaration]
   31 |  devInfo = codecCTRLRead(0x0000);
      |            ^~~~~~~~~~~~~
../Core/Src/codec.c:31:10: error: assignment to expression with array type
   31 |  devInfo = codecCTRLRead(0x0000);
      |          ^
../Core/Src/codec.c:32:41: error: invalid suffix "xHH" on integer constant
   32 |  if(devInfo[0] == 0xA0 && devInfo[1] == 0xHH)
      |                                         ^~~~
../Core/Src/codec.c:41:1: warning: control reaches end of non-void function [-Wreturn-type]
   41 | }
      | ^
make: *** [Core/Src/subdir.mk:52: Core/Src/codec.o] Error 1
make: *** Waiting for unfinished jobs....
"make -j4 all" terminated with exit code 2. Build might be incomplete.
10:21:57 **** Incremental Build of configuration Debug for project PedalToTheMedal ****
make -j4 all 
arm-none-eabi-gcc "../Core/Src/codec.c" -mcpu=cortex-m7 -std=gnu11 -g3 -DDEBUG -DUSE_HAL_DRIVER -DSTM32H750xx -c -I../Core/Inc -I../Drivers/STM32H7xx_HAL_Driver/Inc -I../Drivers/STM32H7xx_HAL_Driver/Inc/Legacy -I../Drivers/CMSIS/Device/ST/STM32H7xx/Include -I../Drivers/CMSIS/Include -I../Drivers/BSP/ST7735 -O0 -ffunction-sections -fdata-sections -Wall -fstack-usage -MMD -MP -MF"Core/Src/codec.d" -MT"Core/Src/codec.o" --specs=nano.specs -mfpu=fpv5-d16 -mfloat-abi=hard -mthumb -o "Core/Src/codec.o"
arm-none-eabi-gcc "../Core/Src/gpio.c" -mcpu=cortex-m7 -std=gnu11 -g3 -DDEBUG -DUSE_HAL_DRIVER -DSTM32H750xx -c -I../Core/Inc -I../Drivers/STM32H7xx_HAL_Driver/Inc -I../Drivers/STM32H7xx_HAL_Driver/Inc/Legacy -I../Drivers/CMSIS/Device/ST/STM32H7xx/Include -I../Drivers/CMSIS/Include -I../Drivers/BSP/ST7735 -O0 -ffunction-sections -fdata-sections -Wall -fstack-usage -MMD -MP -MF"Core/Src/gpio.d" -MT"Core/Src/gpio.o" --specs=nano.specs -mfpu=fpv5-d16 -mfloat-abi=hard -mthumb -o "Core/Src/gpio.o"
arm-none-eabi-gcc "../Core/Src/i2c.c" -mcpu=cortex-m7 -std=gnu11 -g3 -DDEBUG -DUSE_HAL_DRIVER -DSTM32H750xx -c -I../Core/Inc -I../Drivers/STM32H7xx_HAL_Driver/Inc -I../Drivers/STM32H7xx_HAL_Driver/Inc/Legacy -I../Drivers/CMSIS/Device/ST/STM32H7xx/Include -I../Drivers/CMSIS/Include -I../Drivers/BSP/ST7735 -O0 -ffunction-sections -fdata-sections -Wall -fstack-usage -MMD -MP -MF"Core/Src/i2c.d" -MT"Core/Src/i2c.o" --specs=nano.specs -mfpu=fpv5-d16 -mfloat-abi=hard -mthumb -o "Core/Src/i2c.o"
arm-none-eabi-gcc "../Core/Src/main.c" -mcpu=cortex-m7 -std=gnu11 -g3 -DDEBUG -DUSE_HAL_DRIVER -DSTM32H750xx -c -I../Core/Inc -I../Drivers/STM32H7xx_HAL_Driver/Inc -I../Drivers/STM32H7xx_HAL_Driver/Inc/Legacy -I../Drivers/CMSIS/Device/ST/STM32H7xx/Include -I../Drivers/CMSIS/Include -I../Drivers/BSP/ST7735 -O0 -ffunction-sections -fdata-sections -Wall -fstack-usage -MMD -MP -MF"Core/Src/main.d" -MT"Core/Src/main.o" --specs=nano.specs -mfpu=fpv5-d16 -mfloat-abi=hard -mthumb -o "Core/Src/main.o"
../Core/Src/codec.c:14:24: error: unknown type name 'uin16_t'; did you mean 'uint16_t'?
   14 | uint8_t* codecCTRLRead(uin16_t regAddr)
      |                        ^~~~~~~
      |                        uint16_t
../Core/Src/codec.c: In function 'getDeviceID':
../Core/Src/codec.c:31:10: error: assignment to expression with array type
   31 |  devInfo = codecCTRLRead(0x0000);
      |          ^
../Core/Src/codec.c:32:41: error: invalid suffix "xHH" on integer constant
   32 |  if(devInfo[0] == 0xA0 && devInfo[1] == 0xHH)
      |                                         ^~~~
../Core/Src/codec.c:41:1: warning: control reaches end of non-void function [-Wreturn-type]
   41 | }
      | ^
make: *** [Core/Src/subdir.mk:52: Core/Src/codec.o] Error 1
make: *** Waiting for unfinished jobs....
../Core/Src/main.c: In function 'main':
../Core/Src/main.c:200:35: warning: format '%d' expects argument of type 'int', but argument 3 has type 'uint32_t' {aka 'long unsigned int'} [-Wformat=]
  200 |   sprintf((char *)&text,"Parker: %d ms",HAL_GetTick());
      |                                  ~^     ~~~~~~~~~~~~~
      |                                   |     |
      |                                   int   uint32_t {aka long unsigned int}
      |                                  %ld
../Core/Src/main.c:184:18: warning: unused variable 'stimestructureget' [-Wunused-variable]
  184 |  RTC_TimeTypeDef stimestructureget;
      |                  ^~~~~~~~~~~~~~~~~
../Core/Src/main.c:183:18: warning: unused variable 'sdatestructureget' [-Wunused-variable]
  183 |  RTC_DateTypeDef sdatestructureget;
      |                  ^~~~~~~~~~~~~~~~~
At top level:
../Core/Src/main.c:124:13: warning: 'RTC_CalendarShow' defined but not used [-Wunused-function]
  124 | static void RTC_CalendarShow(RTC_DateTypeDef *sdatestructureget,RTC_TimeTypeDef *stimestructureget)
      |             ^~~~~~~~~~~~~~~~
"make -j4 all" terminated with exit code 2. Build might be incomplete.
10:22:42 **** Incremental Build of configuration Debug for project PedalToTheMedal ****
make -j4 all 
arm-none-eabi-gcc "../Core/Src/codec.c" -mcpu=cortex-m7 -std=gnu11 -g3 -DDEBUG -DUSE_HAL_DRIVER -DSTM32H750xx -c -I../Core/Inc -I../Drivers/STM32H7xx_HAL_Driver/Inc -I../Drivers/STM32H7xx_HAL_Driver/Inc/Legacy -I../Drivers/CMSIS/Device/ST/STM32H7xx/Include -I../Drivers/CMSIS/Include -I../Drivers/BSP/ST7735 -O0 -ffunction-sections -fdata-sections -Wall -fstack-usage -MMD -MP -MF"Core/Src/codec.d" -MT"Core/Src/codec.o" --specs=nano.specs -mfpu=fpv5-d16 -mfloat-abi=hard -mthumb -o "Core/Src/codec.o"
arm-none-eabi-gcc "../Core/Src/rtc.c" -mcpu=cortex-m7 -std=gnu11 -g3 -DDEBUG -DUSE_HAL_DRIVER -DSTM32H750xx -c -I../Core/Inc -I../Drivers/STM32H7xx_HAL_Driver/Inc -I../Drivers/STM32H7xx_HAL_Driver/Inc/Legacy -I../Drivers/CMSIS/Device/ST/STM32H7xx/Include -I../Drivers/CMSIS/Include -I../Drivers/BSP/ST7735 -O0 -ffunction-sections -fdata-sections -Wall -fstack-usage -MMD -MP -MF"Core/Src/rtc.d" -MT"Core/Src/rtc.o" --specs=nano.specs -mfpu=fpv5-d16 -mfloat-abi=hard -mthumb -o "Core/Src/rtc.o"
arm-none-eabi-gcc "../Core/Src/spi.c" -mcpu=cortex-m7 -std=gnu11 -g3 -DDEBUG -DUSE_HAL_DRIVER -DSTM32H750xx -c -I../Core/Inc -I../Drivers/STM32H7xx_HAL_Driver/Inc -I../Drivers/STM32H7xx_HAL_Driver/Inc/Legacy -I../Drivers/CMSIS/Device/ST/STM32H7xx/Include -I../Drivers/CMSIS/Include -I../Drivers/BSP/ST7735 -O0 -ffunction-sections -fdata-sections -Wall -fstack-usage -MMD -MP -MF"Core/Src/spi.d" -MT"Core/Src/spi.o" --specs=nano.specs -mfpu=fpv5-d16 -mfloat-abi=hard -mthumb -o "Core/Src/spi.o"
arm-none-eabi-gcc "../Core/Src/stm32h7xx_hal_msp.c" -mcpu=cortex-m7 -std=gnu11 -g3 -DDEBUG -DUSE_HAL_DRIVER -DSTM32H750xx -c -I../Core/Inc -I../Drivers/STM32H7xx_HAL_Driver/Inc -I../Drivers/STM32H7xx_HAL_Driver/Inc/Legacy -I../Drivers/CMSIS/Device/ST/STM32H7xx/Include -I../Drivers/CMSIS/Include -I../Drivers/BSP/ST7735 -O0 -ffunction-sections -fdata-sections -Wall -fstack-usage -MMD -MP -MF"Core/Src/stm32h7xx_hal_msp.d" -MT"Core/Src/stm32h7xx_hal_msp.o" --specs=nano.specs -mfpu=fpv5-d16 -mfloat-abi=hard -mthumb -o "Core/Src/stm32h7xx_hal_msp.o"
../Core/Src/codec.c: In function 'codecCTRLRead':
../Core/Src/codec.c:18:9: warning: function returns address of local variable [-Wreturn-local-addr]
   18 |  return data;
      |         ^~~~
../Core/Src/codec.c: In function 'getDeviceID':
../Core/Src/codec.c:32:10: error: assignment to expression with array type
   32 |  devInfo = codecCTRLRead(0x0000);
      |          ^
../Core/Src/codec.c:33:41: error: invalid suffix "xHH" on integer constant
   33 |  if(devInfo[0] == 0xA0 && devInfo[1] == 0xHH)
      |                                         ^~~~
../Core/Src/codec.c:42:1: warning: control reaches end of non-void function [-Wreturn-type]
   42 | }
      | ^
make: *** [Core/Src/subdir.mk:52: Core/Src/codec.o] Error 1
make: *** Waiting for unfinished jobs....
"make -j4 all" terminated with exit code 2. Build might be incomplete.
10:24:52 **** Incremental Build of configuration Debug for project PedalToTheMedal ****
make -j4 all 
arm-none-eabi-gcc "../Core/Src/codec.c" -mcpu=cortex-m7 -std=gnu11 -g3 -DDEBUG -DUSE_HAL_DRIVER -DSTM32H750xx -c -I../Core/Inc -I../Drivers/STM32H7xx_HAL_Driver/Inc -I../Drivers/STM32H7xx_HAL_Driver/Inc/Legacy -I../Drivers/CMSIS/Device/ST/STM32H7xx/Include -I../Drivers/CMSIS/Include -I../Drivers/BSP/ST7735 -O0 -ffunction-sections -fdata-sections -Wall -fstack-usage -MMD -MP -MF"Core/Src/codec.d" -MT"Core/Src/codec.o" --specs=nano.specs -mfpu=fpv5-d16 -mfloat-abi=hard -mthumb -o "Core/Src/codec.o"
arm-none-eabi-gcc "../Core/Src/main.c" -mcpu=cortex-m7 -std=gnu11 -g3 -DDEBUG -DUSE_HAL_DRIVER -DSTM32H750xx -c -I../Core/Inc -I../Drivers/STM32H7xx_HAL_Driver/Inc -I../Drivers/STM32H7xx_HAL_Driver/Inc/Legacy -I../Drivers/CMSIS/Device/ST/STM32H7xx/Include -I../Drivers/CMSIS/Include -I../Drivers/BSP/ST7735 -O0 -ffunction-sections -fdata-sections -Wall -fstack-usage -MMD -MP -MF"Core/Src/main.d" -MT"Core/Src/main.o" --specs=nano.specs -mfpu=fpv5-d16 -mfloat-abi=hard -mthumb -o "Core/Src/main.o"
arm-none-eabi-gcc "../Core/Src/stm32h7xx_it.c" -mcpu=cortex-m7 -std=gnu11 -g3 -DDEBUG -DUSE_HAL_DRIVER -DSTM32H750xx -c -I../Core/Inc -I../Drivers/STM32H7xx_HAL_Driver/Inc -I../Drivers/STM32H7xx_HAL_Driver/Inc/Legacy -I../Drivers/CMSIS/Device/ST/STM32H7xx/Include -I../Drivers/CMSIS/Include -I../Drivers/BSP/ST7735 -O0 -ffunction-sections -fdata-sections -Wall -fstack-usage -MMD -MP -MF"Core/Src/stm32h7xx_it.d" -MT"Core/Src/stm32h7xx_it.o" --specs=nano.specs -mfpu=fpv5-d16 -mfloat-abi=hard -mthumb -o "Core/Src/stm32h7xx_it.o"
arm-none-eabi-gcc "../Core/Src/syscalls.c" -mcpu=cortex-m7 -std=gnu11 -g3 -DDEBUG -DUSE_HAL_DRIVER -DSTM32H750xx -c -I../Core/Inc -I../Drivers/STM32H7xx_HAL_Driver/Inc -I../Drivers/STM32H7xx_HAL_Driver/Inc/Legacy -I../Drivers/CMSIS/Device/ST/STM32H7xx/Include -I../Drivers/CMSIS/Include -I../Drivers/BSP/ST7735 -O0 -ffunction-sections -fdata-sections -Wall -fstack-usage -MMD -MP -MF"Core/Src/syscalls.d" -MT"Core/Src/syscalls.o" --specs=nano.specs -mfpu=fpv5-d16 -mfloat-abi=hard -mthumb -o "Core/Src/syscalls.o"
../Core/Src/codec.c:14:6: error: conflicting types for 'codecCTRLRead'
   14 | void codecCTRLRead(uint16_t regAddr, uint8_t* data)
      |      ^~~~~~~~~~~~~
In file included from ../Core/Src/codec.c:7:
../Core/Inc/codec.h:33:10: note: previous declaration of 'codecCTRLRead' was here
   33 | uint8_t* codecCTRLRead(uint16_t regAddr, uint8_t* data);
      |          ^~~~~~~~~~~~~
../Core/Src/codec.c: In function 'getDeviceID':
../Core/Src/codec.c:32:41: error: invalid suffix "xHH" on integer constant
   32 |  if(devInfo[0] == 0xA0 && devInfo[1] == 0xHH)
      |                                         ^~~~
../Core/Src/codec.c:41:1: warning: control reaches end of non-void function [-Wreturn-type]
   41 | }
      | ^
../Core/Src/main.c: In function 'main':
../Core/Src/main.c:200:35: warning: format '%d' expects argument of type 'int', but argument 3 has type 'uint32_t' {aka 'long unsigned int'} [-Wformat=]
  200 |   sprintf((char *)&text,"Parker: %d ms",HAL_GetTick());
      |                                  ~^     ~~~~~~~~~~~~~
      |                                   |     |
      |                                   int   uint32_t {aka long unsigned int}
      |                                  %ld
../Core/Src/main.c:184:18: warning: unused variable 'stimestructureget' [-Wunused-variable]
  184 |  RTC_TimeTypeDef stimestructureget;
      |                  ^~~~~~~~~~~~~~~~~
../Core/Src/main.c:183:18: warning: unused variable 'sdatestructureget' [-Wunused-variable]
  183 |  RTC_DateTypeDef sdatestructureget;
      |                  ^~~~~~~~~~~~~~~~~
At top level:
../Core/Src/main.c:124:13: warning: 'RTC_CalendarShow' defined but not used [-Wunused-function]
  124 | static void RTC_CalendarShow(RTC_DateTypeDef *sdatestructureget,RTC_TimeTypeDef *stimestructureget)
      |             ^~~~~~~~~~~~~~~~
make: *** [Core/Src/subdir.mk:52: Core/Src/codec.o] Error 1
make: *** Waiting for unfinished jobs....
"make -j4 all" terminated with exit code 2. Build might be incomplete.
10:25:16 **** Incremental Build of configuration Debug for project PedalToTheMedal ****
make -j4 all 
arm-none-eabi-gcc "../Core/Src/codec.c" -mcpu=cortex-m7 -std=gnu11 -g3 -DDEBUG -DUSE_HAL_DRIVER -DSTM32H750xx -c -I../Core/Inc -I../Drivers/STM32H7xx_HAL_Driver/Inc -I../Drivers/STM32H7xx_HAL_Driver/Inc/Legacy -I../Drivers/CMSIS/Device/ST/STM32H7xx/Include -I../Drivers/CMSIS/Include -I../Drivers/BSP/ST7735 -O0 -ffunction-sections -fdata-sections -Wall -fstack-usage -MMD -MP -MF"Core/Src/codec.d" -MT"Core/Src/codec.o" --specs=nano.specs -mfpu=fpv5-d16 -mfloat-abi=hard -mthumb -o "Core/Src/codec.o"
arm-none-eabi-gcc "../Core/Src/main.c" -mcpu=cortex-m7 -std=gnu11 -g3 -DDEBUG -DUSE_HAL_DRIVER -DSTM32H750xx -c -I../Core/Inc -I../Drivers/STM32H7xx_HAL_Driver/Inc -I../Drivers/STM32H7xx_HAL_Driver/Inc/Legacy -I../Drivers/CMSIS/Device/ST/STM32H7xx/Include -I../Drivers/CMSIS/Include -I../Drivers/BSP/ST7735 -O0 -ffunction-sections -fdata-sections -Wall -fstack-usage -MMD -MP -MF"Core/Src/main.d" -MT"Core/Src/main.o" --specs=nano.specs -mfpu=fpv5-d16 -mfloat-abi=hard -mthumb -o "Core/Src/main.o"
arm-none-eabi-gcc "../Core/Src/sysmem.c" -mcpu=cortex-m7 -std=gnu11 -g3 -DDEBUG -DUSE_HAL_DRIVER -DSTM32H750xx -c -I../Core/Inc -I../Drivers/STM32H7xx_HAL_Driver/Inc -I../Drivers/STM32H7xx_HAL_Driver/Inc/Legacy -I../Drivers/CMSIS/Device/ST/STM32H7xx/Include -I../Drivers/CMSIS/Include -I../Drivers/BSP/ST7735 -O0 -ffunction-sections -fdata-sections -Wall -fstack-usage -MMD -MP -MF"Core/Src/sysmem.d" -MT"Core/Src/sysmem.o" --specs=nano.specs -mfpu=fpv5-d16 -mfloat-abi=hard -mthumb -o "Core/Src/sysmem.o"
arm-none-eabi-gcc "../Core/Src/system_stm32h7xx.c" -mcpu=cortex-m7 -std=gnu11 -g3 -DDEBUG -DUSE_HAL_DRIVER -DSTM32H750xx -c -I../Core/Inc -I../Drivers/STM32H7xx_HAL_Driver/Inc -I../Drivers/STM32H7xx_HAL_Driver/Inc/Legacy -I../Drivers/CMSIS/Device/ST/STM32H7xx/Include -I../Drivers/CMSIS/Include -I../Drivers/BSP/ST7735 -O0 -ffunction-sections -fdata-sections -Wall -fstack-usage -MMD -MP -MF"Core/Src/system_stm32h7xx.d" -MT"Core/Src/system_stm32h7xx.o" --specs=nano.specs -mfpu=fpv5-d16 -mfloat-abi=hard -mthumb -o "Core/Src/system_stm32h7xx.o"
arm-none-eabi-gcc "../Core/Src/tim.c" -mcpu=cortex-m7 -std=gnu11 -g3 -DDEBUG -DUSE_HAL_DRIVER -DSTM32H750xx -c -I../Core/Inc -I../Drivers/STM32H7xx_HAL_Driver/Inc -I../Drivers/STM32H7xx_HAL_Driver/Inc/Legacy -I../Drivers/CMSIS/Device/ST/STM32H7xx/Include -I../Drivers/CMSIS/Include -I../Drivers/BSP/ST7735 -O0 -ffunction-sections -fdata-sections -Wall -fstack-usage -MMD -MP -MF"Core/Src/tim.d" -MT"Core/Src/tim.o" --specs=nano.specs -mfpu=fpv5-d16 -mfloat-abi=hard -mthumb -o "Core/Src/tim.o"
../Core/Src/codec.c: In function 'getDeviceID':
../Core/Src/codec.c:33:41: error: invalid suffix "xHH" on integer constant
   33 |  if(devInfo[0] == 0xA0 && devInfo[1] == 0xHH)
      |                                         ^~~~
../Core/Src/codec.c:42:1: warning: control reaches end of non-void function [-Wreturn-type]
   42 | }
      | ^
../Core/Src/main.c: In function 'main':
make: *** [Core/Src/subdir.mk:52: Core/Src/codec.o] Error 1
make: *** Waiting for unfinished jobs....
../Core/Src/main.c:200:35: warning: format '%d' expects argument of type 'int', but argument 3 has type 'uint32_t' {aka 'long unsigned int'} [-Wformat=]
  200 |   sprintf((char *)&text,"Parker: %d ms",HAL_GetTick());
      |                                  ~^     ~~~~~~~~~~~~~
      |                                   |     |
      |                                   int   uint32_t {aka long unsigned int}
      |                                  %ld
../Core/Src/main.c:184:18: warning: unused variable 'stimestructureget' [-Wunused-variable]
  184 |  RTC_TimeTypeDef stimestructureget;
      |                  ^~~~~~~~~~~~~~~~~
../Core/Src/main.c:183:18: warning: unused variable 'sdatestructureget' [-Wunused-variable]
  183 |  RTC_DateTypeDef sdatestructureget;
      |                  ^~~~~~~~~~~~~~~~~
At top level:
../Core/Src/main.c:124:13: warning: 'RTC_CalendarShow' defined but not used [-Wunused-function]
  124 | static void RTC_CalendarShow(RTC_DateTypeDef *sdatestructureget,RTC_TimeTypeDef *stimestructureget)
      |             ^~~~~~~~~~~~~~~~
"make -j4 all" terminated with exit code 2. Build might be incomplete.
10:26:48 **** Incremental Build of configuration Debug for project PedalToTheMedal ****
make -j4 all 
arm-none-eabi-gcc "../Core/Src/codec.c" -mcpu=cortex-m7 -std=gnu11 -g3 -DDEBUG -DUSE_HAL_DRIVER -DSTM32H750xx -c -I../Core/Inc -I../Drivers/STM32H7xx_HAL_Driver/Inc -I../Drivers/STM32H7xx_HAL_Driver/Inc/Legacy -I../Drivers/CMSIS/Device/ST/STM32H7xx/Include -I../Drivers/CMSIS/Include -I../Drivers/BSP/ST7735 -O0 -ffunction-sections -fdata-sections -Wall -fstack-usage -MMD -MP -MF"Core/Src/codec.d" -MT"Core/Src/codec.o" --specs=nano.specs -mfpu=fpv5-d16 -mfloat-abi=hard -mthumb -o "Core/Src/codec.o"
arm-none-eabi-gcc -o "PedalToTheMedal.elf" @"objects.list"   -mcpu=cortex-m7 -T"C:\Users\ParkerPC\Desktop\repos\PedalToTheMedal\workspace\PedalToTheMedal\STM32H750VBTX_FLASH.ld" --specs=nosys.specs -Wl,-Map="PedalToTheMedal.map" -Wl,--gc-sections -static --specs=nano.specs -mfpu=fpv5-d16 -mfloat-abi=hard -mthumb -Wl,--start-group -lc -lm -Wl,--end-group
Finished building target: PedalToTheMedal.elf
 
arm-none-eabi-size   PedalToTheMedal.elf 
arm-none-eabi-objdump -h -S  PedalToTheMedal.elf  > "PedalToTheMedal.list"
arm-none-eabi-objcopy  -O binary  PedalToTheMedal.elf  "PedalToTheMedal.bin"
   text	   data	    bss	    dec	    hex	filename
  63228	    268	   3284	  66780	  104dc	PedalToTheMedal.elf
Finished building: default.size.stdout
 
Finished building: PedalToTheMedal.bin
 
Finished building: PedalToTheMedal.list
 
10:31:51 **** Incremental Build of configuration Debug for project PedalToTheMedal ****
make -j4 all 
arm-none-eabi-gcc "../Core/Src/main.c" -mcpu=cortex-m7 -std=gnu11 -g3 -DDEBUG -DUSE_HAL_DRIVER -DSTM32H750xx -c -I../Core/Inc -I../Drivers/STM32H7xx_HAL_Driver/Inc -I../Drivers/STM32H7xx_HAL_Driver/Inc/Legacy -I../Drivers/CMSIS/Device/ST/STM32H7xx/Include -I../Drivers/CMSIS/Include -I../Drivers/BSP/ST7735 -O0 -ffunction-sections -fdata-sections -Wall -fstack-usage -MMD -MP -MF"Core/Src/main.d" -MT"Core/Src/main.o" --specs=nano.specs -mfpu=fpv5-d16 -mfloat-abi=hard -mthumb -o "Core/Src/main.o"
../Core/Src/main.c: In function 'main':
../Core/Src/main.c:200:35: warning: format '%d' expects argument of type 'int', but argument 3 has type 'uint32_t' {aka 'long unsigned int'} [-Wformat=]
  200 |   sprintf((char *)&text,"Parker: %d ms",HAL_GetTick());
      |                                  ~^     ~~~~~~~~~~~~~
      |                                   |     |
      |                                   int   uint32_t {aka long unsigned int}
      |                                  %ld
../Core/Src/main.c:184:18: warning: unused variable 'stimestructureget' [-Wunused-variable]
  184 |  RTC_TimeTypeDef stimestructureget;
      |                  ^~~~~~~~~~~~~~~~~
../Core/Src/main.c:183:18: warning: unused variable 'sdatestructureget' [-Wunused-variable]
  183 |  RTC_DateTypeDef sdatestructureget;
      |                  ^~~~~~~~~~~~~~~~~
At top level:
../Core/Src/main.c:124:13: warning: 'RTC_CalendarShow' defined but not used [-Wunused-function]
  124 | static void RTC_CalendarShow(RTC_DateTypeDef *sdatestructureget,RTC_TimeTypeDef *stimestructureget)
      |             ^~~~~~~~~~~~~~~~
arm-none-eabi-gcc -o "PedalToTheMedal.elf" @"objects.list"   -mcpu=cortex-m7 -T"C:\Users\ParkerPC\Desktop\repos\PedalToTheMedal\workspace\PedalToTheMedal\STM32H750VBTX_FLASH.ld" --specs=nosys.specs -Wl,-Map="PedalToTheMedal.map" -Wl,--gc-sections -static --specs=nano.specs -mfpu=fpv5-d16 -mfloat-abi=hard -mthumb -Wl,--start-group -lc -lm -Wl,--end-group
Finished building target: PedalToTheMedal.elf
 
arm-none-eabi-size   PedalToTheMedal.elf 
arm-none-eabi-objdump -h -S  PedalToTheMedal.elf  > "PedalToTheMedal.list"
arm-none-eabi-objcopy  -O binary  PedalToTheMedal.elf  "PedalToTheMedal.bin"
   text	   data	    bss	    dec	    hex	filename
  65096	    272	   3280	  68648	  10c28	PedalToTheMedal.elf
Finished building: default.size.stdout
 
Finished building: PedalToTheMedal.bin
 
Finished building: PedalToTheMedal.list
 
10:40:42 **** Incremental Build of configuration Debug for project PedalToTheMedal ****
make -j4 all 
arm-none-eabi-gcc "../Core/Src/codec.c" -mcpu=cortex-m7 -std=gnu11 -g3 -DDEBUG -DUSE_HAL_DRIVER -DSTM32H750xx -c -I../Core/Inc -I../Drivers/STM32H7xx_HAL_Driver/Inc -I../Drivers/STM32H7xx_HAL_Driver/Inc/Legacy -I../Drivers/CMSIS/Device/ST/STM32H7xx/Include -I../Drivers/CMSIS/Include -I../Drivers/BSP/ST7735 -O0 -ffunction-sections -fdata-sections -Wall -fstack-usage -MMD -MP -MF"Core/Src/codec.d" -MT"Core/Src/codec.o" --specs=nano.specs -mfpu=fpv5-d16 -mfloat-abi=hard -mthumb -o "Core/Src/codec.o"
../Core/Src/codec.c: In function 'codecCTRLRead':
../Core/Src/codec.c:16:20: warning: unused variable 'status' [-Wunused-variable]
   16 |  HAL_StatusTypeDef status = HAL_I2C_Mem_Read(&hi2c1, deviceAddr, regAddr, I2C_MEMADD_SIZE_16BIT, &data[0], 2, 100);
      |                    ^~~~~~
../Core/Src/codec.c: In function 'getDeviceID':
../Core/Src/codec.c:31:20: warning: unused variable 'status' [-Wunused-variable]
   31 |  HAL_StatusTypeDef status = HAL_I2C_IsDeviceReady(&hi2c1, deviceAddr, 10, 100);
      |                    ^~~~~~
arm-none-eabi-gcc -o "PedalToTheMedal.elf" @"objects.list"   -mcpu=cortex-m7 -T"C:\Users\ParkerPC\Desktop\repos\PedalToTheMedal\workspace\PedalToTheMedal\STM32H750VBTX_FLASH.ld" --specs=nosys.specs -Wl,-Map="PedalToTheMedal.map" -Wl,--gc-sections -static --specs=nano.specs -mfpu=fpv5-d16 -mfloat-abi=hard -mthumb -Wl,--start-group -lc -lm -Wl,--end-group
Finished building target: PedalToTheMedal.elf
 
arm-none-eabi-size   PedalToTheMedal.elf 
arm-none-eabi-objdump -h -S  PedalToTheMedal.elf  > "PedalToTheMedal.list"
arm-none-eabi-objcopy  -O binary  PedalToTheMedal.elf  "PedalToTheMedal.bin"
   text	   data	    bss	    dec	    hex	filename
  65656	    272	   3280	  69208	  10e58	PedalToTheMedal.elf
Finished building: default.size.stdout
 
Finished building: PedalToTheMedal.bin
 
Finished building: PedalToTheMedal.list
 
10:41:08 **** Incremental Build of configuration Debug for project PedalToTheMedal ****
make -j4 all 
arm-none-eabi-size   PedalToTheMedal.elf 
   text	   data	    bss	    dec	    hex	filename
  65656	    272	   3280	  69208	  10e58	PedalToTheMedal.elf
Finished building: default.size.stdout
 
10:41:46 **** Incremental Build of configuration Debug for project PedalToTheMedal ****
make -j4 all 
arm-none-eabi-size   PedalToTheMedal.elf 
   text	   data	    bss	    dec	    hex	filename
  65656	    272	   3280	  69208	  10e58	PedalToTheMedal.elf
Finished building: default.size.stdout
 
14:24:25 **** Incremental Build of configuration Debug for project PedalToTheMedal ****
make -j4 all 
arm-none-eabi-gcc "../Core/Src/codec.c" -mcpu=cortex-m7 -std=gnu11 -g3 -DDEBUG -DUSE_HAL_DRIVER -DSTM32H750xx -c -I../Core/Inc -I../Drivers/STM32H7xx_HAL_Driver/Inc -I../Drivers/STM32H7xx_HAL_Driver/Inc/Legacy -I../Drivers/CMSIS/Device/ST/STM32H7xx/Include -I../Drivers/CMSIS/Include -I../Drivers/BSP/ST7735 -O0 -ffunction-sections -fdata-sections -Wall -fstack-usage -MMD -MP -MF"Core/Src/codec.d" -MT"Core/Src/codec.o" --specs=nano.specs -mfpu=fpv5-d16 -mfloat-abi=hard -mthumb -o "Core/Src/codec.o"
../Core/Src/codec.c: In function 'codecCTRLRead':
../Core/Src/codec.c:18:1: error: 'z' undeclared (first use in this function)
   18 | z return;
      | ^
../Core/Src/codec.c:18:1: note: each undeclared identifier is reported only once for each function it appears in
../Core/Src/codec.c:18:2: error: expected ';' before 'return'
   18 | z return;
      |  ^~~~~~~
      |  ;
../Core/Src/codec.c:17:20: warning: unused variable 'status' [-Wunused-variable]
   17 |  HAL_StatusTypeDef status = HAL_I2C_Mem_Read(&hi2c1, deviceAddr, regAddr, I2C_MEMADD_SIZE_16BIT, &data[0], 2, 100);
      |                    ^~~~~~
../Core/Src/codec.c: In function 'getDeviceID':
../Core/Src/codec.c:32:20: warning: unused variable 'status' [-Wunused-variable]
   32 |  HAL_StatusTypeDef status = HAL_I2C_IsDeviceReady(&hi2c1, deviceAddr, 10, 100);
      |                    ^~~~~~
make: *** [Core/Src/subdir.mk:52: Core/Src/codec.o] Error 1
"make -j4 all" terminated with exit code 2. Build might be incomplete.
14:24:52 **** Incremental Build of configuration Debug for project PedalToTheMedal ****
make -j4 all 
arm-none-eabi-gcc "../Core/Src/codec.c" -mcpu=cortex-m7 -std=gnu11 -g3 -DDEBUG -DUSE_HAL_DRIVER -DSTM32H750xx -c -I../Core/Inc -I../Drivers/STM32H7xx_HAL_Driver/Inc -I../Drivers/STM32H7xx_HAL_Driver/Inc/Legacy -I../Drivers/CMSIS/Device/ST/STM32H7xx/Include -I../Drivers/CMSIS/Include -I../Drivers/BSP/ST7735 -O0 -ffunction-sections -fdata-sections -Wall -fstack-usage -MMD -MP -MF"Core/Src/codec.d" -MT"Core/Src/codec.o" --specs=nano.specs -mfpu=fpv5-d16 -mfloat-abi=hard -mthumb -o "Core/Src/codec.o"
../Core/Src/codec.c: In function 'codecCTRLRead':
../Core/Src/codec.c:17:20: warning: unused variable 'status' [-Wunused-variable]
   17 |  HAL_StatusTypeDef status = HAL_I2C_Mem_Read(&hi2c1, deviceAddr, regAddr, I2C_MEMADD_SIZE_16BIT, &data[0], 2, 100);
      |                    ^~~~~~
../Core/Src/codec.c: In function 'getDeviceID':
../Core/Src/codec.c:32:20: warning: unused variable 'status' [-Wunused-variable]
   32 |  HAL_StatusTypeDef status = HAL_I2C_IsDeviceReady(&hi2c1, deviceAddr, 10, 100);
      |                    ^~~~~~
arm-none-eabi-gcc -o "PedalToTheMedal.elf" @"objects.list"   -mcpu=cortex-m7 -T"C:\Users\ParkerPC\Desktop\repos\PedalToTheMedal\workspace\PedalToTheMedal\STM32H750VBTX_FLASH.ld" --specs=nosys.specs -Wl,-Map="PedalToTheMedal.map" -Wl,--gc-sections -static --specs=nano.specs -mfpu=fpv5-d16 -mfloat-abi=hard -mthumb -Wl,--start-group -lc -lm -Wl,--end-group
c:\st\stm32cubeide_1.8.0\stm32cubeide\plugins\com.st.stm32cube.ide.mcu.externaltools.gnu-tools-for-stm32.9-2020-q2-update.win32_2.0.0.202105311346\tools\arm-none-eabi\bin\ld.exe: ./Core/Src/i2c.o: in function `MX_I2C1_Init':
C:/Users/ParkerPC/Desktop/repos/PedalToTheMedal/workspace/PedalToTheMedal/Debug/../Core/Src/i2c.c:31: multiple definition of `MX_I2C1_Init'; ./Core/Src/codec.o:C:/Users/ParkerPC/Desktop/repos/PedalToTheMedal/workspace/PedalToTheMedal/Debug/../Core/Src/i2c.c:31: first defined here
c:\st\stm32cubeide_1.8.0\stm32cubeide\plugins\com.st.stm32cube.ide.mcu.externaltools.gnu-tools-for-stm32.9-2020-q2-update.win32_2.0.0.202105311346\tools\arm-none-eabi\bin\ld.exe: ./Core/Src/i2c.o: in function `HAL_I2C_MspInit':
C:/Users/ParkerPC/Desktop/repos/PedalToTheMedal/workspace/PedalToTheMedal/Debug/../Core/Src/i2c.c:72: multiple definition of `HAL_I2C_MspInit'; ./Core/Src/codec.o:C:/Users/ParkerPC/Desktop/repos/PedalToTheMedal/workspace/PedalToTheMedal/Debug/../Core/Src/i2c.c:72: first defined here
c:\st\stm32cubeide_1.8.0\stm32cubeide\plugins\com.st.stm32cube.ide.mcu.externaltools.gnu-tools-for-stm32.9-2020-q2-update.win32_2.0.0.202105311346\tools\arm-none-eabi\bin\ld.exe: ./Core/Src/i2c.o: in function `HAL_I2C_MspDeInit':
C:/Users/ParkerPC/Desktop/repos/PedalToTheMedal/workspace/PedalToTheMedal/Debug/../Core/Src/i2c.c:111: multiple definition of `HAL_I2C_MspDeInit'; ./Core/Src/codec.o:C:/Users/ParkerPC/Desktop/repos/PedalToTheMedal/workspace/PedalToTheMedal/Debug/../Core/Src/i2c.c:111: first defined here
collect2.exe: error: ld returned 1 exit status
make: *** [makefile:65: PedalToTheMedal.elf] Error 1
"make -j4 all" terminated with exit code 2. Build might be incomplete.
14:25:28 **** Incremental Build of configuration Debug for project PedalToTheMedal ****
make -j4 all 
arm-none-eabi-gcc -o "PedalToTheMedal.elf" @"objects.list"   -mcpu=cortex-m7 -T"C:\Users\ParkerPC\Desktop\repos\PedalToTheMedal\workspace\PedalToTheMedal\STM32H750VBTX_FLASH.ld" --specs=nosys.specs -Wl,-Map="PedalToTheMedal.map" -Wl,--gc-sections -static --specs=nano.specs -mfpu=fpv5-d16 -mfloat-abi=hard -mthumb -Wl,--start-group -lc -lm -Wl,--end-group
c:\st\stm32cubeide_1.8.0\stm32cubeide\plugins\com.st.stm32cube.ide.mcu.externaltools.gnu-tools-for-stm32.9-2020-q2-update.win32_2.0.0.202105311346\tools\arm-none-eabi\bin\ld.exe: ./Core/Src/i2c.o: in function `MX_I2C1_Init':
C:/Users/ParkerPC/Desktop/repos/PedalToTheMedal/workspace/PedalToTheMedal/Debug/../Core/Src/i2c.c:31: multiple definition of `MX_I2C1_Init'; ./Core/Src/codec.o:C:/Users/ParkerPC/Desktop/repos/PedalToTheMedal/workspace/PedalToTheMedal/Debug/../Core/Src/i2c.c:31: first defined here
c:\st\stm32cubeide_1.8.0\stm32cubeide\plugins\com.st.stm32cube.ide.mcu.externaltools.gnu-tools-for-stm32.9-2020-q2-update.win32_2.0.0.202105311346\tools\arm-none-eabi\bin\ld.exe: ./Core/Src/i2c.o: in function `HAL_I2C_MspInit':
C:/Users/ParkerPC/Desktop/repos/PedalToTheMedal/workspace/PedalToTheMedal/Debug/../Core/Src/i2c.c:72: multiple definition of `HAL_I2C_MspInit'; ./Core/Src/codec.o:C:/Users/ParkerPC/Desktop/repos/PedalToTheMedal/workspace/PedalToTheMedal/Debug/../Core/Src/i2c.c:72: first defined here
c:\st\stm32cubeide_1.8.0\stm32cubeide\plugins\com.st.stm32cube.ide.mcu.externaltools.gnu-tools-for-stm32.9-2020-q2-update.win32_2.0.0.202105311346\tools\arm-none-eabi\bin\ld.exe: ./Core/Src/i2c.o: in function `HAL_I2C_MspDeInit':
C:/Users/ParkerPC/Desktop/repos/PedalToTheMedal/workspace/PedalToTheMedal/Debug/../Core/Src/i2c.c:111: multiple definition of `HAL_I2C_MspDeInit'; ./Core/Src/codec.o:C:/Users/ParkerPC/Desktop/repos/PedalToTheMedal/workspace/PedalToTheMedal/Debug/../Core/Src/i2c.c:111: first defined here
collect2.exe: error: ld returned 1 exit status
make: *** [makefile:65: PedalToTheMedal.elf] Error 1
"make -j4 all" terminated with exit code 2. Build might be incomplete.
14:26:38 **** Incremental Build of configuration Debug for project PedalToTheMedal ****
make -j4 all 
arm-none-eabi-gcc "../Core/Src/codec.c" -mcpu=cortex-m7 -std=gnu11 -g3 -DDEBUG -DUSE_HAL_DRIVER -DSTM32H750xx -c -I../Core/Inc -I../Drivers/STM32H7xx_HAL_Driver/Inc -I../Drivers/STM32H7xx_HAL_Driver/Inc/Legacy -I../Drivers/CMSIS/Device/ST/STM32H7xx/Include -I../Drivers/CMSIS/Include -I../Drivers/BSP/ST7735 -O0 -ffunction-sections -fdata-sections -Wall -fstack-usage -MMD -MP -MF"Core/Src/codec.d" -MT"Core/Src/codec.o" --specs=nano.specs -mfpu=fpv5-d16 -mfloat-abi=hard -mthumb -o "Core/Src/codec.o"
../Core/Src/codec.c: In function 'codecCTRLRead':
../Core/Src/codec.c:17:20: warning: unused variable 'status' [-Wunused-variable]
   17 |  HAL_StatusTypeDef status = HAL_I2C_Mem_Read(&hi2c1, deviceAddr, regAddr, I2C_MEMADD_SIZE_16BIT, &data[0], 2, 100);
      |                    ^~~~~~
../Core/Src/codec.c: In function 'getDeviceID':
[...]
  292 |        sprintf((char *)&text, "Rate (Hz): %s             ", (gcvt(tremoloRate, 3, buf)));
      |                                           ~^                ~~~~~~~~~~~~~~~~~~~~~~~~~~~
      |                                            |                 |
      |                                            char *            int
      |                                           %d
../Core/Src/navswitch.c:310:40: warning: format '%s' expects argument of type 'char *', but argument 3 has type 'int' [-Wformat=]
  310 |        sprintf((char *)&text, "Depth: %s             ", (gcvt(tremoloDepth, 3, buf)));
      |                                       ~^                ~~~~~~~~~~~~~~~~~~~~~~~~~~~~
      |                                        |                 |
      |                                        char *            int
      |                                       %d
../Core/Src/navswitch.c:362:44: warning: format '%s' expects argument of type 'char *', but argument 3 has type 'int' [-Wformat=]
  362 |        sprintf((char *)&text, "Rate (Hz): %s            ", (gcvt(chorusRate, 3, buf)));
      |                                           ~^               ~~~~~~~~~~~~~~~~~~~~~~~~~~
      |                                            |                |
      |                                            char *           int
      |                                           %d
../Core/Src/navswitch.c:382:44: warning: format '%s' expects argument of type 'char *', but argument 3 has type 'int' [-Wformat=]
  382 |        sprintf((char *)&text, "Depth (s): %s             ", (gcvt(chorusTime, 3, buf)));
      |                                           ~^                ~~~~~~~~~~~~~~~~~~~~~~~~~~
      |                                            |                 |
      |                                            char *            int
      |                                           %d
../Core/Src/navswitch.c:402:45: warning: format '%s' expects argument of type 'char *', but argument 3 has type 'int' [-Wformat=]
  402 |        sprintf((char *)&text, "Voice Gain: %s            ", (gcvt(voiceGain, 3, buf)));
      |                                            ~^               ~~~~~~~~~~~~~~~~~~~~~~~~~
      |                                             |                |
      |                                             char *           int
      |                                            %d
../Core/Src/navswitch.c:53:11: warning: unused variable 'currentbright' [-Wunused-variable]
   53 |  uint16_t currentbright;
      |           ^~~~~~~~~~~~~
../Core/Src/navswitch.c: In function 'updateEffect':
../Core/Src/navswitch.c:427:10: warning: unused variable 'text' [-Wunused-variable]
  427 |  uint8_t text[20];
      |          ^~~~
arm-none-eabi-gcc "../Core/Src/rotaryScale.c" -mcpu=cortex-m7 -std=gnu11 -g3 -DDEBUG -DUSE_HAL_DRIVER -DSTM32H750xx -c -I../Core/Inc -I../Drivers/STM32H7xx_HAL_Driver/Inc -I../Drivers/STM32H7xx_HAL_Driver/Inc/Legacy -I../Drivers/CMSIS/Device/ST/STM32H7xx/Include -I../Drivers/CMSIS/Include -I../Drivers/BSP/ST7735 -O0 -ffunction-sections -fdata-sections -Wall -fstack-usage -MMD -MP -MF"Core/Src/rotaryScale.d" -MT"Core/Src/rotaryScale.o" --specs=nano.specs -mfpu=fpv5-d16 -mfloat-abi=hard -mthumb -o "Core/Src/rotaryScale.o"
arm-none-eabi-gcc "../Core/Src/rtc.c" -mcpu=cortex-m7 -std=gnu11 -g3 -DDEBUG -DUSE_HAL_DRIVER -DSTM32H750xx -c -I../Core/Inc -I../Drivers/STM32H7xx_HAL_Driver/Inc -I../Drivers/STM32H7xx_HAL_Driver/Inc/Legacy -I../Drivers/CMSIS/Device/ST/STM32H7xx/Include -I../Drivers/CMSIS/Include -I../Drivers/BSP/ST7735 -O0 -ffunction-sections -fdata-sections -Wall -fstack-usage -MMD -MP -MF"Core/Src/rtc.d" -MT"Core/Src/rtc.o" --specs=nano.specs -mfpu=fpv5-d16 -mfloat-abi=hard -mthumb -o "Core/Src/rtc.o"
../Core/Src/rotaryScale.c:14:8: warning: type defaults to 'int' in declaration of 'position1' [-Wimplicit-int]
   14 | extern position1;
      |        ^~~~~~~~~
../Core/Src/rotaryScale.c: In function 'rotaryScale':
../Core/Src/rotaryScale.c:20:2: warning: enumeration value 'PASSTHROUGH' not handled in switch [-Wswitch]
   20 |  switch(effect_selection){
      |  ^~~~~~
arm-none-eabi-gcc "../Core/Src/spi.c" -mcpu=cortex-m7 -std=gnu11 -g3 -DDEBUG -DUSE_HAL_DRIVER -DSTM32H750xx -c -I../Core/Inc -I../Drivers/STM32H7xx_HAL_Driver/Inc -I../Drivers/STM32H7xx_HAL_Driver/Inc/Legacy -I../Drivers/CMSIS/Device/ST/STM32H7xx/Include -I../Drivers/CMSIS/Include -I../Drivers/BSP/ST7735 -O0 -ffunction-sections -fdata-sections -Wall -fstack-usage -MMD -MP -MF"Core/Src/spi.d" -MT"Core/Src/spi.o" --specs=nano.specs -mfpu=fpv5-d16 -mfloat-abi=hard -mthumb -o "Core/Src/spi.o"
arm-none-eabi-gcc "../Core/Src/stm32h7xx_hal_msp.c" -mcpu=cortex-m7 -std=gnu11 -g3 -DDEBUG -DUSE_HAL_DRIVER -DSTM32H750xx -c -I../Core/Inc -I../Drivers/STM32H7xx_HAL_Driver/Inc -I../Drivers/STM32H7xx_HAL_Driver/Inc/Legacy -I../Drivers/CMSIS/Device/ST/STM32H7xx/Include -I../Drivers/CMSIS/Include -I../Drivers/BSP/ST7735 -O0 -ffunction-sections -fdata-sections -Wall -fstack-usage -MMD -MP -MF"Core/Src/stm32h7xx_hal_msp.d" -MT"Core/Src/stm32h7xx_hal_msp.o" --specs=nano.specs -mfpu=fpv5-d16 -mfloat-abi=hard -mthumb -o "Core/Src/stm32h7xx_hal_msp.o"
arm-none-eabi-gcc "../Core/Src/stm32h7xx_it.c" -mcpu=cortex-m7 -std=gnu11 -g3 -DDEBUG -DUSE_HAL_DRIVER -DSTM32H750xx -c -I../Core/Inc -I../Drivers/STM32H7xx_HAL_Driver/Inc -I../Drivers/STM32H7xx_HAL_Driver/Inc/Legacy -I../Drivers/CMSIS/Device/ST/STM32H7xx/Include -I../Drivers/CMSIS/Include -I../Drivers/BSP/ST7735 -O0 -ffunction-sections -fdata-sections -Wall -fstack-usage -MMD -MP -MF"Core/Src/stm32h7xx_it.d" -MT"Core/Src/stm32h7xx_it.o" --specs=nano.specs -mfpu=fpv5-d16 -mfloat-abi=hard -mthumb -o "Core/Src/stm32h7xx_it.o"
arm-none-eabi-gcc "../Core/Src/syscalls.c" -mcpu=cortex-m7 -std=gnu11 -g3 -DDEBUG -DUSE_HAL_DRIVER -DSTM32H750xx -c -I../Core/Inc -I../Drivers/STM32H7xx_HAL_Driver/Inc -I../Drivers/STM32H7xx_HAL_Driver/Inc/Legacy -I../Drivers/CMSIS/Device/ST/STM32H7xx/Include -I../Drivers/CMSIS/Include -I../Drivers/BSP/ST7735 -O0 -ffunction-sections -fdata-sections -Wall -fstack-usage -MMD -MP -MF"Core/Src/syscalls.d" -MT"Core/Src/syscalls.o" --specs=nano.specs -mfpu=fpv5-d16 -mfloat-abi=hard -mthumb -o "Core/Src/syscalls.o"
arm-none-eabi-gcc "../Core/Src/sysmem.c" -mcpu=cortex-m7 -std=gnu11 -g3 -DDEBUG -DUSE_HAL_DRIVER -DSTM32H750xx -c -I../Core/Inc -I../Drivers/STM32H7xx_HAL_Driver/Inc -I../Drivers/STM32H7xx_HAL_Driver/Inc/Legacy -I../Drivers/CMSIS/Device/ST/STM32H7xx/Include -I../Drivers/CMSIS/Include -I../Drivers/BSP/ST7735 -O0 -ffunction-sections -fdata-sections -Wall -fstack-usage -MMD -MP -MF"Core/Src/sysmem.d" -MT"Core/Src/sysmem.o" --specs=nano.specs -mfpu=fpv5-d16 -mfloat-abi=hard -mthumb -o "Core/Src/sysmem.o"
arm-none-eabi-gcc "../Core/Src/system_stm32h7xx.c" -mcpu=cortex-m7 -std=gnu11 -g3 -DDEBUG -DUSE_HAL_DRIVER -DSTM32H750xx -c -I../Core/Inc -I../Drivers/STM32H7xx_HAL_Driver/Inc -I../Drivers/STM32H7xx_HAL_Driver/Inc/Legacy -I../Drivers/CMSIS/Device/ST/STM32H7xx/Include -I../Drivers/CMSIS/Include -I../Drivers/BSP/ST7735 -O0 -ffunction-sections -fdata-sections -Wall -fstack-usage -MMD -MP -MF"Core/Src/system_stm32h7xx.d" -MT"Core/Src/system_stm32h7xx.o" --specs=nano.specs -mfpu=fpv5-d16 -mfloat-abi=hard -mthumb -o "Core/Src/system_stm32h7xx.o"
arm-none-eabi-gcc "../Core/Src/tim.c" -mcpu=cortex-m7 -std=gnu11 -g3 -DDEBUG -DUSE_HAL_DRIVER -DSTM32H750xx -c -I../Core/Inc -I../Drivers/STM32H7xx_HAL_Driver/Inc -I../Drivers/STM32H7xx_HAL_Driver/Inc/Legacy -I../Drivers/CMSIS/Device/ST/STM32H7xx/Include -I../Drivers/CMSIS/Include -I../Drivers/BSP/ST7735 -O0 -ffunction-sections -fdata-sections -Wall -fstack-usage -MMD -MP -MF"Core/Src/tim.d" -MT"Core/Src/tim.o" --specs=nano.specs -mfpu=fpv5-d16 -mfloat-abi=hard -mthumb -o "Core/Src/tim.o"
arm-none-eabi-gcc "../Core/Src/tremoloEffect.c" -mcpu=cortex-m7 -std=gnu11 -g3 -DDEBUG -DUSE_HAL_DRIVER -DSTM32H750xx -c -I../Core/Inc -I../Drivers/STM32H7xx_HAL_Driver/Inc -I../Drivers/STM32H7xx_HAL_Driver/Inc/Legacy -I../Drivers/CMSIS/Device/ST/STM32H7xx/Include -I../Drivers/CMSIS/Include -I../Drivers/BSP/ST7735 -O0 -ffunction-sections -fdata-sections -Wall -fstack-usage -MMD -MP -MF"Core/Src/tremoloEffect.d" -MT"Core/Src/tremoloEffect.o" --specs=nano.specs -mfpu=fpv5-d16 -mfloat-abi=hard -mthumb -o "Core/Src/tremoloEffect.o"
arm-none-eabi-gcc "../Core/Src/undersamplingEffect.c" -mcpu=cortex-m7 -std=gnu11 -g3 -DDEBUG -DUSE_HAL_DRIVER -DSTM32H750xx -c -I../Core/Inc -I../Drivers/STM32H7xx_HAL_Driver/Inc -I../Drivers/STM32H7xx_HAL_Driver/Inc/Legacy -I../Drivers/CMSIS/Device/ST/STM32H7xx/Include -I../Drivers/CMSIS/Include -I../Drivers/BSP/ST7735 -O0 -ffunction-sections -fdata-sections -Wall -fstack-usage -MMD -MP -MF"Core/Src/undersamplingEffect.d" -MT"Core/Src/undersamplingEffect.o" --specs=nano.specs -mfpu=fpv5-d16 -mfloat-abi=hard -mthumb -o "Core/Src/undersamplingEffect.o"
arm-none-eabi-gcc -o "PedalToTheMedal.elf" @"objects.list"   -mcpu=cortex-m7 -T"C:\Users\ParkerPC\Desktop\repos\PedalToTheMedal\workspace\PedalToTheMedal\STM32H750VBTX_FLASH.ld" --specs=nosys.specs -Wl,-Map="PedalToTheMedal.map" -Wl,--gc-sections -static --specs=nano.specs -mfpu=fpv5-d16 -mfloat-abi=hard -mthumb -Wl,--start-group -lc -lm -Wl,--end-group
Finished building target: PedalToTheMedal.elf
 
arm-none-eabi-size   PedalToTheMedal.elf 
arm-none-eabi-objdump -h -S  PedalToTheMedal.elf  > "PedalToTheMedal.list"
arm-none-eabi-objcopy  -O binary  PedalToTheMedal.elf  "PedalToTheMedal.bin"
   text	   data	    bss	    dec	    hex	filename
 100964	    272	 268440	 369676	  5a40c	PedalToTheMedal.elf
Finished building: default.size.stdout
 
Finished building: PedalToTheMedal.bin
 
Finished building: PedalToTheMedal.list
 
10:58:09 **** Incremental Build of configuration Debug for project PedalToTheMedal ****
make -j4 all 
arm-none-eabi-gcc "../Core/Src/navswitch.c" -mcpu=cortex-m7 -std=gnu11 -g3 -DDEBUG -DUSE_HAL_DRIVER -DSTM32H750xx -c -I../Core/Inc -I../Drivers/STM32H7xx_HAL_Driver/Inc -I../Drivers/STM32H7xx_HAL_Driver/Inc/Legacy -I../Drivers/CMSIS/Device/ST/STM32H7xx/Include -I../Drivers/CMSIS/Include -I../Drivers/BSP/ST7735 -O0 -ffunction-sections -fdata-sections -Wall -fstack-usage -MMD -MP -MF"Core/Src/navswitch.d" -MT"Core/Src/navswitch.o" --specs=nano.specs -mfpu=fpv5-d16 -mfloat-abi=hard -mthumb -o "Core/Src/navswitch.o"
../Core/Src/navswitch.c:32:8: warning: type defaults to 'int' in declaration of 'effect_selection' [-Wimplicit-int]
   32 | extern effect_selection;
      |        ^~~~~~~~~~~~~~~~
../Core/Src/navswitch.c:33:8: warning: type defaults to 'int' in declaration of 'param_select' [-Wimplicit-int]
   33 | extern param_select;
      |        ^~~~~~~~~~~~
../Core/Src/navswitch.c:34:8: warning: type defaults to 'int' in declaration of 'position1' [-Wimplicit-int]
   34 | extern position1;
      |        ^~~~~~~~~
../Core/Src/navswitch.c:35:9: warning: type defaults to 'int' in declaration of 'curEffect' [-Wimplicit-int]
   35 | extern *curEffect;
      |         ^~~~~~~~~
../Core/Src/navswitch.c:39:8: warning: type defaults to 'int' in declaration of 'secdelay' [-Wimplicit-int]
   39 | extern secdelay;
      |        ^~~~~~~~
../Core/Src/navswitch.c: In function 'checkGPIO':
../Core/Src/navswitch.c:153:55: warning: implicit declaration of function 'gcvt' [-Wimplicit-function-declaration]
  153 |      sprintf((char *)&text, "usFactor: %s         ", (gcvt(usFactor, 3, buf)));
      |                                                       ^~~~
../Core/Src/navswitch.c:153:41: warning: format '%s' expects argument of type 'char *', but argument 3 has type 'int' [-Wformat=]
  153 |      sprintf((char *)&text, "usFactor: %s         ", (gcvt(usFactor, 3, buf)));
      |                                        ~^            ~~~~~~~~~~~~~~~~~~~~~~~~
      |                                         |             |
      |                                         char *        int
      |                                        %d
../Core/Src/navswitch.c:187:44: warning: format '%s' expects argument of type 'char *', but argument 3 has type 'int' [-Wformat=]
  187 |        sprintf((char *)&text, "Delay (s): %s        ", (gcvt(secondDelay, 3, buf)));
      |                                           ~^           ~~~~~~~~~~~~~~~~~~~~~~~~~~~
      |                                            |            |
      |                                            char *       int
      |                                           %d
../Core/Src/navswitch.c:205:45: warning: format '%s' expects argument of type 'char *', but argument 3 has type 'int' [-Wformat=]
  205 |        sprintf((char *)&text, "Clean Gain: %s          ", (gcvt(cleanGain, 3, buf)));
      |                                            ~^             ~~~~~~~~~~~~~~~~~~~~~~~~~
      |                                             |              |
      |                                             char *         int
      |                                            %d
../Core/Src/navswitch.c:223:45: warning: format '%s' expects argument of type 'char *', but argument 3 has type 'int' [-Wformat=]
  223 |        sprintf((char *)&text, "Delay Gain: %s           ", (gcvt(delayGain, 3, buf)));
      |                                            ~^              ~~~~~~~~~~~~~~~~~~~~~~~~~
      |                                             |               |
      |                                             char *          int
      |                                            %d
../Core/Src/navswitch.c:292:44: warning: format '%s' expects argument of type 'char *', but argument 3 has type 'int' [-Wformat=]
  292 |        sprintf((char *)&text, "Rate (Hz): %s             ", (gcvt(tremoloRate, 3, buf)));
      |                                           ~^                ~~~~~~~~~~~~~~~~~~~~~~~~~~~
      |                                            |                 |
      |                                            char *            int
      |                                           %d
../Core/Src/navswitch.c:310:40: warning: format '%s' expects argument of type 'char *', but argument 3 has type 'int' [-Wformat=]
  310 |        sprintf((char *)&text, "Depth: %s             ", (gcvt(tremoloDepth, 3, buf)));
      |                                       ~^                ~~~~~~~~~~~~~~~~~~~~~~~~~~~~
      |                                        |                 |
      |                                        char *            int
      |                                       %d
../Core/Src/navswitch.c:362:44: warning: format '%s' expects argument of type 'char *', but argument 3 has type 'int' [-Wformat=]
  362 |        sprintf((char *)&text, "Rate (Hz): %s            ", (gcvt(chorusRate, 3, buf)));
      |                                           ~^               ~~~~~~~~~~~~~~~~~~~~~~~~~~
      |                                            |                |
      |                                            char *           int
      |                                           %d
../Core/Src/navswitch.c:384:44: warning: format '%s' expects argument of type 'char *', but argument 3 has type 'int' [-Wformat=]
  384 |        sprintf((char *)&text, "Depth (s): %s             ", (gcvt(chorusTime, 5, buf)));
      |                                           ~^                ~~~~~~~~~~~~~~~~~~~~~~~~~~
      |                                            |                 |
      |                                            char *            int
      |                                           %d
../Core/Src/navswitch.c:404:45: warning: format '%s' expects argument of type 'char *', but argument 3 has type 'int' [-Wformat=]
  404 |        sprintf((char *)&text, "Voice Gain: %s            ", (gcvt(voiceGain, 3, buf)));
      |                                            ~^               ~~~~~~~~~~~~~~~~~~~~~~~~~
      |                                             |                |
      |                                             char *           int
      |                                            %d
../Core/Src/navswitch.c:53:11: warning: unused variable 'currentbright' [-Wunused-variable]
   53 |  uint16_t currentbright;
      |           ^~~~~~~~~~~~~
../Core/Src/navswitch.c: In function 'updateEffect':
../Core/Src/navswitch.c:429:10: warning: unused variable 'text' [-Wunused-variable]
  429 |  uint8_t text[20];
      |          ^~~~
arm-none-eabi-gcc -o "PedalToTheMedal.elf" @"objects.list"   -mcpu=cortex-m7 -T"C:\Users\ParkerPC\Desktop\repos\PedalToTheMedal\workspace\PedalToTheMedal\STM32H750VBTX_FLASH.ld" --specs=nosys.specs -Wl,-Map="PedalToTheMedal.map" -Wl,--gc-sections -static --specs=nano.specs -mfpu=fpv5-d16 -mfloat-abi=hard -mthumb -Wl,--start-group -lc -lm -Wl,--end-group
Finished building target: PedalToTheMedal.elf
 
arm-none-eabi-size   PedalToTheMedal.elf 
arm-none-eabi-objdump -h -S  PedalToTheMedal.elf  > "PedalToTheMedal.list"
arm-none-eabi-objcopy  -O binary  PedalToTheMedal.elf  "PedalToTheMedal.bin"
   text	   data	    bss	    dec	    hex	filename
 100972	    272	 268440	 369684	  5a414	PedalToTheMedal.elf
Finished building: default.size.stdout
 
Finished building: PedalToTheMedal.bin
 
Finished building: PedalToTheMedal.list
 
11:01:35 **** Incremental Build of configuration Debug for project PedalToTheMedal ****
make -j4 all 
arm-none-eabi-gcc "../Core/Src/main.c" -mcpu=cortex-m7 -std=gnu11 -g3 -DDEBUG -DUSE_HAL_DRIVER -DSTM32H750xx -c -I../Core/Inc -I../Drivers/STM32H7xx_HAL_Driver/Inc -I../Drivers/STM32H7xx_HAL_Driver/Inc/Legacy -I../Drivers/CMSIS/Device/ST/STM32H7xx/Include -I../Drivers/CMSIS/Include -I../Drivers/BSP/ST7735 -O0 -ffunction-sections -fdata-sections -Wall -fstack-usage -MMD -MP -MF"Core/Src/main.d" -MT"Core/Src/main.o" --specs=nano.specs -mfpu=fpv5-d16 -mfloat-abi=hard -mthumb -o "Core/Src/main.o"
../Core/Src/main.c: In function 'main':
../Core/Src/main.c:217:18: warning: unused variable 'stimestructureget' [-Wunused-variable]
  217 |  RTC_TimeTypeDef stimestructureget;
      |                  ^~~~~~~~~~~~~~~~~
../Core/Src/main.c:216:18: warning: unused variable 'sdatestructureget' [-Wunused-variable]
  216 |  RTC_DateTypeDef sdatestructureget;
      |                  ^~~~~~~~~~~~~~~~~
../Core/Src/main.c:215:10: warning: unused variable 'text' [-Wunused-variable]
  215 |  uint8_t text[20];
      |          ^~~~
At top level:
../Core/Src/main.c:151:13: warning: 'RTC_CalendarShow' defined but not used [-Wunused-function]
  151 | static void RTC_CalendarShow(RTC_DateTypeDef *sdatestructureget,RTC_TimeTypeDef *stimestructureget)
      |             ^~~~~~~~~~~~~~~~
../Core/Src/main.c:129:13: warning: 'CPU_CACHE_Enable' defined but not used [-Wunused-function]
  129 | static void CPU_CACHE_Enable(void)
      |             ^~~~~~~~~~~~~~~~
arm-none-eabi-gcc -o "PedalToTheMedal.elf" @"objects.list"   -mcpu=cortex-m7 -T"C:\Users\ParkerPC\Desktop\repos\PedalToTheMedal\workspace\PedalToTheMedal\STM32H750VBTX_FLASH.ld" --specs=nosys.specs -Wl,-Map="PedalToTheMedal.map" -Wl,--gc-sections -static --specs=nano.specs -mfpu=fpv5-d16 -mfloat-abi=hard -mthumb -Wl,--start-group -lc -lm -Wl,--end-group
Finished building target: PedalToTheMedal.elf
 
arm-none-eabi-size   PedalToTheMedal.elf 
arm-none-eabi-objdump -h -S  PedalToTheMedal.elf  > "PedalToTheMedal.list"
arm-none-eabi-objcopy  -O binary  PedalToTheMedal.elf  "PedalToTheMedal.bin"
   text	   data	    bss	    dec	    hex	filename
 100972	    272	 268440	 369684	  5a414	PedalToTheMedal.elf
Finished building: default.size.stdout
 
Finished building: PedalToTheMedal.bin
 
Finished building: PedalToTheMedal.list
 
15:51:27 **** Incremental Build of configuration Debug for project PedalToTheMedal ****
make -j4 all 
arm-none-eabi-size   PedalToTheMedal.elf 
   text	   data	    bss	    dec	    hex	filename
 100972	    272	 268440	 369684	  5a414	PedalToTheMedal.elf
Finished building: default.size.stdout
 
