Archive member included to satisfy reference by file (symbol)

c:/st/stm32cubeide_1.8.0/stm32cubeide/plugins/com.st.stm32cube.ide.mcu.externaltools.gnu-tools-for-stm32.9-2020-q2-update.win32_2.0.0.202105311346/tools/bin/../lib/gcc/arm-none-eabi/9.3.1/../../../../arm-none-eabi/lib/thumb/v7e-m+dp/hard\libc_nano.a(lib_a-errno.o)
                              ./Core/Src/syscalls.o (__errno)
c:/st/stm32cubeide_1.8.0/stm32cubeide/plugins/com.st.stm32cube.ide.mcu.externaltools.gnu-tools-for-stm32.9-2020-q2-update.win32_2.0.0.202105311346/tools/bin/../lib/gcc/arm-none-eabi/9.3.1/../../../../arm-none-eabi/lib/thumb/v7e-m+dp/hard\libc_nano.a(lib_a-exit.o)
                              c:/st/stm32cubeide_1.8.0/stm32cubeide/plugins/com.st.stm32cube.ide.mcu.externaltools.gnu-tools-for-stm32.9-2020-q2-update.win32_2.0.0.202105311346/tools/bin/../lib/gcc/arm-none-eabi/9.3.1/../../../../arm-none-eabi/lib/thumb/v7e-m+dp/hard/crt0.o (exit)
c:/st/stm32cubeide_1.8.0/stm32cubeide/plugins/com.st.stm32cube.ide.mcu.externaltools.gnu-tools-for-stm32.9-2020-q2-update.win32_2.0.0.202105311346/tools/bin/../lib/gcc/arm-none-eabi/9.3.1/../../../../arm-none-eabi/lib/thumb/v7e-m+dp/hard\libc_nano.a(lib_a-impure.o)
                              c:/st/stm32cubeide_1.8.0/stm32cubeide/plugins/com.st.stm32cube.ide.mcu.externaltools.gnu-tools-for-stm32.9-2020-q2-update.win32_2.0.0.202105311346/tools/bin/../lib/gcc/arm-none-eabi/9.3.1/../../../../arm-none-eabi/lib/thumb/v7e-m+dp/hard\libc_nano.a(lib_a-exit.o) (_global_impure_ptr)
c:/st/stm32cubeide_1.8.0/stm32cubeide/plugins/com.st.stm32cube.ide.mcu.externaltools.gnu-tools-for-stm32.9-2020-q2-update.win32_2.0.0.202105311346/tools/bin/../lib/gcc/arm-none-eabi/9.3.1/../../../../arm-none-eabi/lib/thumb/v7e-m+dp/hard\libc_nano.a(lib_a-init.o)
                              c:/st/stm32cubeide_1.8.0/stm32cubeide/plugins/com.st.stm32cube.ide.mcu.externaltools.gnu-tools-for-stm32.9-2020-q2-update.win32_2.0.0.202105311346/tools/bin/../lib/gcc/arm-none-eabi/9.3.1/../../../../arm-none-eabi/lib/thumb/v7e-m+dp/hard/crt0.o (__libc_init_array)
c:/st/stm32cubeide_1.8.0/stm32cubeide/plugins/com.st.stm32cube.ide.mcu.externaltools.gnu-tools-for-stm32.9-2020-q2-update.win32_2.0.0.202105311346/tools/bin/../lib/gcc/arm-none-eabi/9.3.1/../../../../arm-none-eabi/lib/thumb/v7e-m+dp/hard\libc_nano.a(lib_a-memset.o)
                              c:/st/stm32cubeide_1.8.0/stm32cubeide/plugins/com.st.stm32cube.ide.mcu.externaltools.gnu-tools-for-stm32.9-2020-q2-update.win32_2.0.0.202105311346/tools/bin/../lib/gcc/arm-none-eabi/9.3.1/../../../../arm-none-eabi/lib/thumb/v7e-m+dp/hard/crt0.o (memset)
c:/st/stm32cubeide_1.8.0/stm32cubeide/plugins/com.st.stm32cube.ide.mcu.externaltools.gnu-tools-for-stm32.9-2020-q2-update.win32_2.0.0.202105311346/tools/bin/../lib/gcc/arm-none-eabi/9.3.1/../../../../arm-none-eabi/lib/thumb/v7e-m+dp/hard\libc_nano.a(lib_a-sprintf.o)
                              ./Core/Src/main.o (sprintf)
c:/st/stm32cubeide_1.8.0/stm32cubeide/plugins/com.st.stm32cube.ide.mcu.externaltools.gnu-tools-for-stm32.9-2020-q2-update.win32_2.0.0.202105311346/tools/bin/../lib/gcc/arm-none-eabi/9.3.1/../../../../arm-none-eabi/lib/thumb/v7e-m+dp/hard\libc_nano.a(lib_a-nano-svfprintf.o)
                              c:/st/stm32cubeide_1.8.0/stm32cubeide/plugins/com.st.stm32cube.ide.mcu.externaltools.gnu-tools-for-stm32.9-2020-q2-update.win32_2.0.0.202105311346/tools/bin/../lib/gcc/arm-none-eabi/9.3.1/../../../../arm-none-eabi/lib/thumb/v7e-m+dp/hard\libc_nano.a(lib_a-sprintf.o) (_svfprintf_r)
c:/st/stm32cubeide_1.8.0/stm32cubeide/plugins/com.st.stm32cube.ide.mcu.externaltools.gnu-tools-for-stm32.9-2020-q2-update.win32_2.0.0.202105311346/tools/bin/../lib/gcc/arm-none-eabi/9.3.1/../../../../arm-none-eabi/lib/thumb/v7e-m+dp/hard\libc_nano.a(lib_a-nano-vfprintf_i.o)
                              c:/st/stm32cubeide_1.8.0/stm32cubeide/plugins/com.st.stm32cube.ide.mcu.externaltools.gnu-tools-for-stm32.9-2020-q2-update.win32_2.0.0.202105311346/tools/bin/../lib/gcc/arm-none-eabi/9.3.1/../../../../arm-none-eabi/lib/thumb/v7e-m+dp/hard\libc_nano.a(lib_a-nano-svfprintf.o) (_printf_i)
c:/st/stm32cubeide_1.8.0/stm32cubeide/plugins/com.st.stm32cube.ide.mcu.externaltools.gnu-tools-for-stm32.9-2020-q2-update.win32_2.0.0.202105311346/tools/bin/../lib/gcc/arm-none-eabi/9.3.1/../../../../arm-none-eabi/lib/thumb/v7e-m+dp/hard\libc_nano.a(lib_a-memchr.o)
                              c:/st/stm32cubeide_1.8.0/stm32cubeide/plugins/com.st.stm32cube.ide.mcu.externaltools.gnu-tools-for-stm32.9-2020-q2-update.win32_2.0.0.202105311346/tools/bin/../lib/gcc/arm-none-eabi/9.3.1/../../../../arm-none-eabi/lib/thumb/v7e-m+dp/hard\libc_nano.a(lib_a-nano-svfprintf.o) (memchr)
c:/st/stm32cubeide_1.8.0/stm32cubeide/plugins/com.st.stm32cube.ide.mcu.externaltools.gnu-tools-for-stm32.9-2020-q2-update.win32_2.0.0.202105311346/tools/bin/../lib/gcc/arm-none-eabi/9.3.1/../../../../arm-none-eabi/lib/thumb/v7e-m+dp/hard\libc_nano.a(lib_a-memcpy-stub.o)
[...]
Memory Configuration

Name             Origin             Length             Attributes
FLASH            0x0000000008000000 0x0000000000020000 xr
DTCMRAM          0x0000000020000000 0x0000000000020000 xrw
RAM_D1           0x0000000024000000 0x0000000000080000 xrw
RAM_D2           0x0000000030000000 0x0000000000048000 xrw
RAM_D3           0x0000000038000000 0x0000000000010000 xrw
ITCMRAM          0x0000000000000000 0x0000000000010000 xrw
*default*        0x0000000000000000 0xffffffffffffffff

Linker script and memory map

LOAD c:/st/stm32cubeide_1.8.0/stm32cubeide/plugins/com.st.stm32cube.ide.mcu.externaltools.gnu-tools-for-stm32.9-2020-q2-update.win32_2.0.0.202105311346/tools/bin/../lib/gcc/arm-none-eabi/9.3.1/thumb/v7e-m+dp/hard/crti.o
LOAD c:/st/stm32cubeide_1.8.0/stm32cubeide/plugins/com.st.stm32cube.ide.mcu.externaltools.gnu-tools-for-stm32.9-2020-q2-update.win32_2.0.0.202105311346/tools/bin/../lib/gcc/arm-none-eabi/9.3.1/thumb/v7e-m+dp/hard/crtbegin.o
LOAD c:/st/stm32cubeide_1.8.0/stm32cubeide/plugins/com.st.stm32cube.ide.mcu.externaltools.gnu-tools-for-stm32.9-2020-q2-update.win32_2.0.0.202105311346/tools/bin/../lib/gcc/arm-none-eabi/9.3.1/../../../../arm-none-eabi/lib/thumb/v7e-m+dp/hard/crt0.o
LOAD ./Core/Src/gpio.o
LOAD ./Core/Src/main.o
LOAD ./Core/Src/rtc.o
LOAD ./Core/Src/spi.o
LOAD ./Core/Src/stm32h7xx_hal_msp.o
LOAD ./Core/Src/stm32h7xx_it.o
LOAD ./Core/Src/syscalls.o
LOAD ./Core/Src/sysmem.o
LOAD ./Core/Src/system_stm32h7xx.o
LOAD ./Core/Src/tim.o
LOAD ./Core/Startup/startup_stm32h750vbtx.o
LOAD ./Drivers/BSP/ST7735/lcd.o
LOAD ./Drivers/BSP/ST7735/logo_128_160.o
LOAD ./Drivers/BSP/ST7735/logo_160_80.o
LOAD ./Drivers/BSP/ST7735/st7735.o
LOAD ./Drivers/BSP/ST7735/st7735_reg.o
LOAD ./Drivers/STM32H7xx_HAL_Driver/Src/stm32h7xx_hal.o
LOAD ./Drivers/STM32H7xx_HAL_Driver/Src/stm32h7xx_hal_cortex.o
LOAD ./Drivers/STM32H7xx_HAL_Driver/Src/stm32h7xx_hal_dma.o
LOAD ./Drivers/STM32H7xx_HAL_Driver/Src/stm32h7xx_hal_dma_ex.o
LOAD ./Drivers/STM32H7xx_HAL_Driver/Src/stm32h7xx_hal_exti.o
LOAD ./Drivers/STM32H7xx_HAL_Driver/Src/stm32h7xx_hal_flash.o
LOAD ./Drivers/STM32H7xx_HAL_Driver/Src/stm32h7xx_hal_flash_ex.o
LOAD ./Drivers/STM32H7xx_HAL_Driver/Src/stm32h7xx_hal_gpio.o
LOAD ./Drivers/STM32H7xx_HAL_Driver/Src/stm32h7xx_hal_hsem.o
LOAD ./Drivers/STM32H7xx_HAL_Driver/Src/stm32h7xx_hal_i2c.o
LOAD ./Drivers/STM32H7xx_HAL_Driver/Src/stm32h7xx_hal_i2c_ex.o
LOAD ./Drivers/STM32H7xx_HAL_Driver/Src/stm32h7xx_hal_mdma.o
LOAD ./Drivers/STM32H7xx_HAL_Driver/Src/stm32h7xx_hal_pwr.o
LOAD ./Drivers/STM32H7xx_HAL_Driver/Src/stm32h7xx_hal_pwr_ex.o
LOAD ./Drivers/STM32H7xx_HAL_Driver/Src/stm32h7xx_hal_rcc.o
LOAD ./Drivers/STM32H7xx_HAL_Driver/Src/stm32h7xx_hal_rcc_ex.o
LOAD ./Drivers/STM32H7xx_HAL_Driver/Src/stm32h7xx_hal_rtc.o
LOAD ./Drivers/STM32H7xx_HAL_Driver/Src/stm32h7xx_hal_rtc_ex.o
LOAD ./Drivers/STM32H7xx_HAL_Driver/Src/stm32h7xx_hal_spi.o
LOAD ./Drivers/STM32H7xx_HAL_Driver/Src/stm32h7xx_hal_spi_ex.o
LOAD ./Drivers/STM32H7xx_HAL_Driver/Src/stm32h7xx_hal_tim.o
LOAD ./Drivers/STM32H7xx_HAL_Driver/Src/stm32h7xx_hal_tim_ex.o
START GROUP
LOAD c:/st/stm32cubeide_1.8.0/stm32cubeide/plugins/com.st.stm32cube.ide.mcu.externaltools.gnu-tools-for-stm32.9-2020-q2-update.win32_2.0.0.202105311346/tools/bin/../lib/gcc/arm-none-eabi/9.3.1/../../../../arm-none-eabi/lib/thumb/v7e-m+dp/hard\libc_nano.a
LOAD c:/st/stm32cubeide_1.8.0/stm32cubeide/plugins/com.st.stm32cube.ide.mcu.externaltools.gnu-tools-for-stm32.9-2020-q2-update.win32_2.0.0.202105311346/tools/bin/../lib/gcc/arm-none-eabi/9.3.1/../../../../arm-none-eabi/lib/thumb/v7e-m+dp/hard\libm.a
END GROUP
START GROUP
LOAD c:/st/stm32cubeide_1.8.0/stm32cubeide/plugins/com.st.stm32cube.ide.mcu.externaltools.gnu-tools-for-stm32.9-2020-q2-update.win32_2.0.0.202105311346/tools/bin/../lib/gcc/arm-none-eabi/9.3.1/thumb/v7e-m+dp/hard\libgcc.a
LOAD c:/st/stm32cubeide_1.8.0/stm32cubeide/plugins/com.st.stm32cube.ide.mcu.externaltools.gnu-tools-for-stm32.9-2020-q2-update.win32_2.0.0.202105311346/tools/bin/../lib/gcc/arm-none-eabi/9.3.1/../../../../arm-none-eabi/lib/thumb/v7e-m+dp/hard\libc_nano.a
END GROUP
START GROUP
LOAD c:/st/stm32cubeide_1.8.0/stm32cubeide/plugins/com.st.stm32cube.ide.mcu.externaltools.gnu-tools-for-stm32.9-2020-q2-update.win32_2.0.0.202105311346/tools/bin/../lib/gcc/arm-none-eabi/9.3.1/thumb/v7e-m+dp/hard\libgcc.a
LOAD c:/st/stm32cubeide_1.8.0/stm32cubeide/plugins/com.st.stm32cube.ide.mcu.externaltools.gnu-tools-for-stm32.9-2020-q2-update.win32_2.0.0.202105311346/tools/bin/../lib/gcc/arm-none-eabi/9.3.1/../../../../arm-none-eabi/lib/thumb/v7e-m+dp/hard\libc_nano.a
LOAD c:/st/stm32cubeide_1.8.0/stm32cubeide/plugins/com.st.stm32cube.ide.mcu.externaltools.gnu-tools-for-stm32.9-2020-q2-update.win32_2.0.0.202105311346/tools/bin/../lib/gcc/arm-none-eabi/9.3.1/../../../../arm-none-eabi/lib/thumb/v7e-m+dp/hard\libnosys.a
END GROUP
START GROUP
LOAD c:/st/stm32cubeide_1.8.0/stm32cubeide/plugins/com.st.stm32cube.ide.mcu.externaltools.gnu-tools-for-stm32.9-2020-q2-update.win32_2.0.0.202105311346/tools/bin/../lib/gcc/arm-none-eabi/9.3.1/thumb/v7e-m+dp/hard\libgcc.a
LOAD c:/st/stm32cubeide_1.8.0/stm32cubeide/plugins/com.st.stm32cube.ide.mcu.externaltools.gnu-tools-for-stm32.9-2020-q2-update.win32_2.0.0.202105311346/tools/bin/../lib/gcc/arm-none-eabi/9.3.1/../../../../arm-none-eabi/lib/thumb/v7e-m+dp/hard\libc_nano.a
LOAD c:/st/stm32cubeide_1.8.0/stm32cubeide/plugins/com.st.stm32cube.ide.mcu.externaltools.gnu-tools-for-stm32.9-2020-q2-update.win32_2.0.0.202105311346/tools/bin/../lib/gcc/arm-none-eabi/9.3.1/../../../../arm-none-eabi/lib/thumb/v7e-m+dp/hard\libnosys.a
END GROUP
LOAD c:/st/stm32cubeide_1.8.0/stm32cubeide/plugins/com.st.stm32cube.ide.mcu.externaltools.gnu-tools-for-stm32.9-2020-q2-update.win32_2.0.0.202105311346/tools/bin/../lib/gcc/arm-none-eabi/9.3.1/thumb/v7e-m+dp/hard/crtend.o
LOAD c:/st/stm32cubeide_1.8.0/stm32cubeide/plugins/com.st.stm32cube.ide.mcu.externaltools.gnu-tools-for-stm32.9-2020-q2-update.win32_2.0.0.202105311346/tools/bin/../lib/gcc/arm-none-eabi/9.3.1/thumb/v7e-m+dp/hard/crtn.o
                0x0000000024080000                _estack = (ORIGIN (RAM_D1) + LENGTH (RAM_D1))
                0x0000000000000200                _Min_Heap_Size = 0x200
                0x0000000000000400                _Min_Stack_Size = 0x400

.isr_vector     0x0000000008000000      0x298
                0x0000000008000000                . = ALIGN (0x4)
 *(.isr_vector)
 .isr_vector    0x0000000008000000      0x298 ./Core/Startup/startup_stm32h750vbtx.o
                0x0000000008000000                g_pfnVectors
                0x0000000008000298                . = ALIGN (0x4)

.text           0x00000000080002a0     0x8160
                0x00000000080002a0                . = ALIGN (0x4)
 *(.text)
 .text          0x00000000080002a0       0x40 c:/st/stm32cubeide_1.8.0/stm32cubeide/plugins/com.st.stm32cube.ide.mcu.externaltools.gnu-tools-for-stm32.9-2020-q2-update.win32_2.0.0.202105311346/tools/bin/../lib/gcc/arm-none-eabi/9.3.1/thumb/v7e-m+dp/hard/crtbegin.o
 .text          0x00000000080002e0       0xa0 c:/st/stm32cubeide_1.8.0/stm32cubeide/plugins/com.st.stm32cube.ide.mcu.externaltools.gnu-tools-for-stm32.9-2020-q2-update.win32_2.0.0.202105311346/tools/bin/../lib/gcc/arm-none-eabi/9.3.1/../../../../arm-none-eabi/lib/thumb/v7e-m+dp/hard\libc_nano.a(lib_a-memchr.o)
                0x00000000080002e0                memchr
 *(.text*)
 .text.MX_GPIO_Init
                0x0000000008000380      0x10c ./Core/Src/gpio.o
                0x0000000008000380                MX_GPIO_Init
 .text.MPU_Config
                0x000000000800048c       0x90 ./Core/Src/main.o
 .text.CPU_CACHE_Enable
                0x000000000800051c       0xdc ./Core/Src/main.o
 .text.LED_Blink
                0x00000000080005f8       0x40 ./Core/Src/main.o
 .text.main     0x0000000008000638       0x88 ./Core/Src/main.o
                0x0000000008000638                main
 .text.SystemClock_Config
                0x00000000080006c0      0x110 ./Core/Src/main.o
                0x00000000080006c0                SystemClock_Config
 .text.Error_Handler
                0x00000000080007d0       0x14 ./Core/Src/main.o
                0x00000000080007d0                Error_Handler
 .text.MX_RTC_Init
                0x00000000080007e4       0xb8 ./Core/Src/rtc.o
                0x00000000080007e4                MX_RTC_Init
 .text.HAL_RTC_MspInit
                0x000000000800089c       0x60 ./Core/Src/rtc.o
                0x000000000800089c                HAL_RTC_MspInit
 .text.MX_SPI4_Init
                0x00000000080008fc       0xb0 ./Core/Src/spi.o
                0x00000000080008fc                MX_SPI4_Init
 .text.HAL_SPI_MspInit
                0x00000000080009ac       0xcc ./Core/Src/spi.o
                0x00000000080009ac                HAL_SPI_MspInit
 .text.HAL_MspInit
                0x0000000008000a78       0x34 ./Core/Src/stm32h7xx_hal_msp.o
                0x0000000008000a78                HAL_MspInit
 .text.NMI_Handler
                0x0000000008000aac        0x6 ./Core/Src/stm32h7xx_it.o
                0x0000000008000aac                NMI_Handler
 .text.HardFault_Handler
                0x0000000008000ab2        0x6 ./Core/Src/stm32h7xx_it.o
                0x0000000008000ab2                HardFault_Handler
 .text.MemManage_Handler
                0x0000000008000ab8        0x6 ./Core/Src/stm32h7xx_it.o
                0x0000000008000ab8                MemManage_Handler
 .text.BusFault_Handler
                0x0000000008000abe        0x6 ./Core/Src/stm32h7xx_it.o
                0x0000000008000abe                BusFault_Handler
 .text.UsageFault_Handler
                0x0000000008000ac4        0x6 ./Core/Src/stm32h7xx_it.o
                0x0000000008000ac4                UsageFault_Handler
 .text.SVC_Handler
                0x0000000008000aca        0xe ./Core/Src/stm32h7xx_it.o
                0x0000000008000aca                SVC_Handler
 .text.DebugMon_Handler
                0x0000000008000ad8        0xe ./Core/Src/stm32h7xx_it.o
                0x0000000008000ad8                DebugMon_Handler
 .text.PendSV_Handler
                0x0000000008000ae6        0xe ./Core/Src/stm32h7xx_it.o
                0x0000000008000ae6                PendSV_Handler
 .text.SysTick_Handler
                0x0000000008000af4        0xc ./Core/Src/stm32h7xx_it.o
                0x0000000008000af4                SysTick_Handler
 .text._sbrk    0x0000000008000b00       0x6c ./Core/Src/sysmem.o
                0x0000000008000b00                _sbrk
 .text.SystemInit
                0x0000000008000b6c      0x110 ./Core/Src/system_stm32h7xx.o
                0x0000000008000b6c                SystemInit
 .text.MX_TIM1_Init
                0x0000000008000c7c      0x120 ./Core/Src/tim.o
                0x0000000008000c7c                MX_TIM1_Init
 .text.HAL_TIM_PWM_MspInit
                0x0000000008000d9c       0x44 ./Core/Src/tim.o
                0x0000000008000d9c                HAL_TIM_PWM_MspInit
 .text.HAL_TIM_MspPostInit
                0x0000000008000de0       0x78 ./Core/Src/tim.o
                0x0000000008000de0                HAL_TIM_MspPostInit
 .text.Reset_Handler
                0x0000000008000e58       0x50 ./Core/Startup/startup_stm32h750vbtx.o
                0x0000000008000e58                Reset_Handler
 .text.Default_Handler
                0x0000000008000ea8        0x2 ./Core/Startup/startup_stm32h750vbtx.o
                0x0000000008000ea8                RTC_Alarm_IRQHandler
                0x0000000008000ea8                HASH_RNG_IRQHandler
                0x0000000008000ea8                EXTI2_IRQHandler
                0x0000000008000ea8                TIM8_CC_IRQHandler
                0x0000000008000ea8                HRTIM1_Master_IRQHandler
                0x0000000008000ea8                UART8_IRQHandler
                0x0000000008000ea8                SPI4_IRQHandler
                0x0000000008000ea8                TIM1_CC_IRQHandler
                0x0000000008000ea8                BDMA_Channel6_IRQHandler
                0x0000000008000ea8                DMA2_Stream5_IRQHandler
                0x0000000008000ea8                HRTIM1_FLT_IRQHandler
                0x0000000008000ea8                JPEG_IRQHandler
                0x0000000008000ea8                DMA1_Stream5_IRQHandler
                0x0000000008000ea8                BDMA_Channel1_IRQHandler
                0x0000000008000ea8                HRTIM1_TIMD_IRQHandler
                0x0000000008000ea8                TAMP_STAMP_IRQHandler
                0x0000000008000ea8                EXTI3_IRQHandler
                0x0000000008000ea8                LPTIM4_IRQHandler
                0x0000000008000ea8                TIM8_TRG_COM_TIM14_IRQHandler
                0x0000000008000ea8                LPTIM2_IRQHandler
                0x0000000008000ea8                DFSDM1_FLT1_IRQHandler
                0x0000000008000ea8                DMAMUX2_OVR_IRQHandler
                0x0000000008000ea8                TIM8_UP_TIM13_IRQHandler
                0x0000000008000ea8                I2C3_ER_IRQHandler
                0x0000000008000ea8                DFSDM1_FLT2_IRQHandler
                0x0000000008000ea8                MDMA_IRQHandler
                0x0000000008000ea8                LPTIM3_IRQHandler
                0x0000000008000ea8                HSEM1_IRQHandler
                0x0000000008000ea8                EXTI0_IRQHandler
                0x0000000008000ea8                I2C2_EV_IRQHandler
                0x0000000008000ea8                DMA1_Stream2_IRQHandler
                0x0000000008000ea8                FPU_IRQHandler
                0x0000000008000ea8                OTG_HS_WKUP_IRQHandler
                0x0000000008000ea8                FDCAN1_IT1_IRQHandler
                0x0000000008000ea8                LTDC_ER_IRQHandler
                0x0000000008000ea8                DMA2_Stream2_IRQHandler
                0x0000000008000ea8                HRTIM1_TIME_IRQHandler
                0x0000000008000ea8                SPI1_IRQHandler
                0x0000000008000ea8                TIM6_DAC_IRQHandler
                0x0000000008000ea8                DCMI_IRQHandler
                0x0000000008000ea8                HRTIM1_TIMC_IRQHandler
                0x0000000008000ea8                DMA2_Stream3_IRQHandler
                0x0000000008000ea8                SAI2_IRQHandler
                0x0000000008000ea8                DFSDM1_FLT3_IRQHandler
                0x0000000008000ea8                USART6_IRQHandler
                0x0000000008000ea8                TIM17_IRQHandler
                0x0000000008000ea8                USART3_IRQHandler
                0x0000000008000ea8                BDMA_Channel7_IRQHandler
                0x0000000008000ea8                CRYP_IRQHandler
                0x0000000008000ea8                LPTIM5_IRQHandler
                0x0000000008000ea8                UART5_IRQHandler
                0x0000000008000ea8                ADC3_IRQHandler
                0x0000000008000ea8                DMA2_Stream0_IRQHandler
                0x0000000008000ea8                TIM4_IRQHandler
                0x0000000008000ea8                BDMA_Channel2_IRQHandler
                0x0000000008000ea8                QUADSPI_IRQHandler
                0x0000000008000ea8                I2C1_EV_IRQHandler
                0x0000000008000ea8                DMA1_Stream6_IRQHandler
                0x0000000008000ea8                DMAMUX1_OVR_IRQHandler
                0x0000000008000ea8                DMA1_Stream1_IRQHandler
                0x0000000008000ea8                TIM16_IRQHandler
                0x0000000008000ea8                UART4_IRQHandler
                0x0000000008000ea8                BDMA_Channel5_IRQHandler
                0x0000000008000ea8                TIM3_IRQHandler
                0x0000000008000ea8                RCC_IRQHandler
                0x0000000008000ea8                TIM8_BRK_TIM12_IRQHandler
                0x0000000008000ea8                TIM1_TRG_COM_IRQHandler
                0x0000000008000ea8                Default_Handler
                0x0000000008000ea8                ECC_IRQHandler
                0x0000000008000ea8                CEC_IRQHandler
                0x0000000008000ea8                EXTI15_10_IRQHandler
                0x0000000008000ea8                BDMA_Channel0_IRQHandler
                0x0000000008000ea8                ADC_IRQHandler
                0x0000000008000ea8                DMA1_Stream7_IRQHandler
                0x0000000008000ea8                HRTIM1_TIMA_IRQHandler
                0x0000000008000ea8                SPI5_IRQHandler
                0x0000000008000ea8                TIM7_IRQHandler
                0x0000000008000ea8                SDMMC1_IRQHandler
                0x0000000008000ea8                TIM5_IRQHandler
                0x0000000008000ea8                DMA2_Stream7_IRQHandler
                0x0000000008000ea8                TIM15_IRQHandler
                0x0000000008000ea8                PVD_AVD_IRQHandler
                0x0000000008000ea8                I2C3_EV_IRQHandler
                0x0000000008000ea8                EXTI9_5_IRQHandler
                0x0000000008000ea8                RTC_WKUP_IRQHandler
                0x0000000008000ea8                LTDC_IRQHandler
                0x0000000008000ea8                SAI3_IRQHandler
                0x0000000008000ea8                ETH_WKUP_IRQHandler
                0x0000000008000ea8                SPDIF_RX_IRQHandler
                0x0000000008000ea8                SPI2_IRQHandler
                0x0000000008000ea8                OTG_HS_EP1_IN_IRQHandler
                0x0000000008000ea8                DMA1_Stream0_IRQHandler
                0x0000000008000ea8                CRS_IRQHandler
                0x0000000008000ea8                EXTI4_IRQHandler
                0x0000000008000ea8                HRTIM1_TIMB_IRQHandler
                0x0000000008000ea8                FDCAN2_IT1_IRQHandler
                0x0000000008000ea8                ETH_IRQHandler
                0x0000000008000ea8                TIM1_UP_IRQHandler
                0x0000000008000ea8                BDMA_Channel4_IRQHandler
                0x0000000008000ea8                OTG_HS_EP1_OUT_IRQHandler
                0x0000000008000ea8                WWDG_IRQHandler
                0x0000000008000ea8                SPI6_IRQHandler
                0x0000000008000ea8                MDIOS_IRQHandler
                0x0000000008000ea8                I2C4_EV_IRQHandler
                0x0000000008000ea8                FDCAN2_IT0_IRQHandler
                0x0000000008000ea8                LPUART1_IRQHandler
                0x0000000008000ea8                FDCAN1_IT0_IRQHandler
                0x0000000008000ea8                TIM2_IRQHandler
                0x0000000008000ea8                OTG_FS_WKUP_IRQHandler
                0x0000000008000ea8                OTG_HS_IRQHandler
                0x0000000008000ea8                DMA2D_IRQHandler
                0x0000000008000ea8                TIM1_BRK_IRQHandler
                0x0000000008000ea8                EXTI1_IRQHandler
                0x0000000008000ea8                SDMMC2_IRQHandler
                0x0000000008000ea8                OTG_FS_EP1_OUT_IRQHandler
                0x0000000008000ea8                BDMA_Channel3_IRQHandler
                0x0000000008000ea8                UART7_IRQHandler
                0x0000000008000ea8                MDIOS_WKUP_IRQHandler
                0x0000000008000ea8                USART2_IRQHandler
                0x0000000008000ea8                DFSDM1_FLT0_IRQHandler
                0x0000000008000ea8                SAI4_IRQHandler
                0x0000000008000ea8                I2C2_ER_IRQHandler
                0x0000000008000ea8                DMA2_Stream1_IRQHandler
                0x0000000008000ea8                FLASH_IRQHandler
                0x0000000008000ea8                DMA2_Stream4_IRQHandler
                0x0000000008000ea8                USART1_IRQHandler
                0x0000000008000ea8                OTG_FS_IRQHandler
                0x0000000008000ea8                SPI3_IRQHandler
                0x0000000008000ea8                WAKEUP_PIN_IRQHandler
                0x0000000008000ea8                DMA1_Stream4_IRQHandler
                0x0000000008000ea8                OTG_FS_EP1_IN_IRQHandler
                0x0000000008000ea8                I2C1_ER_IRQHandler
                0x0000000008000ea8                FMC_IRQHandler
                0x0000000008000ea8                FDCAN_CAL_IRQHandler
                0x0000000008000ea8                SWPMI1_IRQHandler
                0x0000000008000ea8                COMP1_IRQHandler
                0x0000000008000ea8                LPTIM1_IRQHandler
                0x0000000008000ea8                I2C4_ER_IRQHandler
                0x0000000008000ea8                DMA2_Stream6_IRQHandler
                0x0000000008000ea8                SAI1_IRQHandler
                0x0000000008000ea8                DMA1_Stream3_IRQHandler
 *fill*         0x0000000008000eaa        0x2 
 .text.LCD_Test
                0x0000000008000eac      0x230 ./Drivers/BSP/ST7735/lcd.o
                0x0000000008000eac                LCD_Test
 .text.LCD_SetBrightness
                0x00000000080010dc       0x20 ./Drivers/BSP/ST7735/lcd.o
                0x00000000080010dc                LCD_SetBrightness
 .text.LCD_GetBrightness
                0x00000000080010fc       0x18 ./Drivers/BSP/ST7735/lcd.o
                0x00000000080010fc                LCD_GetBrightness
 .text.LCD_Light
                0x0000000008001114       0xea ./Drivers/BSP/ST7735/lcd.o
                0x0000000008001114                LCD_Light
 *fill*         0x00000000080011fe        0x2 
 .text.LCD_ShowChar
                0x0000000008001200      0x39c ./Drivers/BSP/ST7735/lcd.o
                0x0000000008001200                LCD_ShowChar
 .text.LCD_ShowString
                0x000000000800159c       0x9a ./Drivers/BSP/ST7735/lcd.o
                0x000000000800159c                LCD_ShowString
 *fill*         0x0000000008001636        0x2 
 .text.lcd_init
                0x0000000008001638       0x20 ./Drivers/BSP/ST7735/lcd.o
 .text.lcd_gettick
                0x0000000008001658        0xe ./Drivers/BSP/ST7735/lcd.o
 *fill*         0x0000000008001666        0x2 
 .text.lcd_writereg
                0x0000000008001668       0x94 ./Drivers/BSP/ST7735/lcd.o
 .text.lcd_readreg
                0x00000000080016fc       0x88 ./Drivers/BSP/ST7735/lcd.o
 .text.lcd_senddata
                0x0000000008001784       0x58 ./Drivers/BSP/ST7735/lcd.o
 .text.lcd_recvdata
                0x00000000080017dc       0x5c ./Drivers/BSP/ST7735/lcd.o
 .text.ST7735_RegisterBusIO
                0x0000000008001838       0xa8 ./Drivers/BSP/ST7735/st7735.o
                0x0000000008001838                ST7735_RegisterBusIO
 .text.ST7735_Init
                0x00000000080018e0      0x77e ./Drivers/BSP/ST7735/st7735.o
                0x00000000080018e0                ST7735_Init
 .text.ST7735_DeInit
                0x000000000800205e       0x16 ./Drivers/BSP/ST7735/st7735.o
                0x000000000800205e                ST7735_DeInit
 .text.ST7735_ReadID
                0x0000000008002074       0x8e ./Drivers/BSP/ST7735/st7735.o
                0x0000000008002074                ST7735_ReadID
 *fill*         0x0000000008002102        0x2 
 .text.ST7735_DisplayOn
                0x0000000008002104       0xc8 ./Drivers/BSP/ST7735/st7735.o
                0x0000000008002104                ST7735_DisplayOn
 .text.ST7735_DisplayOff
                0x00000000080021cc       0xc8 ./Drivers/BSP/ST7735/st7735.o
                0x00000000080021cc                ST7735_DisplayOff
 .text.ST7735_SetBrightness
                0x0000000008002294       0x1a ./Drivers/BSP/ST7735/st7735.o
                0x0000000008002294                ST7735_SetBrightness
 .text.ST7735_GetBrightness
                0x00000000080022ae       0x1a ./Drivers/BSP/ST7735/st7735.o
                0x00000000080022ae                ST7735_GetBrightness
 .text.ST7735_SetOrientation
                0x00000000080022c8      0x11c ./Drivers/BSP/ST7735/st7735.o
                0x00000000080022c8                ST7735_SetOrientation
 .text.ST7735_GetOrientation
                0x00000000080023e4       0x24 ./Drivers/BSP/ST7735/st7735.o
                0x00000000080023e4                ST7735_GetOrientation
 .text.ST7735_SetCursor
                0x0000000008002408      0x178 ./Drivers/BSP/ST7735/st7735.o
                0x0000000008002408                ST7735_SetCursor
 .text.ST7735_DrawBitmap
                0x0000000008002580      0x214 ./Drivers/BSP/ST7735/st7735.o
                0x0000000008002580                ST7735_DrawBitmap
 .text.ST7735_FillRGBRect
                0x0000000008002794       0xd4 ./Drivers/BSP/ST7735/st7735.o
                0x0000000008002794                ST7735_FillRGBRect
 .text.ST7735_DrawHLine
                0x0000000008002868       0xa0 ./Drivers/BSP/ST7735/st7735.o
                0x0000000008002868                ST7735_DrawHLine
 .text.ST7735_DrawVLine
                0x0000000008002908       0x68 ./Drivers/BSP/ST7735/st7735.o
                0x0000000008002908                ST7735_DrawVLine
 .text.ST7735_FillRect
                0x0000000008002970       0x58 ./Drivers/BSP/ST7735/st7735.o
                0x0000000008002970                ST7735_FillRect
 .text.ST7735_SetPixel
                0x00000000080029c8       0x88 ./Drivers/BSP/ST7735/st7735.o
                0x00000000080029c8                ST7735_SetPixel
 .text.ST7735_GetPixel
                0x0000000008002a50       0x9e ./Drivers/BSP/ST7735/st7735.o
                0x0000000008002a50                ST7735_GetPixel
 *fill*         0x0000000008002aee        0x2 
 .text.ST7735_GetXSize
                0x0000000008002af0       0x24 ./Drivers/BSP/ST7735/st7735.o
                0x0000000008002af0                ST7735_GetXSize
 .text.ST7735_GetYSize
                0x0000000008002b14       0x24 ./Drivers/BSP/ST7735/st7735.o
                0x0000000008002b14                ST7735_GetYSize
 .text.ST7735_SetDisplayWindow
                0x0000000008002b38      0x208 ./Drivers/BSP/ST7735/st7735.o
 .text.ST7735_ReadRegWrap
                0x0000000008002d40       0x28 ./Drivers/BSP/ST7735/st7735.o
 .text.ST7735_WriteRegWrap
                0x0000000008002d68       0x2a ./Drivers/BSP/ST7735/st7735.o
 .text.ST7735_SendDataWrap
                0x0000000008002d92       0x24 ./Drivers/BSP/ST7735/st7735.o
 .text.ST7735_RecvDataWrap
                0x0000000008002db6       0x24 ./Drivers/BSP/ST7735/st7735.o
 .text.ST7735_IO_Delay
                0x0000000008002dda       0x34 ./Drivers/BSP/ST7735/st7735.o
 .text.st7735_read_reg
                0x0000000008002e0e       0x26 ./Drivers/BSP/ST7735/st7735_reg.o
                0x0000000008002e0e                st7735_read_reg
 .text.st7735_write_reg
                0x0000000008002e34       0x2a ./Drivers/BSP/ST7735/st7735_reg.o
                0x0000000008002e34                st7735_write_reg
 .text.st7735_send_data
                0x0000000008002e5e       0x24 ./Drivers/BSP/ST7735/st7735_reg.o
                0x0000000008002e5e                st7735_send_data
 .text.st7735_recv_data
                0x0000000008002e82       0x24 ./Drivers/BSP/ST7735/st7735_reg.o
                0x0000000008002e82                st7735_recv_data
 *fill*         0x0000000008002ea6        0x2 
 .text.HAL_Init
                0x0000000008002ea8       0x78 ./Drivers/STM32H7xx_HAL_Driver/Src/stm32h7xx_hal.o
                0x0000000008002ea8                HAL_Init
 .text.HAL_InitTick
                0x0000000008002f20       0x6c ./Drivers/STM32H7xx_HAL_Driver/Src/stm32h7xx_hal.o
                0x0000000008002f20                HAL_InitTick
 .text.HAL_IncTick
                0x0000000008002f8c       0x28 ./Drivers/STM32H7xx_HAL_Driver/Src/stm32h7xx_hal.o
                0x0000000008002f8c                HAL_IncTick
 .text.HAL_GetTick
                0x0000000008002fb4       0x18 ./Drivers/STM32H7xx_HAL_Driver/Src/stm32h7xx_hal.o
                0x0000000008002fb4                HAL_GetTick
 .text.HAL_Delay
                0x0000000008002fcc       0x48 ./Drivers/STM32H7xx_HAL_Driver/Src/stm32h7xx_hal.o
                0x0000000008002fcc                HAL_Delay
 .text.HAL_GetREVID
                0x0000000008003014       0x18 ./Drivers/STM32H7xx_HAL_Driver/Src/stm32h7xx_hal.o
                0x0000000008003014                HAL_GetREVID
 .text.HAL_GetDEVID
                0x000000000800302c       0x1c ./Drivers/STM32H7xx_HAL_Driver/Src/stm32h7xx_hal.o
                0x000000000800302c                HAL_GetDEVID
 .text.__NVIC_SetPriorityGrouping
                0x0000000008003048       0x48 ./Drivers/STM32H7xx_HAL_Driver/Src/stm32h7xx_hal_cortex.o
 .text.__NVIC_GetPriorityGrouping
                0x0000000008003090       0x1c ./Drivers/STM32H7xx_HAL_Driver/Src/stm32h7xx_hal_cortex.o
 .text.__NVIC_SetPriority
                0x00000000080030ac       0x54 ./Drivers/STM32H7xx_HAL_Driver/Src/stm32h7xx_hal_cortex.o
 .text.NVIC_EncodePriority
                0x0000000008003100       0x66 ./Drivers/STM32H7xx_HAL_Driver/Src/stm32h7xx_hal_cortex.o
 *fill*         0x0000000008003166        0x2 
 .text.SysTick_Config
                0x0000000008003168       0x44 ./Drivers/STM32H7xx_HAL_Driver/Src/stm32h7xx_hal_cortex.o
 .text.HAL_NVIC_SetPriorityGrouping
                0x00000000080031ac       0x16 ./Drivers/STM32H7xx_HAL_Driver/Src/stm32h7xx_hal_cortex.o
                0x00000000080031ac                HAL_NVIC_SetPriorityGrouping
 .text.HAL_NVIC_SetPriority
                0x00000000080031c2       0x34 ./Drivers/STM32H7xx_HAL_Driver/Src/stm32h7xx_hal_cortex.o
                0x00000000080031c2                HAL_NVIC_SetPriority
 .text.HAL_SYSTICK_Config
                0x00000000080031f6       0x18 ./Drivers/STM32H7xx_HAL_Driver/Src/stm32h7xx_hal_cortex.o
                0x00000000080031f6                HAL_SYSTICK_Config
 *fill*         0x000000000800320e        0x2 
 .text.HAL_MPU_Disable
                0x0000000008003210       0x30 ./Drivers/STM32H7xx_HAL_Driver/Src/stm32h7xx_hal_cortex.o
                0x0000000008003210                HAL_MPU_Disable
 .text.HAL_MPU_Enable
                0x0000000008003240       0x40 ./Drivers/STM32H7xx_HAL_Driver/Src/stm32h7xx_hal_cortex.o
                0x0000000008003240                HAL_MPU_Enable
 .text.HAL_MPU_ConfigRegion
                0x0000000008003280       0x88 ./Drivers/STM32H7xx_HAL_Driver/Src/stm32h7xx_hal_cortex.o
                0x0000000008003280                HAL_MPU_ConfigRegion
 .text.HAL_GPIO_Init
                0x0000000008003308      0x360 ./Drivers/STM32H7xx_HAL_Driver/Src/stm32h7xx_hal_gpio.o
                0x0000000008003308                HAL_GPIO_Init
 .text.HAL_GPIO_ReadPin
                0x0000000008003668       0x30 ./Drivers/STM32H7xx_HAL_Driver/Src/stm32h7xx_hal_gpio.o
                0x0000000008003668                HAL_GPIO_ReadPin
 .text.HAL_GPIO_WritePin
                0x0000000008003698       0x32 ./Drivers/STM32H7xx_HAL_Driver/Src/stm32h7xx_hal_gpio.o
                0x0000000008003698                HAL_GPIO_WritePin
 *fill*         0x00000000080036ca        0x2 
 .text.HAL_PWR_EnableBkUpAccess
                0x00000000080036cc       0x20 ./Drivers/STM32H7xx_HAL_Driver/Src/stm32h7xx_hal_pwr.o
                0x00000000080036cc                HAL_PWR_EnableBkUpAccess
 .text.HAL_PWREx_ConfigSupply
                0x00000000080036ec       0x74 ./Drivers/STM32H7xx_HAL_Driver/Src/stm32h7xx_hal_pwr_ex.o
                0x00000000080036ec                HAL_PWREx_ConfigSupply
 .text.HAL_RCC_OscConfig
                0x0000000008003760      0x858 ./Drivers/STM32H7xx_HAL_Driver/Src/stm32h7xx_hal_rcc.o
                0x0000000008003760                HAL_RCC_OscConfig
 .text.HAL_RCC_ClockConfig
                0x0000000008003fb8      0x36c ./Drivers/STM32H7xx_HAL_Driver/Src/stm32h7xx_hal_rcc.o
                0x0000000008003fb8                HAL_RCC_ClockConfig
 .text.HAL_RCC_GetSysClockFreq
                0x0000000008004324      0x2f4 ./Drivers/STM32H7xx_HAL_Driver/Src/stm32h7xx_hal_rcc.o
                0x0000000008004324                HAL_RCC_GetSysClockFreq
 .text.HAL_RCCEx_PeriphCLKConfig
                0x0000000008004618      0xe80 ./Drivers/STM32H7xx_HAL_Driver/Src/stm32h7xx_hal_rcc_ex.o
                0x0000000008004618                HAL_RCCEx_PeriphCLKConfig
 .text.RCCEx_PLL2_Config
                0x0000000008005498      0x164 ./Drivers/STM32H7xx_HAL_Driver/Src/stm32h7xx_hal_rcc_ex.o
 .text.RCCEx_PLL3_Config
                0x00000000080055fc      0x164 ./Drivers/STM32H7xx_HAL_Driver/Src/stm32h7xx_hal_rcc_ex.o
 .text.HAL_RTC_Init
                0x0000000008005760       0xf0 ./Drivers/STM32H7xx_HAL_Driver/Src/stm32h7xx_hal_rtc.o
                0x0000000008005760                HAL_RTC_Init
 .text.HAL_RTC_SetTime
                0x0000000008005850      0x13c ./Drivers/STM32H7xx_HAL_Driver/Src/stm32h7xx_hal_rtc.o
                0x0000000008005850                HAL_RTC_SetTime
 .text.HAL_RTC_SetDate
                0x000000000800598c      0x110 ./Drivers/STM32H7xx_HAL_Driver/Src/stm32h7xx_hal_rtc.o
                0x000000000800598c                HAL_RTC_SetDate
 .text.HAL_RTC_WaitForSynchro
                0x0000000008005a9c       0x4c ./Drivers/STM32H7xx_HAL_Driver/Src/stm32h7xx_hal_rtc.o
                0x0000000008005a9c                HAL_RTC_WaitForSynchro
 .text.RTC_EnterInitMode
                0x0000000008005ae8       0x66 ./Drivers/STM32H7xx_HAL_Driver/Src/stm32h7xx_hal_rtc.o
                0x0000000008005ae8                RTC_EnterInitMode
 *fill*         0x0000000008005b4e        0x2 
 .text.RTC_ExitInitMode
                0x0000000008005b50       0x7c ./Drivers/STM32H7xx_HAL_Driver/Src/stm32h7xx_hal_rtc.o
                0x0000000008005b50                RTC_ExitInitMode
 .text.RTC_ByteToBcd2
                0x0000000008005bcc       0x40 ./Drivers/STM32H7xx_HAL_Driver/Src/stm32h7xx_hal_rtc.o
                0x0000000008005bcc                RTC_ByteToBcd2
 .text.HAL_SPI_Init
                0x0000000008005c0c      0x20c ./Drivers/STM32H7xx_HAL_Driver/Src/stm32h7xx_hal_spi.o
                0x0000000008005c0c                HAL_SPI_Init
 .text.HAL_SPI_Transmit
                0x0000000008005e18      0x3e4 ./Drivers/STM32H7xx_HAL_Driver/Src/stm32h7xx_hal_spi.o
                0x0000000008005e18                HAL_SPI_Transmit
 .text.HAL_SPI_Receive
                0x00000000080061fc      0x3e4 ./Drivers/STM32H7xx_HAL_Driver/Src/stm32h7xx_hal_spi.o
                0x00000000080061fc                HAL_SPI_Receive
 .text.HAL_SPI_TransmitReceive
                0x00000000080065e0      0x5d8 ./Drivers/STM32H7xx_HAL_Driver/Src/stm32h7xx_hal_spi.o
                0x00000000080065e0                HAL_SPI_TransmitReceive
 .text.SPI_CloseTransfer
                0x0000000008006bb8      0x140 ./Drivers/STM32H7xx_HAL_Driver/Src/stm32h7xx_hal_spi.o
 .text.SPI_WaitOnFlagUntilTimeout
                0x0000000008006cf8       0x5c ./Drivers/STM32H7xx_HAL_Driver/Src/stm32h7xx_hal_spi.o
 .text.SPI_GetPacketSize
                0x0000000008006d54       0x36 ./Drivers/STM32H7xx_HAL_Driver/Src/stm32h7xx_hal_spi.o
 .text.HAL_TIM_PWM_Init
                0x0000000008006d8a       0xae ./Drivers/STM32H7xx_HAL_Driver/Src/stm32h7xx_hal_tim.o
                0x0000000008006d8a                HAL_TIM_PWM_Init
 .text.HAL_TIM_PWM_ConfigChannel
                0x0000000008006e38      0x228 ./Drivers/STM32H7xx_HAL_Driver/Src/stm32h7xx_hal_tim.o
                0x0000000008006e38                HAL_TIM_PWM_ConfigChannel
 .text.TIM_Base_SetConfig
                0x0000000008007060      0x134 ./Drivers/STM32H7xx_HAL_Driver/Src/stm32h7xx_hal_tim.o
                0x0000000008007060                TIM_Base_SetConfig
 .text.TIM_OC1_SetConfig
                0x0000000008007194      0x120 ./Drivers/STM32H7xx_HAL_Driver/Src/stm32h7xx_hal_tim.o
 .text.TIM_OC2_SetConfig
                0x00000000080072b4      0x114 ./Drivers/STM32H7xx_HAL_Driver/Src/stm32h7xx_hal_tim.o
                0x00000000080072b4                TIM_OC2_SetConfig
 .text.TIM_OC3_SetConfig
                0x00000000080073c8      0x110 ./Drivers/STM32H7xx_HAL_Driver/Src/stm32h7xx_hal_tim.o
 .text.TIM_OC4_SetConfig
                0x00000000080074d8       0xd4 ./Drivers/STM32H7xx_HAL_Driver/Src/stm32h7xx_hal_tim.o
 .text.TIM_OC5_SetConfig
                0x00000000080075ac       0xc8 ./Drivers/STM32H7xx_HAL_Driver/Src/stm32h7xx_hal_tim.o
 .text.TIM_OC6_SetConfig
                0x0000000008007674       0xcc ./Drivers/STM32H7xx_HAL_Driver/Src/stm32h7xx_hal_tim.o
 .text.HAL_TIMEx_PWMN_Start
                0x0000000008007740      0x184 ./Drivers/STM32H7xx_HAL_Driver/Src/stm32h7xx_hal_tim_ex.o
                0x0000000008007740                HAL_TIMEx_PWMN_Start
 .text.HAL_TIMEx_MasterConfigSynchronization
                0x00000000080078c4      0x11c ./Drivers/STM32H7xx_HAL_Driver/Src/stm32h7xx_hal_tim_ex.o
                0x00000000080078c4                HAL_TIMEx_MasterConfigSynchronization
 .text.HAL_TIMEx_ConfigBreakDeadTime
                0x00000000080079e0       0xfc ./Drivers/STM32H7xx_HAL_Driver/Src/stm32h7xx_hal_tim_ex.o
                0x00000000080079e0                HAL_TIMEx_ConfigBreakDeadTime
 .text.TIM_CCxNChannelCmd
                0x0000000008007adc       0x4a ./Drivers/STM32H7xx_HAL_Driver/Src/stm32h7xx_hal_tim_ex.o
 *fill*         0x0000000008007b26        0x2 
 .text.__errno  0x0000000008007b28        0xc c:/st/stm32cubeide_1.8.0/stm32cubeide/plugins/com.st.stm32cube.ide.mcu.externaltools.gnu-tools-for-stm32.9-2020-q2-update.win32_2.0.0.202105311346/tools/bin/../lib/gcc/arm-none-eabi/9.3.1/../../../../arm-none-eabi/lib/thumb/v7e-m+dp/hard\libc_nano.a(lib_a-errno.o)
                0x0000000008007b28                __errno
 .text.__libc_init_array
                0x0000000008007b34       0x48 c:/st/stm32cubeide_1.8.0/stm32cubeide/plugins/com.st.stm32cube.ide.mcu.externaltools.gnu-tools-for-stm32.9-2020-q2-update.win32_2.0.0.202105311346/tools/bin/../lib/gcc/arm-none-eabi/9.3.1/../../../../arm-none-eabi/lib/thumb/v7e-m+dp/hard\libc_nano.a(lib_a-init.o)
                0x0000000008007b34                __libc_init_array
 .text.memset   0x0000000008007b7c       0x10 c:/st/stm32cubeide_1.8.0/stm32cubeide/plugins/com.st.stm32cube.ide.mcu.externaltools.gnu-tools-for-stm32.9-2020-q2-update.win32_2.0.0.202105311346/tools/bin/../lib/gcc/arm-none-eabi/9.3.1/../../../../arm-none-eabi/lib/thumb/v7e-m+dp/hard\libc_nano.a(lib_a-memset.o)
                0x0000000008007b7c                memset
 .text.sprintf  0x0000000008007b8c       0x40 c:/st/stm32cubeide_1.8.0/stm32cubeide/plugins/com.st.stm32cube.ide.mcu.externaltools.gnu-tools-for-stm32.9-2020-q2-update.win32_2.0.0.202105311346/tools/bin/../lib/gcc/arm-none-eabi/9.3.1/../../../../arm-none-eabi/lib/thumb/v7e-m+dp/hard\libc_nano.a(lib_a-sprintf.o)
                0x0000000008007b8c                siprintf
                0x0000000008007b8c                sprintf
 .text.__ssputs_r
                0x0000000008007bcc       0xb6 c:/st/stm32cubeide_1.8.0/stm32cubeide/plugins/com.st.stm32cube.ide.mcu.externaltools.gnu-tools-for-stm32.9-2020-q2-update.win32_2.0.0.202105311346/tools/bin/../lib/gcc/arm-none-eabi/9.3.1/../../../../arm-none-eabi/lib/thumb/v7e-m+dp/hard\libc_nano.a(lib_a-nano-svfprintf.o)
                0x0000000008007bcc                __ssputs_r
 *fill*         0x0000000008007c82        0x2 
 .text._svfprintf_r
                0x0000000008007c84      0x200 c:/st/stm32cubeide_1.8.0/stm32cubeide/plugins/com.st.stm32cube.ide.mcu.externaltools.gnu-tools-for-stm32.9-2020-q2-update.win32_2.0.0.202105311346/tools/bin/../lib/gcc/arm-none-eabi/9.3.1/../../../../arm-none-eabi/lib/thumb/v7e-m+dp/hard\libc_nano.a(lib_a-nano-svfprintf.o)
                0x0000000008007c84                _svfiprintf_r
                0x0000000008007c84                _svfprintf_r
 .text._printf_common
                0x0000000008007e84       0xda c:/st/stm32cubeide_1.8.0/stm32cubeide/plugins/com.st.stm32cube.ide.mcu.externaltools.gnu-tools-for-stm32.9-2020-q2-update.win32_2.0.0.202105311346/tools/bin/../lib/gcc/arm-none-eabi/9.3.1/../../../../arm-none-eabi/lib/thumb/v7e-m+dp/hard\libc_nano.a(lib_a-nano-vfprintf_i.o)
                0x0000000008007e84                _printf_common
 *fill*         0x0000000008007f5e        0x2 
 .text._printf_i
                0x0000000008007f60      0x24c c:/st/stm32cubeide_1.8.0/stm32cubeide/plugins/com.st.stm32cube.ide.mcu.externaltools.gnu-tools-for-stm32.9-2020-q2-update.win32_2.0.0.202105311346/tools/bin/../lib/gcc/arm-none-eabi/9.3.1/../../../../arm-none-eabi/lib/thumb/v7e-m+dp/hard\libc_nano.a(lib_a-nano-vfprintf_i.o)
                0x0000000008007f60                _printf_i
 .text.memcpy   0x00000000080081ac       0x1c c:/st/stm32cubeide_1.8.0/stm32cubeide/plugins/com.st.stm32cube.ide.mcu.externaltools.gnu-tools-for-stm32.9-2020-q2-update.win32_2.0.0.202105311346/tools/bin/../lib/gcc/arm-none-eabi/9.3.1/../../../../arm-none-eabi/lib/thumb/v7e-m+dp/hard\libc_nano.a(lib_a-memcpy-stub.o)
                0x00000000080081ac                memcpy
 .text.memmove  0x00000000080081c8       0x34 c:/st/stm32cubeide_1.8.0/stm32cubeide/plugins/com.st.stm32cube.ide.mcu.externaltools.gnu-tools-for-stm32.9-2020-q2-update.win32_2.0.0.202105311346/tools/bin/../lib/gcc/arm-none-eabi/9.3.1/../../../../arm-none-eabi/lib/thumb/v7e-m+dp/hard\libc_nano.a(lib_a-memmove.o)
                0x00000000080081c8                memmove
 .text._free_r  0x00000000080081fc       0xa0 c:/st/stm32cubeide_1.8.0/stm32cubeide/plugins/com.st.stm32cube.ide.mcu.externaltools.gnu-tools-for-stm32.9-2020-q2-update.win32_2.0.0.202105311346/tools/bin/../lib/gcc/arm-none-eabi/9.3.1/../../../../arm-none-eabi/lib/thumb/v7e-m+dp/hard\libc_nano.a(lib_a-nano-freer.o)
                0x00000000080081fc                _free_r
 .text._malloc_r
                0x000000000800829c       0xb4 c:/st/stm32cubeide_1.8.0/stm32cubeide/plugins/com.st.stm32cube.ide.mcu.externaltools.gnu-tools-for-stm32.9-2020-q2-update.win32_2.0.0.202105311346/tools/bin/../lib/gcc/arm-none-eabi/9.3.1/../../../../arm-none-eabi/lib/thumb/v7e-m+dp/hard\libc_nano.a(lib_a-nano-mallocr.o)
                0x000000000800829c                _malloc_r
 .text._realloc_r
                0x0000000008008350       0x4c c:/st/stm32cubeide_1.8.0/stm32cubeide/plugins/com.st.stm32cube.ide.mcu.externaltools.gnu-tools-for-stm32.9-2020-q2-update.win32_2.0.0.202105311346/tools/bin/../lib/gcc/arm-none-eabi/9.3.1/../../../../arm-none-eabi/lib/thumb/v7e-m+dp/hard\libc_nano.a(lib_a-nano-reallocr.o)
                0x0000000008008350                _realloc_r
 .text._sbrk_r  0x000000000800839c       0x20 c:/st/stm32cubeide_1.8.0/stm32cubeide/plugins/com.st.stm32cube.ide.mcu.externaltools.gnu-tools-for-stm32.9-2020-q2-update.win32_2.0.0.202105311346/tools/bin/../lib/gcc/arm-none-eabi/9.3.1/../../../../arm-none-eabi/lib/thumb/v7e-m+dp/hard\libc_nano.a(lib_a-sbrkr.o)
                0x000000000800839c                _sbrk_r
 .text.__malloc_lock
                0x00000000080083bc        0xc c:/st/stm32cubeide_1.8.0/stm32cubeide/plugins/com.st.stm32cube.ide.mcu.externaltools.gnu-tools-for-stm32.9-2020-q2-update.win32_2.0.0.202105311346/tools/bin/../lib/gcc/arm-none-eabi/9.3.1/../../../../arm-none-eabi/lib/thumb/v7e-m+dp/hard\libc_nano.a(lib_a-mlock.o)
                0x00000000080083bc                __malloc_lock
 .text.__malloc_unlock
                0x00000000080083c8        0xc c:/st/stm32cubeide_1.8.0/stm32cubeide/plugins/com.st.stm32cube.ide.mcu.externaltools.gnu-tools-for-stm32.9-2020-q2-update.win32_2.0.0.202105311346/tools/bin/../lib/gcc/arm-none-eabi/9.3.1/../../../../arm-none-eabi/lib/thumb/v7e-m+dp/hard\libc_nano.a(lib_a-mlock.o)
                0x00000000080083c8                __malloc_unlock
 .text._malloc_usable_size_r
                0x00000000080083d4       0x10 c:/st/stm32cubeide_1.8.0/stm32cubeide/plugins/com.st.stm32cube.ide.mcu.externaltools.gnu-tools-for-stm32.9-2020-q2-update.win32_2.0.0.202105311346/tools/bin/../lib/gcc/arm-none-eabi/9.3.1/../../../../arm-none-eabi/lib/thumb/v7e-m+dp/hard\libc_nano.a(lib_a-nano-msizer.o)
                0x00000000080083d4                _malloc_usable_size_r
 .text.__retarget_lock_acquire_recursive
                0x00000000080083e4        0x2 c:/st/stm32cubeide_1.8.0/stm32cubeide/plugins/com.st.stm32cube.ide.mcu.externaltools.gnu-tools-for-stm32.9-2020-q2-update.win32_2.0.0.202105311346/tools/bin/../lib/gcc/arm-none-eabi/9.3.1/../../../../arm-none-eabi/lib/thumb/v7e-m+dp/hard\libc_nano.a(lib_a-lock.o)
                0x00000000080083e4                __retarget_lock_acquire_recursive
 .text.__retarget_lock_release_recursive
                0x00000000080083e6        0x2 c:/st/stm32cubeide_1.8.0/stm32cubeide/plugins/com.st.stm32cube.ide.mcu.externaltools.gnu-tools-for-stm32.9-2020-q2-update.win32_2.0.0.202105311346/tools/bin/../lib/gcc/arm-none-eabi/9.3.1/../../../../arm-none-eabi/lib/thumb/v7e-m+dp/hard\libc_nano.a(lib_a-lock.o)
                0x00000000080083e6                __retarget_lock_release_recursive
 *(.glue_7)
 .glue_7        0x00000000080083e8        0x0 linker stubs
 *(.glue_7t)
 .glue_7t       0x00000000080083e8        0x0 linker stubs
 *(.eh_frame)
 .eh_frame      0x00000000080083e8        0x0 c:/st/stm32cubeide_1.8.0/stm32cubeide/plugins/com.st.stm32cube.ide.mcu.externaltools.gnu-tools-for-stm32.9-2020-q2-update.win32_2.0.0.202105311346/tools/bin/../lib/gcc/arm-none-eabi/9.3.1/thumb/v7e-m+dp/hard/crtbegin.o
 *(.init)
 .init          0x00000000080083e8        0x4 c:/st/stm32cubeide_1.8.0/stm32cubeide/plugins/com.st.stm32cube.ide.mcu.externaltools.gnu-tools-for-stm32.9-2020-q2-update.win32_2.0.0.202105311346/tools/bin/../lib/gcc/arm-none-eabi/9.3.1/thumb/v7e-m+dp/hard/crti.o
                0x00000000080083e8                _init
 .init          0x00000000080083ec        0x8 c:/st/stm32cubeide_1.8.0/stm32cubeide/plugins/com.st.stm32cube.ide.mcu.externaltools.gnu-tools-for-stm32.9-2020-q2-update.win32_2.0.0.202105311346/tools/bin/../lib/gcc/arm-none-eabi/9.3.1/thumb/v7e-m+dp/hard/crtn.o
 *(.fini)
 .fini          0x00000000080083f4        0x4 c:/st/stm32cubeide_1.8.0/stm32cubeide/plugins/com.st.stm32cube.ide.mcu.externaltools.gnu-tools-for-stm32.9-2020-q2-update.win32_2.0.0.202105311346/tools/bin/../lib/gcc/arm-none-eabi/9.3.1/thumb/v7e-m+dp/hard/crti.o
                0x00000000080083f4                _fini
 .fini          0x00000000080083f8        0x8 c:/st/stm32cubeide_1.8.0/stm32cubeide/plugins/com.st.stm32cube.ide.mcu.externaltools.gnu-tools-for-stm32.9-2020-q2-update.win32_2.0.0.202105311346/tools/bin/../lib/gcc/arm-none-eabi/9.3.1/thumb/v7e-m+dp/hard/crtn.o
                0x0000000008008400                . = ALIGN (0x4)
                0x0000000008008400                _etext = .

.vfp11_veneer   0x0000000008008400        0x0
 .vfp11_veneer  0x0000000008008400        0x0 linker stubs

.v4_bx          0x0000000008008400        0x0
 .v4_bx         0x0000000008008400        0x0 linker stubs

.iplt           0x0000000008008400        0x0
 .iplt          0x0000000008008400        0x0 c:/st/stm32cubeide_1.8.0/stm32cubeide/plugins/com.st.stm32cube.ide.mcu.externaltools.gnu-tools-for-stm32.9-2020-q2-update.win32_2.0.0.202105311346/tools/bin/../lib/gcc/arm-none-eabi/9.3.1/thumb/v7e-m+dp/hard/crtbegin.o

.rodata         0x0000000008008400     0x6f48
                0x0000000008008400                . = ALIGN (0x4)
 *(.rodata)
 .rodata        0x0000000008008400       0x22 ./Core/Src/main.o
 *fill*         0x0000000008008422        0x2 
 .rodata        0x0000000008008424       0x34 ./Drivers/BSP/ST7735/lcd.o
 *(.rodata*)
 .rodata.D1CorePrescTable
                0x0000000008008458       0x10 ./Core/Src/system_stm32h7xx.o
                0x0000000008008458                D1CorePrescTable
 .rodata.asc2_1206
                0x0000000008008468      0x474 ./Drivers/BSP/ST7735/lcd.o
                0x0000000008008468                asc2_1206
 .rodata.asc2_1608
                0x00000000080088dc      0x5f0 ./Drivers/BSP/ST7735/lcd.o
                0x00000000080088dc                asc2_1608
 .rodata.WeActStudiologo_160_80
                0x0000000008008ecc     0x6449 ./Drivers/BSP/ST7735/logo_160_80.o
                0x0000000008008ecc                WeActStudiologo_160_80
 .rodata._svfprintf_r.str1.1
                0x000000000800f315       0x11 c:/st/stm32cubeide_1.8.0/stm32cubeide/plugins/com.st.stm32cube.ide.mcu.externaltools.gnu-tools-for-stm32.9-2020-q2-update.win32_2.0.0.202105311346/tools/bin/../lib/gcc/arm-none-eabi/9.3.1/../../../../arm-none-eabi/lib/thumb/v7e-m+dp/hard\libc_nano.a(lib_a-nano-svfprintf.o)
 .rodata._printf_i.str1.1
                0x000000000800f326       0x22 c:/st/stm32cubeide_1.8.0/stm32cubeide/plugins/com.st.stm32cube.ide.mcu.externaltools.gnu-tools-for-stm32.9-2020-q2-update.win32_2.0.0.202105311346/tools/bin/../lib/gcc/arm-none-eabi/9.3.1/../../../../arm-none-eabi/lib/thumb/v7e-m+dp/hard\libc_nano.a(lib_a-nano-vfprintf_i.o)
                0x000000000800f348                . = ALIGN (0x4)

.rel.dyn        0x000000000800f348        0x0
 .rel.iplt      0x000000000800f348        0x0 c:/st/stm32cubeide_1.8.0/stm32cubeide/plugins/com.st.stm32cube.ide.mcu.externaltools.gnu-tools-for-stm32.9-2020-q2-update.win32_2.0.0.202105311346/tools/bin/../lib/gcc/arm-none-eabi/9.3.1/thumb/v7e-m+dp/hard/crtbegin.o

.ARM.extab
 *(.ARM.extab* .gnu.linkonce.armextab.*)

.ARM            0x000000000800f348        0x0
                0x000000000800f348                __exidx_start = .
 *(.ARM.exidx*)
                0x000000000800f348                __exidx_end = .

.preinit_array  0x000000000800f348        0x0
                0x000000000800f348                PROVIDE (__preinit_array_start = .)
 *(.preinit_array*)
                0x000000000800f348                PROVIDE (__preinit_array_end = .)

.init_array     0x000000000800f348        0x4
                0x000000000800f348                PROVIDE (__init_array_start = .)
 *(SORT_BY_NAME(.init_array.*))
 *(.init_array*)
 .init_array    0x000000000800f348        0x4 c:/st/stm32cubeide_1.8.0/stm32cubeide/plugins/com.st.stm32cube.ide.mcu.externaltools.gnu-tools-for-stm32.9-2020-q2-update.win32_2.0.0.202105311346/tools/bin/../lib/gcc/arm-none-eabi/9.3.1/thumb/v7e-m+dp/hard/crtbegin.o
                0x000000000800f34c                PROVIDE (__init_array_end = .)

.fini_array     0x000000000800f34c        0x4
                [!provide]                        PROVIDE (__fini_array_start = .)
 *(SORT_BY_NAME(.fini_array.*))
 *(.fini_array*)
 .fini_array    0x000000000800f34c        0x4 c:/st/stm32cubeide_1.8.0/stm32cubeide/plugins/com.st.stm32cube.ide.mcu.externaltools.gnu-tools-for-stm32.9-2020-q2-update.win32_2.0.0.202105311346/tools/bin/../lib/gcc/arm-none-eabi/9.3.1/thumb/v7e-m+dp/hard/crtbegin.o
                [!provide]                        PROVIDE (__fini_array_end = .)
                0x000000000800f350                _sidata = LOADADDR (.data)

.data           0x0000000024000000      0x104 load address 0x000000000800f350
                0x0000000024000000                . = ALIGN (0x4)
                0x0000000024000000                _sdata = .
 *(.data)
 *(.data*)
 .data.SystemCoreClock
                0x0000000024000000        0x4 ./Core/Src/system_stm32h7xx.o
                0x0000000024000000                SystemCoreClock
 .data.SystemD2Clock
                0x0000000024000004        0x4 ./Core/Src/system_stm32h7xx.o
                0x0000000024000004                SystemD2Clock
 .data.st7735_pIO
                0x0000000024000008       0x20 ./Drivers/BSP/ST7735/lcd.o
                0x0000000024000008                st7735_pIO
 .data.POINT_COLOR
                0x0000000024000028        0x2 ./Drivers/BSP/ST7735/lcd.o
                0x0000000024000028                POINT_COLOR
 *fill*         0x000000002400002a        0x2 
 .data.ST7735_LCD_Driver
                0x000000002400002c       0x4c ./Drivers/BSP/ST7735/st7735.o
                0x000000002400002c                ST7735_LCD_Driver
 .data.OrientationTab
                0x0000000024000078       0x20 ./Drivers/BSP/ST7735/st7735.o
 .data.uwTickPrio
                0x0000000024000098        0x4 ./Drivers/STM32H7xx_HAL_Driver/Src/stm32h7xx_hal.o
                0x0000000024000098                uwTickPrio
 .data.uwTickFreq
                0x000000002400009c        0x1 ./Drivers/STM32H7xx_HAL_Driver/Src/stm32h7xx_hal.o
                0x000000002400009c                uwTickFreq
 *fill*         0x000000002400009d        0x3 
 .data._impure_ptr
                0x00000000240000a0        0x4 c:/st/stm32cubeide_1.8.0/stm32cubeide/plugins/com.st.stm32cube.ide.mcu.externaltools.gnu-tools-for-stm32.9-2020-q2-update.win32_2.0.0.202105311346/tools/bin/../lib/gcc/arm-none-eabi/9.3.1/../../../../arm-none-eabi/lib/thumb/v7e-m+dp/hard\libc_nano.a(lib_a-impure.o)
                0x00000000240000a0                _impure_ptr
 .data.impure_data
                0x00000000240000a4       0x60 c:/st/stm32cubeide_1.8.0/stm32cubeide/plugins/com.st.stm32cube.ide.mcu.externaltools.gnu-tools-for-stm32.9-2020-q2-update.win32_2.0.0.202105311346/tools/bin/../lib/gcc/arm-none-eabi/9.3.1/../../../../arm-none-eabi/lib/thumb/v7e-m+dp/hard\libc_nano.a(lib_a-impure.o)
 *(.RamFunc)
 *(.RamFunc*)
                0x0000000024000104                . = ALIGN (0x4)
                0x0000000024000104                _edata = .

.igot.plt       0x0000000024000104        0x0 load address 0x000000000800f454
 .igot.plt      0x0000000024000104        0x0 c:/st/stm32cubeide_1.8.0/stm32cubeide/plugins/com.st.stm32cube.ide.mcu.externaltools.gnu-tools-for-stm32.9-2020-q2-update.win32_2.0.0.202105311346/tools/bin/../lib/gcc/arm-none-eabi/9.3.1/thumb/v7e-m+dp/hard/crtbegin.o
                0x0000000024000104                . = ALIGN (0x4)

.bss            0x0000000024000104      0x684 load address 0x000000000800f454
                0x0000000024000104                _sbss = .
                0x0000000024000104                __bss_start__ = _sbss
 *(.bss)
 .bss           0x0000000024000104       0x1c c:/st/stm32cubeide_1.8.0/stm32cubeide/plugins/com.st.stm32cube.ide.mcu.externaltools.gnu-tools-for-stm32.9-2020-q2-update.win32_2.0.0.202105311346/tools/bin/../lib/gcc/arm-none-eabi/9.3.1/thumb/v7e-m+dp/hard/crtbegin.o
 *(.bss*)
 .bss.__sbrk_heap_end
                0x0000000024000120        0x4 ./Core/Src/sysmem.o
 .bss.BACK_COLOR
                0x0000000024000124        0x2 ./Drivers/BSP/ST7735/lcd.o
                0x0000000024000124                BACK_COLOR
 *fill*         0x0000000024000126        0x2 
 .bss.pdata.5912
                0x0000000024000128      0x280 ./Drivers/BSP/ST7735/st7735.o
 .bss.pdata.5931
                0x00000000240003a8      0x280 ./Drivers/BSP/ST7735/st7735.o
 .bss.__malloc_free_list
                0x0000000024000628        0x4 c:/st/stm32cubeide_1.8.0/stm32cubeide/plugins/com.st.stm32cube.ide.mcu.externaltools.gnu-tools-for-stm32.9-2020-q2-update.win32_2.0.0.202105311346/tools/bin/../lib/gcc/arm-none-eabi/9.3.1/../../../../arm-none-eabi/lib/thumb/v7e-m+dp/hard\libc_nano.a(lib_a-nano-mallocr.o)
                0x0000000024000628                __malloc_free_list
 .bss.__malloc_sbrk_start
                0x000000002400062c        0x4 c:/st/stm32cubeide_1.8.0/stm32cubeide/plugins/com.st.stm32cube.ide.mcu.externaltools.gnu-tools-for-stm32.9-2020-q2-update.win32_2.0.0.202105311346/tools/bin/../lib/gcc/arm-none-eabi/9.3.1/../../../../arm-none-eabi/lib/thumb/v7e-m+dp/hard\libc_nano.a(lib_a-nano-mallocr.o)
                0x000000002400062c                __malloc_sbrk_start
 *(COMMON)
 COMMON         0x0000000024000630       0x24 ./Core/Src/rtc.o
                0x0000000024000630                hrtc
 COMMON         0x0000000024000654       0x88 ./Core/Src/spi.o
                0x0000000024000654                hspi4
 COMMON         0x00000000240006dc       0x4c ./Core/Src/tim.o
                0x00000000240006dc                htim1
 COMMON         0x0000000024000728       0x3c ./Drivers/BSP/ST7735/lcd.o
                0x0000000024000728                st7735_id
                0x000000002400072c                st7735_pObj
 COMMON         0x0000000024000764       0x10 ./Drivers/BSP/ST7735/st7735.o
                0x0000000024000764                ST7735Ctx
 COMMON         0x0000000024000774        0x4 ./Drivers/STM32H7xx_HAL_Driver/Src/stm32h7xx_hal.o
                0x0000000024000774                uwTick
 COMMON         0x0000000024000778        0x4 c:/st/stm32cubeide_1.8.0/stm32cubeide/plugins/com.st.stm32cube.ide.mcu.externaltools.gnu-tools-for-stm32.9-2020-q2-update.win32_2.0.0.202105311346/tools/bin/../lib/gcc/arm-none-eabi/9.3.1/../../../../arm-none-eabi/lib/thumb/v7e-m+dp/hard\libc_nano.a(lib_a-reent.o)
                0x0000000024000778                errno
 COMMON         0x000000002400077c        0x9 c:/st/stm32cubeide_1.8.0/stm32cubeide/plugins/com.st.stm32cube.ide.mcu.externaltools.gnu-tools-for-stm32.9-2020-q2-update.win32_2.0.0.202105311346/tools/bin/../lib/gcc/arm-none-eabi/9.3.1/../../../../arm-none-eabi/lib/thumb/v7e-m+dp/hard\libc_nano.a(lib_a-lock.o)
                0x000000002400077c                __lock___atexit_recursive_mutex
                0x000000002400077d                __lock___arc4random_mutex
                0x000000002400077e                __lock___env_recursive_mutex
                0x000000002400077f                __lock___sinit_recursive_mutex
                0x0000000024000780                __lock___malloc_recursive_mutex
                0x0000000024000781                __lock___at_quick_exit_mutex
                0x0000000024000782                __lock___dd_hash_mutex
                0x0000000024000783                __lock___tz_mutex
                0x0000000024000784                __lock___sfp_recursive_mutex
                0x0000000024000788                . = ALIGN (0x4)
 *fill*         0x0000000024000785        0x3 
                0x0000000024000788                _ebss = .
                0x0000000024000788                __bss_end__ = _ebss

._user_heap_stack
                0x0000000024000788      0x600 load address 0x000000000800f454
                0x0000000024000788                . = ALIGN (0x8)
                [!provide]                        PROVIDE (end = .)
                0x0000000024000788                PROVIDE (_end = .)
                0x0000000024000988                . = (. + _Min_Heap_Size)
 *fill*         0x0000000024000788      0x200 
                0x0000000024000d88                . = (. + _Min_Stack_Size)
 *fill*         0x0000000024000988      0x400 
                0x0000000024000d88                . = ALIGN (0x8)

/DISCARD/
 libc.a(*)
 libm.a(*)
 libgcc.a(*)

.ARM.attributes
                0x0000000000000000       0x2e
 *(.ARM.attributes)
 .ARM.attributes
                0x0000000000000000       0x1e c:/st/stm32cubeide_1.8.0/stm32cubeide/plugins/com.st.stm32cube.ide.mcu.externaltools.gnu-tools-for-stm32.9-2020-q2-update.win32_2.0.0.202105311346/tools/bin/../lib/gcc/arm-none-eabi/9.3.1/thumb/v7e-m+dp/hard/crti.o
 .ARM.attributes
                0x000000000000001e       0x32 c:/st/stm32cubeide_1.8.0/stm32cubeide/plugins/com.st.stm32cube.ide.mcu.externaltools.gnu-tools-for-stm32.9-2020-q2-update.win32_2.0.0.202105311346/tools/bin/../lib/gcc/arm-none-eabi/9.3.1/thumb/v7e-m+dp/hard/crtbegin.o
 .ARM.attributes
                0x0000000000000050       0x32 ./Core/Src/gpio.o
 .ARM.attributes
                0x0000000000000082       0x32 ./Core/Src/main.o
 .ARM.attributes
                0x00000000000000b4       0x32 ./Core/Src/rtc.o
 .ARM.attributes
                0x00000000000000e6       0x32 ./Core/Src/spi.o
 .ARM.attributes
                0x0000000000000118       0x32 ./Core/Src/stm32h7xx_hal_msp.o
 .ARM.attributes
                0x000000000000014a       0x32 ./Core/Src/stm32h7xx_it.o
 .ARM.attributes
                0x000000000000017c       0x32 ./Core/Src/sysmem.o
 .ARM.attributes
                0x00000000000001ae       0x32 ./Core/Src/system_stm32h7xx.o
 .ARM.attributes
                0x00000000000001e0       0x32 ./Core/Src/tim.o
 .ARM.attributes
                0x0000000000000212       0x21 ./Core/Startup/startup_stm32h750vbtx.o
 .ARM.attributes
                0x0000000000000233       0x32 ./Drivers/BSP/ST7735/lcd.o
 .ARM.attributes
                0x0000000000000265       0x37 ./Drivers/BSP/ST7735/logo_160_80.o
 .ARM.attributes
                0x000000000000029c       0x32 ./Drivers/BSP/ST7735/st7735.o
 .ARM.attributes
                0x00000000000002ce       0x32 ./Drivers/BSP/ST7735/st7735_reg.o
 .ARM.attributes
                0x0000000000000300       0x32 ./Drivers/STM32H7xx_HAL_Driver/Src/stm32h7xx_hal.o
 .ARM.attributes
                0x0000000000000332       0x32 ./Drivers/STM32H7xx_HAL_Driver/Src/stm32h7xx_hal_cortex.o
 .ARM.attributes
                0x0000000000000364       0x32 ./Drivers/STM32H7xx_HAL_Driver/Src/stm32h7xx_hal_gpio.o
 .ARM.attributes
                0x0000000000000396       0x32 ./Drivers/STM32H7xx_HAL_Driver/Src/stm32h7xx_hal_pwr.o
 .ARM.attributes
                0x00000000000003c8       0x32 ./Drivers/STM32H7xx_HAL_Driver/Src/stm32h7xx_hal_pwr_ex.o
 .ARM.attributes
                0x00000000000003fa       0x32 ./Drivers/STM32H7xx_HAL_Driver/Src/stm32h7xx_hal_rcc.o
 .ARM.attributes
                0x000000000000042c       0x32 ./Drivers/STM32H7xx_HAL_Driver/Src/stm32h7xx_hal_rcc_ex.o
 .ARM.attributes
                0x000000000000045e       0x32 ./Drivers/STM32H7xx_HAL_Driver/Src/stm32h7xx_hal_rtc.o
 .ARM.attributes
                0x0000000000000490       0x32 ./Drivers/STM32H7xx_HAL_Driver/Src/stm32h7xx_hal_spi.o
 .ARM.attributes
                0x00000000000004c2       0x32 ./Drivers/STM32H7xx_HAL_Driver/Src/stm32h7xx_hal_tim.o
 .ARM.attributes
                0x00000000000004f4       0x32 ./Drivers/STM32H7xx_HAL_Driver/Src/stm32h7xx_hal_tim_ex.o
 .ARM.attributes
                0x0000000000000526       0x32 c:/st/stm32cubeide_1.8.0/stm32cubeide/plugins/com.st.stm32cube.ide.mcu.externaltools.gnu-tools-for-stm32.9-2020-q2-update.win32_2.0.0.202105311346/tools/bin/../lib/gcc/arm-none-eabi/9.3.1/../../../../arm-none-eabi/lib/thumb/v7e-m+dp/hard\libc_nano.a(lib_a-errno.o)
 .ARM.attributes
                0x0000000000000558       0x30 c:/st/stm32cubeide_1.8.0/stm32cubeide/plugins/com.st.stm32cube.ide.mcu.externaltools.gnu-tools-for-stm32.9-2020-q2-update.win32_2.0.0.202105311346/tools/bin/../lib/gcc/arm-none-eabi/9.3.1/../../../../arm-none-eabi/lib/thumb/v7e-m+dp/hard\libc_nano.a(lib_a-impure.o)
 .ARM.attributes
                0x0000000000000588       0x32 c:/st/stm32cubeide_1.8.0/stm32cubeide/plugins/com.st.stm32cube.ide.mcu.externaltools.gnu-tools-for-stm32.9-2020-q2-update.win32_2.0.0.202105311346/tools/bin/../lib/gcc/arm-none-eabi/9.3.1/../../../../arm-none-eabi/lib/thumb/v7e-m+dp/hard\libc_nano.a(lib_a-init.o)
 .ARM.attributes
                0x00000000000005ba       0x32 c:/st/stm32cubeide_1.8.0/stm32cubeide/plugins/com.st.stm32cube.ide.mcu.externaltools.gnu-tools-for-stm32.9-2020-q2-update.win32_2.0.0.202105311346/tools/bin/../lib/gcc/arm-none-eabi/9.3.1/../../../../arm-none-eabi/lib/thumb/v7e-m+dp/hard\libc_nano.a(lib_a-memset.o)
 .ARM.attributes
                0x00000000000005ec       0x32 c:/st/stm32cubeide_1.8.0/stm32cubeide/plugins/com.st.stm32cube.ide.mcu.externaltools.gnu-tools-for-stm32.9-2020-q2-update.win32_2.0.0.202105311346/tools/bin/../lib/gcc/arm-none-eabi/9.3.1/../../../../arm-none-eabi/lib/thumb/v7e-m+dp/hard\libc_nano.a(lib_a-sprintf.o)
 .ARM.attributes
                0x000000000000061e       0x32 c:/st/stm32cubeide_1.8.0/stm32cubeide/plugins/com.st.stm32cube.ide.mcu.externaltools.gnu-tools-for-stm32.9-2020-q2-update.win32_2.0.0.202105311346/tools/bin/../lib/gcc/arm-none-eabi/9.3.1/../../../../arm-none-eabi/lib/thumb/v7e-m+dp/hard\libc_nano.a(lib_a-nano-svfprintf.o)
 .ARM.attributes
                0x0000000000000650       0x32 c:/st/stm32cubeide_1.8.0/stm32cubeide/plugins/com.st.stm32cube.ide.mcu.externaltools.gnu-tools-for-stm32.9-2020-q2-update.win32_2.0.0.202105311346/tools/bin/../lib/gcc/arm-none-eabi/9.3.1/../../../../arm-none-eabi/lib/thumb/v7e-m+dp/hard\libc_nano.a(lib_a-nano-vfprintf_i.o)
 .ARM.attributes
                0x0000000000000682       0x1c c:/st/stm32cubeide_1.8.0/stm32cubeide/plugins/com.st.stm32cube.ide.mcu.externaltools.gnu-tools-for-stm32.9-2020-q2-update.win32_2.0.0.202105311346/tools/bin/../lib/gcc/arm-none-eabi/9.3.1/../../../../arm-none-eabi/lib/thumb/v7e-m+dp/hard\libc_nano.a(lib_a-memchr.o)
 .ARM.attributes
                0x000000000000069e       0x32 c:/st/stm32cubeide_1.8.0/stm32cubeide/plugins/com.st.stm32cube.ide.mcu.externaltools.gnu-tools-for-stm32.9-2020-q2-update.win32_2.0.0.202105311346/tools/bin/../lib/gcc/arm-none-eabi/9.3.1/../../../../arm-none-eabi/lib/thumb/v7e-m+dp/hard\libc_nano.a(lib_a-memcpy-stub.o)
 .ARM.attributes
                0x00000000000006d0       0x32 c:/st/stm32cubeide_1.8.0/stm32cubeide/plugins/com.st.stm32cube.ide.mcu.externaltools.gnu-tools-for-stm32.9-2020-q2-update.win32_2.0.0.202105311346/tools/bin/../lib/gcc/arm-none-eabi/9.3.1/../../../../arm-none-eabi/lib/thumb/v7e-m+dp/hard\libc_nano.a(lib_a-memmove.o)
 .ARM.attributes
                0x0000000000000702       0x32 c:/st/stm32cubeide_1.8.0/stm32cubeide/plugins/com.st.stm32cube.ide.mcu.externaltools.gnu-tools-for-stm32.9-2020-q2-update.win32_2.0.0.202105311346/tools/bin/../lib/gcc/arm-none-eabi/9.3.1/../../../../arm-none-eabi/lib/thumb/v7e-m+dp/hard\libc_nano.a(lib_a-nano-freer.o)
 .ARM.attributes
                0x0000000000000734       0x32 c:/st/stm32cubeide_1.8.0/stm32cubeide/plugins/com.st.stm32cube.ide.mcu.externaltools.gnu-tools-for-stm32.9-2020-q2-update.win32_2.0.0.202105311346/tools/bin/../lib/gcc/arm-none-eabi/9.3.1/../../../../arm-none-eabi/lib/thumb/v7e-m+dp/hard\libc_nano.a(lib_a-nano-mallocr.o)
 .ARM.attributes
                0x0000000000000766       0x32 c:/st/stm32cubeide_1.8.0/stm32cubeide/plugins/com.st.stm32cube.ide.mcu.externaltools.gnu-tools-for-stm32.9-2020-q2-update.win32_2.0.0.202105311346/tools/bin/../lib/gcc/arm-none-eabi/9.3.1/../../../../arm-none-eabi/lib/thumb/v7e-m+dp/hard\libc_nano.a(lib_a-nano-reallocr.o)
 .ARM.attributes
                0x0000000000000798       0x32 c:/st/stm32cubeide_1.8.0/stm32cubeide/plugins/com.st.stm32cube.ide.mcu.externaltools.gnu-tools-for-stm32.9-2020-q2-update.win32_2.0.0.202105311346/tools/bin/../lib/gcc/arm-none-eabi/9.3.1/../../../../arm-none-eabi/lib/thumb/v7e-m+dp/hard\libc_nano.a(lib_a-sbrkr.o)
 .ARM.attributes
                0x00000000000007ca       0x32 c:/st/stm32cubeide_1.8.0/stm32cubeide/plugins/com.st.stm32cube.ide.mcu.externaltools.gnu-tools-for-stm32.9-2020-q2-update.win32_2.0.0.202105311346/tools/bin/../lib/gcc/arm-none-eabi/9.3.1/../../../../arm-none-eabi/lib/thumb/v7e-m+dp/hard\libc_nano.a(lib_a-mlock.o)
 .ARM.attributes
                0x00000000000007fc       0x32 c:/st/stm32cubeide_1.8.0/stm32cubeide/plugins/com.st.stm32cube.ide.mcu.externaltools.gnu-tools-for-stm32.9-2020-q2-update.win32_2.0.0.202105311346/tools/bin/../lib/gcc/arm-none-eabi/9.3.1/../../../../arm-none-eabi/lib/thumb/v7e-m+dp/hard\libc_nano.a(lib_a-nano-msizer.o)
 .ARM.attributes
                0x000000000000082e       0x32 c:/st/stm32cubeide_1.8.0/stm32cubeide/plugins/com.st.stm32cube.ide.mcu.externaltools.gnu-tools-for-stm32.9-2020-q2-update.win32_2.0.0.202105311346/tools/bin/../lib/gcc/arm-none-eabi/9.3.1/../../../../arm-none-eabi/lib/thumb/v7e-m+dp/hard\libc_nano.a(lib_a-reent.o)
 .ARM.attributes
                0x0000000000000860       0x32 c:/st/stm32cubeide_1.8.0/stm32cubeide/plugins/com.st.stm32cube.ide.mcu.externaltools.gnu-tools-for-stm32.9-2020-q2-update.win32_2.0.0.202105311346/tools/bin/../lib/gcc/arm-none-eabi/9.3.1/../../../../arm-none-eabi/lib/thumb/v7e-m+dp/hard\libc_nano.a(lib_a-lock.o)
 .ARM.attributes
                0x0000000000000892       0x1e c:/st/stm32cubeide_1.8.0/stm32cubeide/plugins/com.st.stm32cube.ide.mcu.externaltools.gnu-tools-for-stm32.9-2020-q2-update.win32_2.0.0.202105311346/tools/bin/../lib/gcc/arm-none-eabi/9.3.1/thumb/v7e-m+dp/hard/crtn.o
OUTPUT(03-LCD_Test.elf elf32-littlearm)
LOAD linker stubs
LOAD c:/st/stm32cubeide_1.8.0/stm32cubeide/plugins/com.st.stm32cube.ide.mcu.externaltools.gnu-tools-for-stm32.9-2020-q2-update.win32_2.0.0.202105311346/tools/bin/../lib/gcc/arm-none-eabi/9.3.1/../../../../arm-none-eabi/lib/thumb/v7e-m+dp/hard\libc.a
LOAD c:/st/stm32cubeide_1.8.0/stm32cubeide/plugins/com.st.stm32cube.ide.mcu.externaltools.gnu-tools-for-stm32.9-2020-q2-update.win32_2.0.0.202105311346/tools/bin/../lib/gcc/arm-none-eabi/9.3.1/../../../../arm-none-eabi/lib/thumb/v7e-m+dp/hard\libm.a
LOAD c:/st/stm32cubeide_1.8.0/stm32cubeide/plugins/com.st.stm32cube.ide.mcu.externaltools.gnu-tools-for-stm32.9-2020-q2-update.win32_2.0.0.202105311346/tools/bin/../lib/gcc/arm-none-eabi/9.3.1/thumb/v7e-m+dp/hard\libgcc.a

.debug_info     0x0000000000000000    0x25334
 .debug_info    0x0000000000000000     0x10d6 ./Core/Src/gpio.o
 .debug_info    0x00000000000010d6     0x303c ./Core/Src/main.o
 .debug_info    0x0000000000004112     0x175e ./Core/Src/rtc.o
 .debug_info    0x0000000000005870     0x1a8f ./Core/Src/spi.o
 .debug_info    0x00000000000072ff      0xf3b ./Core/Src/stm32h7xx_hal_msp.o
 .debug_info    0x000000000000823a      0xbe2 ./Core/Src/stm32h7xx_it.o
 .debug_info    0x0000000000008e1c      0xa25 ./Core/Src/sysmem.o
 .debug_info    0x0000000000009841     0x1748 ./Core/Src/system_stm32h7xx.o
 .debug_info    0x000000000000af89     0x1975 ./Core/Src/tim.o
 .debug_info    0x000000000000c8fe       0x22 ./Core/Startup/startup_stm32h750vbtx.o
 .debug_info    0x000000000000c920     0x2194 ./Drivers/BSP/ST7735/lcd.o
 .debug_info    0x000000000000eab4      0x94a ./Drivers/BSP/ST7735/logo_160_80.o
 .debug_info    0x000000000000f3fe     0x1192 ./Drivers/BSP/ST7735/st7735.o
 .debug_info    0x0000000000010590      0x2da ./Drivers/BSP/ST7735/st7735_reg.o
 .debug_info    0x000000000001086a     0x1f64 ./Drivers/STM32H7xx_HAL_Driver/Src/stm32h7xx_hal.o
 .debug_info    0x00000000000127ce     0x1bda ./Drivers/STM32H7xx_HAL_Driver/Src/stm32h7xx_hal_cortex.o
 .debug_info    0x00000000000143a8     0x17bf ./Drivers/STM32H7xx_HAL_Driver/Src/stm32h7xx_hal_gpio.o
 .debug_info    0x0000000000015b67     0x13e0 ./Drivers/STM32H7xx_HAL_Driver/Src/stm32h7xx_hal_pwr.o
 .debug_info    0x0000000000016f47     0x1b06 ./Drivers/STM32H7xx_HAL_Driver/Src/stm32h7xx_hal_pwr_ex.o
 .debug_info    0x0000000000018a4d     0x192a ./Drivers/STM32H7xx_HAL_Driver/Src/stm32h7xx_hal_rcc.o
 .debug_info    0x000000000001a377     0x1cc1 ./Drivers/STM32H7xx_HAL_Driver/Src/stm32h7xx_hal_rcc_ex.o
 .debug_info    0x000000000001c038     0x1981 ./Drivers/STM32H7xx_HAL_Driver/Src/stm32h7xx_hal_rtc.o
 .debug_info    0x000000000001d9b9     0x1fa0 ./Drivers/STM32H7xx_HAL_Driver/Src/stm32h7xx_hal_spi.o
 .debug_info    0x000000000001f959     0x37a3 ./Drivers/STM32H7xx_HAL_Driver/Src/stm32h7xx_hal_tim.o
 .debug_info    0x00000000000230fc     0x2238 ./Drivers/STM32H7xx_HAL_Driver/Src/stm32h7xx_hal_tim_ex.o

.debug_abbrev   0x0000000000000000     0x3e6a
 .debug_abbrev  0x0000000000000000      0x229 ./Core/Src/gpio.o
 .debug_abbrev  0x0000000000000229      0x33b ./Core/Src/main.o
 .debug_abbrev  0x0000000000000564      0x26d ./Core/Src/rtc.o
 .debug_abbrev  0x00000000000007d1      0x265 ./Core/Src/spi.o
 .debug_abbrev  0x0000000000000a36      0x20f ./Core/Src/stm32h7xx_hal_msp.o
 .debug_abbrev  0x0000000000000c45      0x1ef ./Core/Src/stm32h7xx_it.o
 .debug_abbrev  0x0000000000000e34      0x1bf ./Core/Src/sysmem.o
 .debug_abbrev  0x0000000000000ff3      0x262 ./Core/Src/system_stm32h7xx.o
 .debug_abbrev  0x0000000000001255      0x289 ./Core/Src/tim.o
 .debug_abbrev  0x00000000000014de       0x12 ./Core/Startup/startup_stm32h750vbtx.o
 .debug_abbrev  0x00000000000014f0      0x367 ./Drivers/BSP/ST7735/lcd.o
 .debug_abbrev  0x0000000000001857      0x192 ./Drivers/BSP/ST7735/logo_160_80.o
 .debug_abbrev  0x00000000000019e9      0x1e6 ./Drivers/BSP/ST7735/st7735.o
 .debug_abbrev  0x0000000000001bcf       0xda ./Drivers/BSP/ST7735/st7735_reg.o
 .debug_abbrev  0x0000000000001ca9      0x31b ./Drivers/STM32H7xx_HAL_Driver/Src/stm32h7xx_hal.o
 .debug_abbrev  0x0000000000001fc4      0x409 ./Drivers/STM32H7xx_HAL_Driver/Src/stm32h7xx_hal_cortex.o
 .debug_abbrev  0x00000000000023cd      0x2cb ./Drivers/STM32H7xx_HAL_Driver/Src/stm32h7xx_hal_gpio.o
 .debug_abbrev  0x0000000000002698      0x287 ./Drivers/STM32H7xx_HAL_Driver/Src/stm32h7xx_hal_pwr.o
 .debug_abbrev  0x000000000000291f      0x350 ./Drivers/STM32H7xx_HAL_Driver/Src/stm32h7xx_hal_pwr_ex.o
 .debug_abbrev  0x0000000000002c6f      0x322 ./Drivers/STM32H7xx_HAL_Driver/Src/stm32h7xx_hal_rcc.o
 .debug_abbrev  0x0000000000002f91      0x31d ./Drivers/STM32H7xx_HAL_Driver/Src/stm32h7xx_hal_rcc_ex.o
 .debug_abbrev  0x00000000000032ae      0x2af ./Drivers/STM32H7xx_HAL_Driver/Src/stm32h7xx_hal_rtc.o
 .debug_abbrev  0x000000000000355d      0x313 ./Drivers/STM32H7xx_HAL_Driver/Src/stm32h7xx_hal_spi.o
 .debug_abbrev  0x0000000000003870      0x2f9 ./Drivers/STM32H7xx_HAL_Driver/Src/stm32h7xx_hal_tim.o
 .debug_abbrev  0x0000000000003b69      0x301 ./Drivers/STM32H7xx_HAL_Driver/Src/stm32h7xx_hal_tim_ex.o

.debug_aranges  0x0000000000000000     0x11f8
 .debug_aranges
                0x0000000000000000       0x20 ./Core/Src/gpio.o
 .debug_aranges
                0x0000000000000020       0x50 ./Core/Src/main.o
 .debug_aranges
                0x0000000000000070       0x30 ./Core/Src/rtc.o
 .debug_aranges
                0x00000000000000a0       0x30 ./Core/Src/spi.o
 .debug_aranges
                0x00000000000000d0       0x20 ./Core/Src/stm32h7xx_hal_msp.o
 .debug_aranges
                0x00000000000000f0       0x60 ./Core/Src/stm32h7xx_it.o
 .debug_aranges
                0x0000000000000150       0x20 ./Core/Src/sysmem.o
 .debug_aranges
                0x0000000000000170       0x28 ./Core/Src/system_stm32h7xx.o
 .debug_aranges
                0x0000000000000198       0x38 ./Core/Src/tim.o
 .debug_aranges
                0x00000000000001d0       0x28 ./Core/Startup/startup_stm32h750vbtx.o
 .debug_aranges
                0x00000000000001f8       0x78 ./Drivers/BSP/ST7735/lcd.o
 .debug_aranges
                0x0000000000000270       0x18 ./Drivers/BSP/ST7735/logo_160_80.o
 .debug_aranges
                0x0000000000000288       0xe8 ./Drivers/BSP/ST7735/st7735.o
 .debug_aranges
                0x0000000000000370       0x38 ./Drivers/BSP/ST7735/st7735_reg.o
 .debug_aranges
                0x00000000000003a8      0x198 ./Drivers/STM32H7xx_HAL_Driver/Src/stm32h7xx_hal.o
 .debug_aranges
                0x0000000000000540      0x120 ./Drivers/STM32H7xx_HAL_Driver/Src/stm32h7xx_hal_cortex.o
 .debug_aranges
                0x0000000000000660       0x58 ./Drivers/STM32H7xx_HAL_Driver/Src/stm32h7xx_hal_gpio.o
 .debug_aranges
                0x00000000000006b8       0xa0 ./Drivers/STM32H7xx_HAL_Driver/Src/stm32h7xx_hal_pwr.o
 .debug_aranges
                0x0000000000000758      0x158 ./Drivers/STM32H7xx_HAL_Driver/Src/stm32h7xx_hal_pwr_ex.o
 .debug_aranges
                0x00000000000008b0       0x88 ./Drivers/STM32H7xx_HAL_Driver/Src/stm32h7xx_hal_rcc.o
 .debug_aranges
                0x0000000000000938       0xf8 ./Drivers/STM32H7xx_HAL_Driver/Src/stm32h7xx_hal_rcc_ex.o
 .debug_aranges
                0x0000000000000a30       0xc0 ./Drivers/STM32H7xx_HAL_Driver/Src/stm32h7xx_hal_rtc.o
 .debug_aranges
                0x0000000000000af0      0x1a0 ./Drivers/STM32H7xx_HAL_Driver/Src/stm32h7xx_hal_spi.o
 .debug_aranges
                0x0000000000000c90      0x3e0 ./Drivers/STM32H7xx_HAL_Driver/Src/stm32h7xx_hal_tim.o
 .debug_aranges
                0x0000000000001070      0x188 ./Drivers/STM32H7xx_HAL_Driver/Src/stm32h7xx_hal_tim_ex.o

.debug_ranges   0x0000000000000000     0x1068
 .debug_ranges  0x0000000000000000       0x10 ./Core/Src/gpio.o
 .debug_ranges  0x0000000000000010       0x40 ./Core/Src/main.o
 .debug_ranges  0x0000000000000050       0x20 ./Core/Src/rtc.o
 .debug_ranges  0x0000000000000070       0x20 ./Core/Src/spi.o
 .debug_ranges  0x0000000000000090       0x10 ./Core/Src/stm32h7xx_hal_msp.o
 .debug_ranges  0x00000000000000a0       0x50 ./Core/Src/stm32h7xx_it.o
 .debug_ranges  0x00000000000000f0       0x10 ./Core/Src/sysmem.o
 .debug_ranges  0x0000000000000100       0x18 ./Core/Src/system_stm32h7xx.o
 .debug_ranges  0x0000000000000118       0x28 ./Core/Src/tim.o
 .debug_ranges  0x0000000000000140       0x20 ./Core/Startup/startup_stm32h750vbtx.o
 .debug_ranges  0x0000000000000160       0x68 ./Drivers/BSP/ST7735/lcd.o
 .debug_ranges  0x00000000000001c8       0xd8 ./Drivers/BSP/ST7735/st7735.o
 .debug_ranges  0x00000000000002a0       0x28 ./Drivers/BSP/ST7735/st7735_reg.o
 .debug_ranges  0x00000000000002c8      0x188 ./Drivers/STM32H7xx_HAL_Driver/Src/stm32h7xx_hal.o
 .debug_ranges  0x0000000000000450      0x110 ./Drivers/STM32H7xx_HAL_Driver/Src/stm32h7xx_hal_cortex.o
 .debug_ranges  0x0000000000000560       0x48 ./Drivers/STM32H7xx_HAL_Driver/Src/stm32h7xx_hal_gpio.o
 .debug_ranges  0x00000000000005a8       0x90 ./Drivers/STM32H7xx_HAL_Driver/Src/stm32h7xx_hal_pwr.o
 .debug_ranges  0x0000000000000638      0x148 ./Drivers/STM32H7xx_HAL_Driver/Src/stm32h7xx_hal_pwr_ex.o
 .debug_ranges  0x0000000000000780       0x78 ./Drivers/STM32H7xx_HAL_Driver/Src/stm32h7xx_hal_rcc.o
 .debug_ranges  0x00000000000007f8       0xe8 ./Drivers/STM32H7xx_HAL_Driver/Src/stm32h7xx_hal_rcc_ex.o
 .debug_ranges  0x00000000000008e0       0xb0 ./Drivers/STM32H7xx_HAL_Driver/Src/stm32h7xx_hal_rtc.o
 .debug_ranges  0x0000000000000990      0x190 ./Drivers/STM32H7xx_HAL_Driver/Src/stm32h7xx_hal_spi.o
 .debug_ranges  0x0000000000000b20      0x3d0 ./Drivers/STM32H7xx_HAL_Driver/Src/stm32h7xx_hal_tim.o
 .debug_ranges  0x0000000000000ef0      0x178 ./Drivers/STM32H7xx_HAL_Driver/Src/stm32h7xx_hal_tim_ex.o

.debug_macro    0x0000000000000000    0x39828
 .debug_macro   0x0000000000000000      0x2e0 ./Core/Src/gpio.o
 .debug_macro   0x00000000000002e0      0xac0 ./Core/Src/gpio.o
 .debug_macro   0x0000000000000da0      0x23e ./Core/Src/gpio.o
 .debug_macro   0x0000000000000fde       0x2e ./Core/Src/gpio.o
 .debug_macro   0x000000000000100c       0x3b ./Core/Src/gpio.o
 .debug_macro   0x0000000000001047       0x22 ./Core/Src/gpio.o
 .debug_macro   0x0000000000001069       0x8e ./Core/Src/gpio.o
 .debug_macro   0x00000000000010f7       0x51 ./Core/Src/gpio.o
 .debug_macro   0x0000000000001148      0x103 ./Core/Src/gpio.o
 .debug_macro   0x000000000000124b       0x6a ./Core/Src/gpio.o
 .debug_macro   0x00000000000012b5      0x1df ./Core/Src/gpio.o
 .debug_macro   0x0000000000001494       0x1c ./Core/Src/gpio.o
 .debug_macro   0x00000000000014b0       0x22 ./Core/Src/gpio.o
 .debug_macro   0x00000000000014d2      0x101 ./Core/Src/gpio.o
 .debug_macro   0x00000000000015d3     0x1305 ./Core/Src/gpio.o
 .debug_macro   0x00000000000028d8      0x11f ./Core/Src/gpio.o
 .debug_macro   0x00000000000029f7       0x27 ./Core/Src/gpio.o
 .debug_macro   0x0000000000002a1e    0x25e57 ./Core/Src/gpio.o
 .debug_macro   0x0000000000028875       0x6d ./Core/Src/gpio.o
 .debug_macro   0x00000000000288e2     0x3d1e ./Core/Src/gpio.o
 .debug_macro   0x000000000002c600      0x174 ./Core/Src/gpio.o
 .debug_macro   0x000000000002c774       0x52 ./Core/Src/gpio.o
 .debug_macro   0x000000000002c7c6       0x17 ./Core/Src/gpio.o
 .debug_macro   0x000000000002c7dd       0x3c ./Core/Src/gpio.o
 .debug_macro   0x000000000002c819       0x34 ./Core/Src/gpio.o
 .debug_macro   0x000000000002c84d       0x16 ./Core/Src/gpio.o
 .debug_macro   0x000000000002c863       0x43 ./Core/Src/gpio.o
 .debug_macro   0x000000000002c8a6       0x34 ./Core/Src/gpio.o
 .debug_macro   0x000000000002c8da       0x10 ./Core/Src/gpio.o
 .debug_macro   0x000000000002c8ea       0x58 ./Core/Src/gpio.o
 .debug_macro   0x000000000002c942       0x71 ./Core/Src/gpio.o
 .debug_macro   0x000000000002c9b3       0x1c ./Core/Src/gpio.o
 .debug_macro   0x000000000002c9cf      0x12a ./Core/Src/gpio.o
 .debug_macro   0x000000000002caf9      0x333 ./Core/Src/gpio.o
 .debug_macro   0x000000000002ce2c      0x1a9 ./Core/Src/gpio.o
 .debug_macro   0x000000000002cfd5       0x5d ./Core/Src/gpio.o
 .debug_macro   0x000000000002d032     0x240e ./Core/Src/gpio.o
 .debug_macro   0x000000000002f440     0x1002 ./Core/Src/gpio.o
 .debug_macro   0x0000000000030442      0x14d ./Core/Src/gpio.o
 .debug_macro   0x000000000003058f      0x114 ./Core/Src/gpio.o
 .debug_macro   0x00000000000306a3      0x3b2 ./Core/Src/gpio.o
 .debug_macro   0x0000000000030a55       0xac ./Core/Src/gpio.o
 .debug_macro   0x0000000000030b01      0x72d ./Core/Src/gpio.o
 .debug_macro   0x000000000003122e      0x228 ./Core/Src/gpio.o
 .debug_macro   0x0000000000031456       0x66 ./Core/Src/gpio.o
 .debug_macro   0x00000000000314bc      0x3bb ./Core/Src/gpio.o
 .debug_macro   0x0000000000031877      0x3e4 ./Core/Src/gpio.o
 .debug_macro   0x0000000000031c5b      0x275 ./Core/Src/gpio.o
 .debug_macro   0x0000000000031ed0      0x3ca ./Core/Src/gpio.o
 .debug_macro   0x000000000003229a      0x3de ./Core/Src/gpio.o
 .debug_macro   0x0000000000032678       0x3c ./Core/Src/gpio.o
 .debug_macro   0x00000000000326b4       0x4a ./Core/Src/gpio.o
 .debug_macro   0x00000000000326fe      0x22c ./Core/Src/gpio.o
 .debug_macro   0x000000000003292a       0x67 ./Core/Src/gpio.o
 .debug_macro   0x0000000000032991       0xa5 ./Core/Src/gpio.o
 .debug_macro   0x0000000000032a36      0x1c4 ./Core/Src/gpio.o
 .debug_macro   0x0000000000032bfa      0x25e ./Core/Src/gpio.o
 .debug_macro   0x0000000000032e58       0x35 ./Core/Src/gpio.o
 .debug_macro   0x0000000000032e8d      0x321 ./Core/Src/gpio.o
 .debug_macro   0x00000000000331ae      0x662 ./Core/Src/gpio.o
 .debug_macro   0x0000000000033810       0xe4 ./Core/Src/gpio.o
 .debug_macro   0x00000000000338f4      0x5e4 ./Core/Src/gpio.o
 .debug_macro   0x0000000000033ed8       0x9e ./Core/Src/gpio.o
 .debug_macro   0x0000000000033f76      0xad7 ./Core/Src/gpio.o
 .debug_macro   0x0000000000034a4d      0x29f ./Core/Src/gpio.o
 .debug_macro   0x0000000000034cec      0x5a0 ./Core/Src/gpio.o
 .debug_macro   0x000000000003528c       0x34 ./Core/Src/gpio.o
 .debug_macro   0x00000000000352c0      0x3ee ./Core/Src/main.o
 .debug_macro   0x00000000000356ae      0x154 ./Core/Src/main.o
 .debug_macro   0x0000000000035802       0x9e ./Core/Src/main.o
 .debug_macro   0x00000000000358a0       0x1c ./Core/Src/main.o
 .debug_macro   0x00000000000358bc       0x35 ./Core/Src/main.o
 .debug_macro   0x00000000000358f1       0x10 ./Core/Src/main.o
 .debug_macro   0x0000000000035901       0x10 ./Core/Src/main.o
 .debug_macro   0x0000000000035911       0x1c ./Core/Src/main.o
 .debug_macro   0x000000000003592d       0x52 ./Core/Src/main.o
 .debug_macro   0x000000000003597f       0x22 ./Core/Src/main.o
 .debug_macro   0x00000000000359a1       0x10 ./Core/Src/main.o
 .debug_macro   0x00000000000359b1       0x40 ./Core/Src/main.o
 .debug_macro   0x00000000000359f1       0xd5 ./Core/Src/main.o
 .debug_macro   0x0000000000035ac6       0x1c ./Core/Src/main.o
 .debug_macro   0x0000000000035ae2       0x3d ./Core/Src/main.o
 .debug_macro   0x0000000000035b1f       0x16 ./Core/Src/main.o
 .debug_macro   0x0000000000035b35      0x145 ./Core/Src/main.o
 .debug_macro   0x0000000000035c7a       0x6a ./Core/Src/main.o
 .debug_macro   0x0000000000035ce4      0x2e0 ./Core/Src/rtc.o
 .debug_macro   0x0000000000035fc4      0x2e0 ./Core/Src/spi.o
 .debug_macro   0x00000000000362a4      0x2d6 ./Core/Src/stm32h7xx_hal_msp.o
 .debug_macro   0x000000000003657a      0x2e0 ./Core/Src/stm32h7xx_it.o
 .debug_macro   0x000000000003685a       0xff ./Core/Src/sysmem.o
 .debug_macro   0x0000000000036959      0x23b ./Core/Src/sysmem.o
 .debug_macro   0x0000000000036b94      0x2c7 ./Core/Src/system_stm32h7xx.o
 .debug_macro   0x0000000000036e5b      0x2e0 ./Core/Src/tim.o
 .debug_macro   0x000000000003713b      0x432 ./Drivers/BSP/ST7735/lcd.o
 .debug_macro   0x000000000003756d      0x103 ./Drivers/BSP/ST7735/logo_160_80.o
 .debug_macro   0x0000000000037670       0x8a ./Drivers/BSP/ST7735/st7735.o
 .debug_macro   0x00000000000376fa      0x14e ./Drivers/BSP/ST7735/st7735.o
 .debug_macro   0x0000000000037848       0x72 ./Drivers/BSP/ST7735/st7735_reg.o
 .debug_macro   0x00000000000378ba      0x2f1 ./Drivers/STM32H7xx_HAL_Driver/Src/stm32h7xx_hal.o
 .debug_macro   0x0000000000037bab      0x2c7 ./Drivers/STM32H7xx_HAL_Driver/Src/stm32h7xx_hal_cortex.o
 .debug_macro   0x0000000000037e72      0x2ce ./Drivers/STM32H7xx_HAL_Driver/Src/stm32h7xx_hal_gpio.o
 .debug_macro   0x0000000000038140      0x2eb ./Drivers/STM32H7xx_HAL_Driver/Src/stm32h7xx_hal_pwr.o
 .debug_macro   0x000000000003842b      0x300 ./Drivers/STM32H7xx_HAL_Driver/Src/stm32h7xx_hal_pwr_ex.o
 .debug_macro   0x000000000003872b      0x2eb ./Drivers/STM32H7xx_HAL_Driver/Src/stm32h7xx_hal_rcc.o
 .debug_macro   0x0000000000038a16      0x2e5 ./Drivers/STM32H7xx_HAL_Driver/Src/stm32h7xx_hal_rcc_ex.o
 .debug_macro   0x0000000000038cfb      0x2c8 ./Drivers/STM32H7xx_HAL_Driver/Src/stm32h7xx_hal_rtc.o
 .debug_macro   0x0000000000038fc3      0x2d6 ./Drivers/STM32H7xx_HAL_Driver/Src/stm32h7xx_hal_spi.o
 .debug_macro   0x0000000000039299      0x2c8 ./Drivers/STM32H7xx_HAL_Driver/Src/stm32h7xx_hal_tim.o
 .debug_macro   0x0000000000039561      0x2c7 ./Drivers/STM32H7xx_HAL_Driver/Src/stm32h7xx_hal_tim_ex.o

.debug_line     0x0000000000000000    0x179e6
 .debug_line    0x0000000000000000      0x8b0 ./Core/Src/gpio.o
 .debug_line    0x00000000000008b0      0xba8 ./Core/Src/main.o
 .debug_line    0x0000000000001458      0x919 ./Core/Src/rtc.o
 .debug_line    0x0000000000001d71      0x92b ./Core/Src/spi.o
 .debug_line    0x000000000000269c      0x887 ./Core/Src/stm32h7xx_hal_msp.o
 .debug_line    0x0000000000002f23      0x94b ./Core/Src/stm32h7xx_it.o
 .debug_line    0x000000000000386e      0x4f8 ./Core/Src/sysmem.o
 .debug_line    0x0000000000003d66      0xa3b ./Core/Src/system_stm32h7xx.o
 .debug_line    0x00000000000047a1      0x966 ./Core/Src/tim.o
 .debug_line    0x0000000000005107       0x88 ./Core/Startup/startup_stm32h750vbtx.o
 .debug_line    0x000000000000518f      0xde2 ./Drivers/BSP/ST7735/lcd.o
 .debug_line    0x0000000000005f71      0x4af ./Drivers/BSP/ST7735/logo_160_80.o
 .debug_line    0x0000000000006420      0xf1b ./Drivers/BSP/ST7735/st7735.o
 .debug_line    0x000000000000733b      0x3fc ./Drivers/BSP/ST7735/st7735_reg.o
 .debug_line    0x0000000000007737      0xe36 ./Drivers/STM32H7xx_HAL_Driver/Src/stm32h7xx_hal.o
 .debug_line    0x000000000000856d      0xe3c ./Drivers/STM32H7xx_HAL_Driver/Src/stm32h7xx_hal_cortex.o
 .debug_line    0x00000000000093a9      0xcf9 ./Drivers/STM32H7xx_HAL_Driver/Src/stm32h7xx_hal_gpio.o
 .debug_line    0x000000000000a0a2      0xaa1 ./Drivers/STM32H7xx_HAL_Driver/Src/stm32h7xx_hal_pwr.o
 .debug_line    0x000000000000ab43      0xf50 ./Drivers/STM32H7xx_HAL_Driver/Src/stm32h7xx_hal_pwr_ex.o
 .debug_line    0x000000000000ba93     0x13a1 ./Drivers/STM32H7xx_HAL_Driver/Src/stm32h7xx_hal_rcc.o
 .debug_line    0x000000000000ce34     0x1b4f ./Drivers/STM32H7xx_HAL_Driver/Src/stm32h7xx_hal_rcc_ex.o
 .debug_line    0x000000000000e983     0x122f ./Drivers/STM32H7xx_HAL_Driver/Src/stm32h7xx_hal_rtc.o
 .debug_line    0x000000000000fbb2     0x216f ./Drivers/STM32H7xx_HAL_Driver/Src/stm32h7xx_hal_spi.o
 .debug_line    0x0000000000011d21     0x3ef4 ./Drivers/STM32H7xx_HAL_Driver/Src/stm32h7xx_hal_tim.o
 .debug_line    0x0000000000015c15     0x1dd1 ./Drivers/STM32H7xx_HAL_Driver/Src/stm32h7xx_hal_tim_ex.o

.debug_str      0x0000000000000000   0x16a1d3
 .debug_str     0x0000000000000000   0x1624c0 ./Core/Src/gpio.o
                                     0x1629ef (size before relaxing)
 .debug_str     0x00000000001624c0     0x28be ./Core/Src/main.o
                                     0x165460 (size before relaxing)
 .debug_str     0x0000000000164d7e      0x351 ./Core/Src/rtc.o
                                     0x162fb9 (size before relaxing)
 .debug_str     0x00000000001650cf       0x4b ./Core/Src/spi.o
                                     0x163304 (size before relaxing)
 .debug_str     0x000000000016511a       0x2c ./Core/Src/stm32h7xx_hal_msp.o
                                     0x162952 (size before relaxing)
 .debug_str     0x0000000000165146       0xbd ./Core/Src/stm32h7xx_it.o
                                     0x1627b9 (size before relaxing)
 .debug_str     0x0000000000165203      0x4e9 ./Core/Src/sysmem.o
                                       0x62fa (size before relaxing)
 .debug_str     0x00000000001656ec      0x208 ./Core/Src/system_stm32h7xx.o
                                     0x162b95 (size before relaxing)
 .debug_str     0x00000000001658f4      0x1f5 ./Core/Src/tim.o
                                     0x1631d4 (size before relaxing)
 .debug_str     0x0000000000165ae9       0x36 ./Core/Startup/startup_stm32h750vbtx.o
                                         0x82 (size before relaxing)
 .debug_str     0x0000000000165b1f      0x33b ./Drivers/BSP/ST7735/lcd.o
                                     0x164e1d (size before relaxing)
 .debug_str     0x0000000000165e5a      0x123 ./Drivers/BSP/ST7735/logo_160_80.o
                                       0x67e9 (size before relaxing)
 .debug_str     0x0000000000165f7d      0x282 ./Drivers/BSP/ST7735/st7735.o
                                       0x4d45 (size before relaxing)
 .debug_str     0x00000000001661ff       0x66 ./Drivers/BSP/ST7735/st7735_reg.o
                                       0x439b (size before relaxing)
 .debug_str     0x0000000000166265      0xef3 ./Drivers/STM32H7xx_HAL_Driver/Src/stm32h7xx_hal.o
                                     0x1639d2 (size before relaxing)
 .debug_str     0x0000000000167158      0x310 ./Drivers/STM32H7xx_HAL_Driver/Src/stm32h7xx_hal_cortex.o
                                     0x1634da (size before relaxing)
 .debug_str     0x0000000000167468      0x12a ./Drivers/STM32H7xx_HAL_Driver/Src/stm32h7xx_hal_gpio.o
                                     0x162b8d (size before relaxing)
 .debug_str     0x0000000000167592      0x29e ./Drivers/STM32H7xx_HAL_Driver/Src/stm32h7xx_hal_pwr.o
                                     0x162b42 (size before relaxing)
 .debug_str     0x0000000000167830      0x61e ./Drivers/STM32H7xx_HAL_Driver/Src/stm32h7xx_hal_pwr_ex.o
                                     0x16301c (size before relaxing)
 .debug_str     0x0000000000167e4e      0x26c ./Drivers/STM32H7xx_HAL_Driver/Src/stm32h7xx_hal_rcc.o
                                     0x162ef1 (size before relaxing)
 .debug_str     0x00000000001680ba      0x665 ./Drivers/STM32H7xx_HAL_Driver/Src/stm32h7xx_hal_rcc_ex.o
                                     0x1633a3 (size before relaxing)
 .debug_str     0x000000000016871f      0x228 ./Drivers/STM32H7xx_HAL_Driver/Src/stm32h7xx_hal_rtc.o
                                     0x162cbf (size before relaxing)
 .debug_str     0x0000000000168947      0x547 ./Drivers/STM32H7xx_HAL_Driver/Src/stm32h7xx_hal_spi.o
                                     0x1631e1 (size before relaxing)
 .debug_str     0x0000000000168e8e      0xe03 ./Drivers/STM32H7xx_HAL_Driver/Src/stm32h7xx_hal_tim.o
                                     0x163c27 (size before relaxing)
 .debug_str     0x0000000000169c91      0x542 ./Drivers/STM32H7xx_HAL_Driver/Src/stm32h7xx_hal_tim_ex.o
                                     0x16350d (size before relaxing)

.comment        0x0000000000000000       0x53
 .comment       0x0000000000000000       0x53 ./Core/Src/gpio.o
                                         0x54 (size before relaxing)
 .comment       0x0000000000000053       0x54 ./Core/Src/main.o
 .comment       0x0000000000000053       0x54 ./Core/Src/rtc.o
 .comment       0x0000000000000053       0x54 ./Core/Src/spi.o
 .comment       0x0000000000000053       0x54 ./Core/Src/stm32h7xx_hal_msp.o
 .comment       0x0000000000000053       0x54 ./Core/Src/stm32h7xx_it.o
 .comment       0x0000000000000053       0x54 ./Core/Src/sysmem.o
 .comment       0x0000000000000053       0x54 ./Core/Src/system_stm32h7xx.o
 .comment       0x0000000000000053       0x54 ./Core/Src/tim.o
 .comment       0x0000000000000053       0x54 ./Drivers/BSP/ST7735/lcd.o
 .comment       0x0000000000000053       0x54 ./Drivers/BSP/ST7735/logo_160_80.o
 .comment       0x0000000000000053       0x54 ./Drivers/BSP/ST7735/st7735.o
 .comment       0x0000000000000053       0x54 ./Drivers/BSP/ST7735/st7735_reg.o
 .comment       0x0000000000000053       0x54 ./Drivers/STM32H7xx_HAL_Driver/Src/stm32h7xx_hal.o
 .comment       0x0000000000000053       0x54 ./Drivers/STM32H7xx_HAL_Driver/Src/stm32h7xx_hal_cortex.o
 .comment       0x0000000000000053       0x54 ./Drivers/STM32H7xx_HAL_Driver/Src/stm32h7xx_hal_gpio.o
 .comment       0x0000000000000053       0x54 ./Drivers/STM32H7xx_HAL_Driver/Src/stm32h7xx_hal_pwr.o
 .comment       0x0000000000000053       0x54 ./Drivers/STM32H7xx_HAL_Driver/Src/stm32h7xx_hal_pwr_ex.o
 .comment       0x0000000000000053       0x54 ./Drivers/STM32H7xx_HAL_Driver/Src/stm32h7xx_hal_rcc.o
 .comment       0x0000000000000053       0x54 ./Drivers/STM32H7xx_HAL_Driver/Src/stm32h7xx_hal_rcc_ex.o
 .comment       0x0000000000000053       0x54 ./Drivers/STM32H7xx_HAL_Driver/Src/stm32h7xx_hal_rtc.o
 .comment       0x0000000000000053       0x54 ./Drivers/STM32H7xx_HAL_Driver/Src/stm32h7xx_hal_spi.o
 .comment       0x0000000000000053       0x54 ./Drivers/STM32H7xx_HAL_Driver/Src/stm32h7xx_hal_tim.o
 .comment       0x0000000000000053       0x54 ./Drivers/STM32H7xx_HAL_Driver/Src/stm32h7xx_hal_tim_ex.o

.debug_frame    0x0000000000000000     0x4d20
 .debug_frame   0x0000000000000000       0x34 ./Core/Src/gpio.o
 .debug_frame   0x0000000000000034      0x104 ./Core/Src/main.o
 .debug_frame   0x0000000000000138       0x80 ./Core/Src/rtc.o
 .debug_frame   0x00000000000001b8       0x78 ./Core/Src/spi.o
 .debug_frame   0x0000000000000230       0x38 ./Core/Src/stm32h7xx_hal_msp.o
 .debug_frame   0x0000000000000268      0x104 ./Core/Src/stm32h7xx_it.o
 .debug_frame   0x000000000000036c       0x34 ./Core/Src/sysmem.o
 .debug_frame   0x00000000000003a0       0x58 ./Core/Src/system_stm32h7xx.o
 .debug_frame   0x00000000000003f8       0xa8 ./Core/Src/tim.o