Archive member included to satisfy reference by file (symbol)

c:/st/stm32cubeide_1.8.0/stm32cubeide/plugins/com.st.stm32cube.ide.mcu.externaltools.gnu-tools-for-stm32.9-2020-q2-update.win32_2.0.0.202105311346/tools/bin/../lib/gcc/arm-none-eabi/9.3.1/../../../../arm-none-eabi/lib/thumb/v7e-m+dp/hard\libc_nano.a(lib_a-efgcvt.o)
                              ./Core/Src/navswitch.o (gcvt)
c:/st/stm32cubeide_1.8.0/stm32cubeide/plugins/com.st.stm32cube.ide.mcu.externaltools.gnu-tools-for-stm32.9-2020-q2-update.win32_2.0.0.202105311346/tools/bin/../lib/gcc/arm-none-eabi/9.3.1/../../../../arm-none-eabi/lib/thumb/v7e-m+dp/hard\libc_nano.a(lib_a-errno.o)
                              ./Core/Src/syscalls.o (__errno)
c:/st/stm32cubeide_1.8.0/stm32cubeide/plugins/com.st.stm32cube.ide.mcu.externaltools.gnu-tools-for-stm32.9-2020-q2-update.win32_2.0.0.202105311346/tools/bin/../lib/gcc/arm-none-eabi/9.3.1/../../../../arm-none-eabi/lib/thumb/v7e-m+dp/hard\libc_nano.a(lib_a-exit.o)
                              c:/st/stm32cubeide_1.8.0/stm32cubeide/plugins/com.st.stm32cube.ide.mcu.externaltools.gnu-tools-for-stm32.9-2020-q2-update.win32_2.0.0.202105311346/tools/bin/../lib/gcc/arm-none-eabi/9.3.1/../../../../arm-none-eabi/lib/thumb/v7e-m+dp/hard/crt0.o (exit)
c:/st/stm32cubeide_1.8.0/stm32cubeide/plugins/com.st.stm32cube.ide.mcu.externaltools.gnu-tools-for-stm32.9-2020-q2-update.win32_2.0.0.202105311346/tools/bin/../lib/gcc/arm-none-eabi/9.3.1/../../../../arm-none-eabi/lib/thumb/v7e-m+dp/hard\libc_nano.a(lib_a-impure.o)
                              c:/st/stm32cubeide_1.8.0/stm32cubeide/plugins/com.st.stm32cube.ide.mcu.externaltools.gnu-tools-for-stm32.9-2020-q2-update.win32_2.0.0.202105311346/tools/bin/../lib/gcc/arm-none-eabi/9.3.1/../../../../arm-none-eabi/lib/thumb/v7e-m+dp/hard\libc_nano.a(lib_a-exit.o) (_global_impure_ptr)
c:/st/stm32cubeide_1.8.0/stm32cubeide/plugins/com.st.stm32cube.ide.mcu.externaltools.gnu-tools-for-stm32.9-2020-q2-update.win32_2.0.0.202105311346/tools/bin/../lib/gcc/arm-none-eabi/9.3.1/../../../../arm-none-eabi/lib/thumb/v7e-m+dp/hard\libc_nano.a(lib_a-init.o)
                              c:/st/stm32cubeide_1.8.0/stm32cubeide/plugins/com.st.stm32cube.ide.mcu.externaltools.gnu-tools-for-stm32.9-2020-q2-update.win32_2.0.0.202105311346/tools/bin/../lib/gcc/arm-none-eabi/9.3.1/../../../../arm-none-eabi/lib/thumb/v7e-m+dp/hard/crt0.o (__libc_init_array)
c:/st/stm32cubeide_1.8.0/stm32cubeide/plugins/com.st.stm32cube.ide.mcu.externaltools.gnu-tools-for-stm32.9-2020-q2-update.win32_2.0.0.202105311346/tools/bin/../lib/gcc/arm-none-eabi/9.3.1/../../../../arm-none-eabi/lib/thumb/v7e-m+dp/hard\libc_nano.a(lib_a-memset.o)
                              c:/st/stm32cubeide_1.8.0/stm32cubeide/plugins/com.st.stm32cube.ide.mcu.externaltools.gnu-tools-for-stm32.9-2020-q2-update.win32_2.0.0.202105311346/tools/bin/../lib/gcc/arm-none-eabi/9.3.1/../../../../arm-none-eabi/lib/thumb/v7e-m+dp/hard/crt0.o (memset)
c:/st/stm32cubeide_1.8.0/stm32cubeide/plugins/com.st.stm32cube.ide.mcu.externaltools.gnu-tools-for-stm32.9-2020-q2-update.win32_2.0.0.202105311346/tools/bin/../lib/gcc/arm-none-eabi/9.3.1/../../../../arm-none-eabi/lib/thumb/v7e-m+dp/hard\libc_nano.a(lib_a-sprintf.o)
                              ./Core/Src/navswitch.o (sprintf)
c:/st/stm32cubeide_1.8.0/stm32cubeide/plugins/com.st.stm32cube.ide.mcu.externaltools.gnu-tools-for-stm32.9-2020-q2-update.win32_2.0.0.202105311346/tools/bin/../lib/gcc/arm-none-eabi/9.3.1/../../../../arm-none-eabi/lib/thumb/v7e-m+dp/hard\libc_nano.a(lib_a-ecvtbuf.o)
                              c:/st/stm32cubeide_1.8.0/stm32cubeide/plugins/com.st.stm32cube.ide.mcu.externaltools.gnu-tools-for-stm32.9-2020-q2-update.win32_2.0.0.202105311346/tools/bin/../lib/gcc/arm-none-eabi/9.3.1/../../../../arm-none-eabi/lib/thumb/v7e-m+dp/hard\libc_nano.a(lib_a-efgcvt.o) (fcvtbuf)
c:/st/stm32cubeide_1.8.0/stm32cubeide/plugins/com.st.stm32cube.ide.mcu.externaltools.gnu-tools-for-stm32.9-2020-q2-update.win32_2.0.0.202105311346/tools/bin/../lib/gcc/arm-none-eabi/9.3.1/../../../../arm-none-eabi/lib/thumb/v7e-m+dp/hard\libc_nano.a(lib_a-mprec.o)
                              c:/st/stm32cubeide_1.8.0/stm32cubeide/plugins/com.st.stm32cube.ide.mcu.externaltools.gnu-tools-for-stm32.9-2020-q2-update.win32_2.0.0.202105311346/tools/bin/../lib/gcc/arm-none-eabi/9.3.1/../../../../arm-none-eabi/lib/thumb/v7e-m+dp/hard\libc_nano.a(lib_a-ecvtbuf.o) (_mprec_log10)
c:/st/stm32cubeide_1.8.0/stm32cubeide/plugins/com.st.stm32cube.ide.mcu.externaltools.gnu-tools-for-stm32.9-2020-q2-update.win32_2.0.0.202105311346/tools/bin/../lib/gcc/arm-none-eabi/9.3.1/../../../../arm-none-eabi/lib/thumb/v7e-m+dp/hard\libc_nano.a(lib_a-nano-callocr.o)
[...]
Memory Configuration

Name             Origin             Length             Attributes
FLASH            0x0000000008000000 0x0000000000020000 xr
DTCMRAM          0x0000000020000000 0x0000000000020000 xrw
RAM_D1           0x0000000024000000 0x0000000000080000 xrw
RAM_D2           0x0000000030000000 0x0000000000048000 xrw
RAM_D3           0x0000000038000000 0x0000000000010000 xrw
ITCMRAM          0x0000000000000000 0x0000000000010000 xrw
*default*        0x0000000000000000 0xffffffffffffffff

Linker script and memory map

LOAD c:/st/stm32cubeide_1.8.0/stm32cubeide/plugins/com.st.stm32cube.ide.mcu.externaltools.gnu-tools-for-stm32.9-2020-q2-update.win32_2.0.0.202105311346/tools/bin/../lib/gcc/arm-none-eabi/9.3.1/thumb/v7e-m+dp/hard/crti.o
LOAD c:/st/stm32cubeide_1.8.0/stm32cubeide/plugins/com.st.stm32cube.ide.mcu.externaltools.gnu-tools-for-stm32.9-2020-q2-update.win32_2.0.0.202105311346/tools/bin/../lib/gcc/arm-none-eabi/9.3.1/thumb/v7e-m+dp/hard/crtbegin.o
LOAD c:/st/stm32cubeide_1.8.0/stm32cubeide/plugins/com.st.stm32cube.ide.mcu.externaltools.gnu-tools-for-stm32.9-2020-q2-update.win32_2.0.0.202105311346/tools/bin/../lib/gcc/arm-none-eabi/9.3.1/../../../../arm-none-eabi/lib/thumb/v7e-m+dp/hard/crt0.o
LOAD ./Core/Src/applyEffects.o
LOAD ./Core/Src/bitcrusherEffect.o
LOAD ./Core/Src/chorusEffect.o
LOAD ./Core/Src/codec.o
LOAD ./Core/Src/delayEffect.o
LOAD ./Core/Src/dma.o
LOAD ./Core/Src/gpio.o
LOAD ./Core/Src/i2c.o
LOAD ./Core/Src/i2s.o
LOAD ./Core/Src/main.o
LOAD ./Core/Src/navswitch.o
LOAD ./Core/Src/rotaryScale.o
LOAD ./Core/Src/rtc.o
LOAD ./Core/Src/spi.o
LOAD ./Core/Src/stm32h7xx_hal_msp.o
LOAD ./Core/Src/stm32h7xx_it.o
LOAD ./Core/Src/syscalls.o
LOAD ./Core/Src/sysmem.o
LOAD ./Core/Src/system_stm32h7xx.o
LOAD ./Core/Src/tim.o
LOAD ./Core/Src/tremoloEffect.o
LOAD ./Core/Src/undersamplingEffect.o
LOAD ./Core/Startup/startup_stm32h750vbtx.o
LOAD ./Drivers/BSP/ST7735/lcd.o
LOAD ./Drivers/BSP/ST7735/logo_128_160.o
LOAD ./Drivers/BSP/ST7735/logo_160_80.o
LOAD ./Drivers/BSP/ST7735/st7735.o
LOAD ./Drivers/BSP/ST7735/st7735_reg.o
LOAD ./Drivers/STM32H7xx_HAL_Driver/Src/stm32h7xx_hal.o
LOAD ./Drivers/STM32H7xx_HAL_Driver/Src/stm32h7xx_hal_cortex.o
LOAD ./Drivers/STM32H7xx_HAL_Driver/Src/stm32h7xx_hal_dma.o
LOAD ./Drivers/STM32H7xx_HAL_Driver/Src/stm32h7xx_hal_dma_ex.o
LOAD ./Drivers/STM32H7xx_HAL_Driver/Src/stm32h7xx_hal_exti.o
LOAD ./Drivers/STM32H7xx_HAL_Driver/Src/stm32h7xx_hal_flash.o
LOAD ./Drivers/STM32H7xx_HAL_Driver/Src/stm32h7xx_hal_flash_ex.o
LOAD ./Drivers/STM32H7xx_HAL_Driver/Src/stm32h7xx_hal_gpio.o
LOAD ./Drivers/STM32H7xx_HAL_Driver/Src/stm32h7xx_hal_hsem.o
LOAD ./Drivers/STM32H7xx_HAL_Driver/Src/stm32h7xx_hal_i2c.o
LOAD ./Drivers/STM32H7xx_HAL_Driver/Src/stm32h7xx_hal_i2c_ex.o
LOAD ./Drivers/STM32H7xx_HAL_Driver/Src/stm32h7xx_hal_i2s.o
LOAD ./Drivers/STM32H7xx_HAL_Driver/Src/stm32h7xx_hal_i2s_ex.o
LOAD ./Drivers/STM32H7xx_HAL_Driver/Src/stm32h7xx_hal_mdma.o
LOAD ./Drivers/STM32H7xx_HAL_Driver/Src/stm32h7xx_hal_pwr.o
LOAD ./Drivers/STM32H7xx_HAL_Driver/Src/stm32h7xx_hal_pwr_ex.o
LOAD ./Drivers/STM32H7xx_HAL_Driver/Src/stm32h7xx_hal_rcc.o
LOAD ./Drivers/STM32H7xx_HAL_Driver/Src/stm32h7xx_hal_rcc_ex.o
LOAD ./Drivers/STM32H7xx_HAL_Driver/Src/stm32h7xx_hal_rtc.o
LOAD ./Drivers/STM32H7xx_HAL_Driver/Src/stm32h7xx_hal_rtc_ex.o
LOAD ./Drivers/STM32H7xx_HAL_Driver/Src/stm32h7xx_hal_spi.o
LOAD ./Drivers/STM32H7xx_HAL_Driver/Src/stm32h7xx_hal_spi_ex.o
LOAD ./Drivers/STM32H7xx_HAL_Driver/Src/stm32h7xx_hal_tim.o
LOAD ./Drivers/STM32H7xx_HAL_Driver/Src/stm32h7xx_hal_tim_ex.o
START GROUP
LOAD c:/st/stm32cubeide_1.8.0/stm32cubeide/plugins/com.st.stm32cube.ide.mcu.externaltools.gnu-tools-for-stm32.9-2020-q2-update.win32_2.0.0.202105311346/tools/bin/../lib/gcc/arm-none-eabi/9.3.1/../../../../arm-none-eabi/lib/thumb/v7e-m+dp/hard\libc_nano.a
LOAD c:/st/stm32cubeide_1.8.0/stm32cubeide/plugins/com.st.stm32cube.ide.mcu.externaltools.gnu-tools-for-stm32.9-2020-q2-update.win32_2.0.0.202105311346/tools/bin/../lib/gcc/arm-none-eabi/9.3.1/../../../../arm-none-eabi/lib/thumb/v7e-m+dp/hard\libm.a
END GROUP
START GROUP
LOAD c:/st/stm32cubeide_1.8.0/stm32cubeide/plugins/com.st.stm32cube.ide.mcu.externaltools.gnu-tools-for-stm32.9-2020-q2-update.win32_2.0.0.202105311346/tools/bin/../lib/gcc/arm-none-eabi/9.3.1/thumb/v7e-m+dp/hard\libgcc.a
LOAD c:/st/stm32cubeide_1.8.0/stm32cubeide/plugins/com.st.stm32cube.ide.mcu.externaltools.gnu-tools-for-stm32.9-2020-q2-update.win32_2.0.0.202105311346/tools/bin/../lib/gcc/arm-none-eabi/9.3.1/../../../../arm-none-eabi/lib/thumb/v7e-m+dp/hard\libc_nano.a
END GROUP
START GROUP
LOAD c:/st/stm32cubeide_1.8.0/stm32cubeide/plugins/com.st.stm32cube.ide.mcu.externaltools.gnu-tools-for-stm32.9-2020-q2-update.win32_2.0.0.202105311346/tools/bin/../lib/gcc/arm-none-eabi/9.3.1/thumb/v7e-m+dp/hard\libgcc.a
LOAD c:/st/stm32cubeide_1.8.0/stm32cubeide/plugins/com.st.stm32cube.ide.mcu.externaltools.gnu-tools-for-stm32.9-2020-q2-update.win32_2.0.0.202105311346/tools/bin/../lib/gcc/arm-none-eabi/9.3.1/../../../../arm-none-eabi/lib/thumb/v7e-m+dp/hard\libc_nano.a
LOAD c:/st/stm32cubeide_1.8.0/stm32cubeide/plugins/com.st.stm32cube.ide.mcu.externaltools.gnu-tools-for-stm32.9-2020-q2-update.win32_2.0.0.202105311346/tools/bin/../lib/gcc/arm-none-eabi/9.3.1/../../../../arm-none-eabi/lib/thumb/v7e-m+dp/hard\libnosys.a
END GROUP
START GROUP
LOAD c:/st/stm32cubeide_1.8.0/stm32cubeide/plugins/com.st.stm32cube.ide.mcu.externaltools.gnu-tools-for-stm32.9-2020-q2-update.win32_2.0.0.202105311346/tools/bin/../lib/gcc/arm-none-eabi/9.3.1/thumb/v7e-m+dp/hard\libgcc.a
LOAD c:/st/stm32cubeide_1.8.0/stm32cubeide/plugins/com.st.stm32cube.ide.mcu.externaltools.gnu-tools-for-stm32.9-2020-q2-update.win32_2.0.0.202105311346/tools/bin/../lib/gcc/arm-none-eabi/9.3.1/../../../../arm-none-eabi/lib/thumb/v7e-m+dp/hard\libc_nano.a
LOAD c:/st/stm32cubeide_1.8.0/stm32cubeide/plugins/com.st.stm32cube.ide.mcu.externaltools.gnu-tools-for-stm32.9-2020-q2-update.win32_2.0.0.202105311346/tools/bin/../lib/gcc/arm-none-eabi/9.3.1/../../../../arm-none-eabi/lib/thumb/v7e-m+dp/hard\libnosys.a
END GROUP
LOAD c:/st/stm32cubeide_1.8.0/stm32cubeide/plugins/com.st.stm32cube.ide.mcu.externaltools.gnu-tools-for-stm32.9-2020-q2-update.win32_2.0.0.202105311346/tools/bin/../lib/gcc/arm-none-eabi/9.3.1/thumb/v7e-m+dp/hard/crtend.o
LOAD c:/st/stm32cubeide_1.8.0/stm32cubeide/plugins/com.st.stm32cube.ide.mcu.externaltools.gnu-tools-for-stm32.9-2020-q2-update.win32_2.0.0.202105311346/tools/bin/../lib/gcc/arm-none-eabi/9.3.1/thumb/v7e-m+dp/hard/crtn.o
                0x0000000024080000                _estack = (ORIGIN (RAM_D1) + LENGTH (RAM_D1))
                0x0000000000000200                _Min_Heap_Size = 0x200
                0x0000000000000400                _Min_Stack_Size = 0x400

.isr_vector     0x0000000008000000      0x298
                0x0000000008000000                . = ALIGN (0x4)
 *(.isr_vector)
 .isr_vector    0x0000000008000000      0x298 ./Core/Startup/startup_stm32h750vbtx.o
                0x0000000008000000                g_pfnVectors
                0x0000000008000298                . = ALIGN (0x4)

.text           0x00000000080002a0    0x1125c
                0x00000000080002a0                . = ALIGN (0x4)
 *(.text)
 .text          0x00000000080002a0       0x40 c:/st/stm32cubeide_1.8.0/stm32cubeide/plugins/com.st.stm32cube.ide.mcu.externaltools.gnu-tools-for-stm32.9-2020-q2-update.win32_2.0.0.202105311346/tools/bin/../lib/gcc/arm-none-eabi/9.3.1/thumb/v7e-m+dp/hard/crtbegin.o
 .text          0x00000000080002e0       0xa0 c:/st/stm32cubeide_1.8.0/stm32cubeide/plugins/com.st.stm32cube.ide.mcu.externaltools.gnu-tools-for-stm32.9-2020-q2-update.win32_2.0.0.202105311346/tools/bin/../lib/gcc/arm-none-eabi/9.3.1/../../../../arm-none-eabi/lib/thumb/v7e-m+dp/hard\libc_nano.a(lib_a-memchr.o)
                0x00000000080002e0                memchr
 *(.text*)
 .text.applyEffect
                0x0000000008000380      0x110 ./Core/Src/applyEffects.o
                0x0000000008000380                applyEffect
 .text.bitcrusherEffect
                0x0000000008000490       0x48 ./Core/Src/bitcrusherEffect.o
                0x0000000008000490                bitcrusherEffect
 .text.chorusEffect
                0x00000000080004d8      0x184 ./Core/Src/chorusEffect.o
                0x00000000080004d8                chorusEffect
 .text.codecCTRLRead
                0x000000000800065c       0x38 ./Core/Src/codec.o
                0x000000000800065c                codecCTRLRead
 .text.codecCTRLWrite
                0x0000000008000694       0x38 ./Core/Src/codec.o
                0x0000000008000694                codecCTRLWrite
 .text.getDeviceID
                0x00000000080006cc       0x30 ./Core/Src/codec.o
                0x00000000080006cc                getDeviceID
 .text.codecInit
                0x00000000080006fc      0x136 ./Core/Src/codec.o
                0x00000000080006fc                codecInit
 *fill*         0x0000000008000832        0x2 
 .text.delayEffect
                0x0000000008000834       0x98 ./Core/Src/delayEffect.o
                0x0000000008000834                delayEffect
 .text.MX_DMA_Init
                0x00000000080008cc       0x50 ./Core/Src/dma.o
                0x00000000080008cc                MX_DMA_Init
 .text.MX_GPIO_Init
                0x000000000800091c      0x2cc ./Core/Src/gpio.o
                0x000000000800091c                MX_GPIO_Init
 .text.MX_I2C2_Init
                0x0000000008000be8       0x80 ./Core/Src/i2c.o
                0x0000000008000be8                MX_I2C2_Init
 .text.HAL_I2C_MspInit
                0x0000000008000c68       0xcc ./Core/Src/i2c.o
                0x0000000008000c68                HAL_I2C_MspInit
 .text.MX_I2S1_Init
                0x0000000008000d34       0x68 ./Core/Src/i2s.o
                0x0000000008000d34                MX_I2S1_Init
 .text.HAL_I2S_MspInit
                0x0000000008000d9c      0x268 ./Core/Src/i2s.o
                0x0000000008000d9c                HAL_I2S_MspInit
 .text.MPU_Config
                0x0000000008001004       0x90 ./Core/Src/main.o
 .text.LED_Blink
                0x0000000008001094       0x40 ./Core/Src/main.o
 .text.main     0x00000000080010d4      0x1a0 ./Core/Src/main.o
                0x00000000080010d4                main
 .text.SystemClock_Config
                0x0000000008001274      0x120 ./Core/Src/main.o
                0x0000000008001274                SystemClock_Config
 .text.HAL_I2SEx_TxRxHalfCpltCallback
                0x0000000008001394       0x78 ./Core/Src/main.o
                0x0000000008001394                HAL_I2SEx_TxRxHalfCpltCallback
 .text.HAL_I2SEx_TxRxCpltCallback
                0x000000000800140c       0x78 ./Core/Src/main.o
                0x000000000800140c                HAL_I2SEx_TxRxCpltCallback
 .text.Error_Handler
                0x0000000008001484       0x14 ./Core/Src/main.o
                0x0000000008001484                Error_Handler
 .text.checkGPIO
                0x0000000008001498      0xdc4 ./Core/Src/navswitch.o
                0x0000000008001498                checkGPIO
 .text.MX_RTC_Init
                0x000000000800225c       0xb8 ./Core/Src/rtc.o
                0x000000000800225c                MX_RTC_Init
 .text.HAL_RTC_MspInit
                0x0000000008002314       0x60 ./Core/Src/rtc.o
                0x0000000008002314                HAL_RTC_MspInit
 .text.MX_SPI4_Init
                0x0000000008002374       0xb0 ./Core/Src/spi.o
                0x0000000008002374                MX_SPI4_Init
 .text.HAL_SPI_MspInit
                0x0000000008002424       0xcc ./Core/Src/spi.o
                0x0000000008002424                HAL_SPI_MspInit
 .text.HAL_MspInit
                0x00000000080024f0       0x34 ./Core/Src/stm32h7xx_hal_msp.o
                0x00000000080024f0                HAL_MspInit
 .text.NMI_Handler
                0x0000000008002524        0x6 ./Core/Src/stm32h7xx_it.o
                0x0000000008002524                NMI_Handler
 .text.HardFault_Handler
                0x000000000800252a        0x6 ./Core/Src/stm32h7xx_it.o
                0x000000000800252a                HardFault_Handler
 .text.MemManage_Handler
                0x0000000008002530        0x6 ./Core/Src/stm32h7xx_it.o
                0x0000000008002530                MemManage_Handler
 .text.BusFault_Handler
                0x0000000008002536        0x6 ./Core/Src/stm32h7xx_it.o
                0x0000000008002536                BusFault_Handler
 .text.UsageFault_Handler
                0x000000000800253c        0x6 ./Core/Src/stm32h7xx_it.o
                0x000000000800253c                UsageFault_Handler
 .text.SVC_Handler
                0x0000000008002542        0xe ./Core/Src/stm32h7xx_it.o
                0x0000000008002542                SVC_Handler
 .text.DebugMon_Handler
                0x0000000008002550        0xe ./Core/Src/stm32h7xx_it.o
                0x0000000008002550                DebugMon_Handler
 .text.PendSV_Handler
                0x000000000800255e        0xe ./Core/Src/stm32h7xx_it.o
                0x000000000800255e                PendSV_Handler
 .text.SysTick_Handler
                0x000000000800256c        0xc ./Core/Src/stm32h7xx_it.o
                0x000000000800256c                SysTick_Handler
 .text.EXTI0_IRQHandler
                0x0000000008002578        0xe ./Core/Src/stm32h7xx_it.o
                0x0000000008002578                EXTI0_IRQHandler
 .text.EXTI1_IRQHandler
                0x0000000008002586        0xe ./Core/Src/stm32h7xx_it.o
                0x0000000008002586                EXTI1_IRQHandler
 .text.DMA1_Stream0_IRQHandler
                0x0000000008002594       0x14 ./Core/Src/stm32h7xx_it.o
                0x0000000008002594                DMA1_Stream0_IRQHandler
 .text.DMA1_Stream1_IRQHandler
                0x00000000080025a8       0x14 ./Core/Src/stm32h7xx_it.o
                0x00000000080025a8                DMA1_Stream1_IRQHandler
 .text.EXTI9_5_IRQHandler
                0x00000000080025bc       0x14 ./Core/Src/stm32h7xx_it.o
                0x00000000080025bc                EXTI9_5_IRQHandler
 .text.SPI1_IRQHandler
                0x00000000080025d0       0x14 ./Core/Src/stm32h7xx_it.o
                0x00000000080025d0                SPI1_IRQHandler
 .text._getpid  0x00000000080025e4       0x10 ./Core/Src/syscalls.o
                0x00000000080025e4                _getpid
 .text._kill    0x00000000080025f4       0x20 ./Core/Src/syscalls.o
                0x00000000080025f4                _kill
 .text._exit    0x0000000008002614       0x14 ./Core/Src/syscalls.o
                0x0000000008002614                _exit
 .text._read    0x0000000008002628       0x3a ./Core/Src/syscalls.o
                0x0000000008002628                _read
 .text._write   0x0000000008002662       0x38 ./Core/Src/syscalls.o
                0x0000000008002662                _write
 .text._close   0x000000000800269a       0x18 ./Core/Src/syscalls.o
                0x000000000800269a                _close
 .text._fstat   0x00000000080026b2       0x20 ./Core/Src/syscalls.o
                0x00000000080026b2                _fstat
 .text._isatty  0x00000000080026d2       0x16 ./Core/Src/syscalls.o
                0x00000000080026d2                _isatty
 .text._lseek   0x00000000080026e8       0x1a ./Core/Src/syscalls.o
                0x00000000080026e8                _lseek
 *fill*         0x0000000008002702        0x2 
 .text._sbrk    0x0000000008002704       0x6c ./Core/Src/sysmem.o
                0x0000000008002704                _sbrk
 .text.SystemInit
                0x0000000008002770      0x110 ./Core/Src/system_stm32h7xx.o
                0x0000000008002770                SystemInit
 .text.MX_TIM1_Init
                0x0000000008002880      0x120 ./Core/Src/tim.o
                0x0000000008002880                MX_TIM1_Init
 .text.HAL_TIM_PWM_MspInit
                0x00000000080029a0       0x44 ./Core/Src/tim.o
                0x00000000080029a0                HAL_TIM_PWM_MspInit
 .text.HAL_TIM_MspPostInit
                0x00000000080029e4       0x78 ./Core/Src/tim.o
                0x00000000080029e4                HAL_TIM_MspPostInit
 *fill*         0x0000000008002a5c        0x4 
 .text.tremoloEffect
                0x0000000008002a60      0x118 ./Core/Src/tremoloEffect.o
                0x0000000008002a60                tremoloEffect
 .text.undersamplingEffect
                0x0000000008002b78       0x8c ./Core/Src/undersamplingEffect.o
                0x0000000008002b78                undersamplingEffect
 .text.Reset_Handler
                0x0000000008002c04       0x50 ./Core/Startup/startup_stm32h750vbtx.o
                0x0000000008002c04                Reset_Handler
 .text.Default_Handler
                0x0000000008002c54        0x2 ./Core/Startup/startup_stm32h750vbtx.o
                0x0000000008002c54                RTC_Alarm_IRQHandler
                0x0000000008002c54                HASH_RNG_IRQHandler
                0x0000000008002c54                EXTI2_IRQHandler
                0x0000000008002c54                TIM8_CC_IRQHandler
                0x0000000008002c54                HRTIM1_Master_IRQHandler
                0x0000000008002c54                UART8_IRQHandler
                0x0000000008002c54                SPI4_IRQHandler
                0x0000000008002c54                TIM1_CC_IRQHandler
                0x0000000008002c54                BDMA_Channel6_IRQHandler
                0x0000000008002c54                DMA2_Stream5_IRQHandler
                0x0000000008002c54                HRTIM1_FLT_IRQHandler
                0x0000000008002c54                JPEG_IRQHandler
                0x0000000008002c54                DMA1_Stream5_IRQHandler
                0x0000000008002c54                BDMA_Channel1_IRQHandler
                0x0000000008002c54                HRTIM1_TIMD_IRQHandler
                0x0000000008002c54                TAMP_STAMP_IRQHandler
                0x0000000008002c54                EXTI3_IRQHandler
                0x0000000008002c54                LPTIM4_IRQHandler
                0x0000000008002c54                TIM8_TRG_COM_TIM14_IRQHandler
                0x0000000008002c54                LPTIM2_IRQHandler
                0x0000000008002c54                DFSDM1_FLT1_IRQHandler
                0x0000000008002c54                DMAMUX2_OVR_IRQHandler
                0x0000000008002c54                TIM8_UP_TIM13_IRQHandler
                0x0000000008002c54                I2C3_ER_IRQHandler
                0x0000000008002c54                DFSDM1_FLT2_IRQHandler
                0x0000000008002c54                MDMA_IRQHandler
                0x0000000008002c54                LPTIM3_IRQHandler
                0x0000000008002c54                HSEM1_IRQHandler
                0x0000000008002c54                I2C2_EV_IRQHandler
                0x0000000008002c54                DMA1_Stream2_IRQHandler
                0x0000000008002c54                FPU_IRQHandler
                0x0000000008002c54                OTG_HS_WKUP_IRQHandler
                0x0000000008002c54                FDCAN1_IT1_IRQHandler
                0x0000000008002c54                LTDC_ER_IRQHandler
                0x0000000008002c54                DMA2_Stream2_IRQHandler
                0x0000000008002c54                HRTIM1_TIME_IRQHandler
                0x0000000008002c54                TIM6_DAC_IRQHandler
                0x0000000008002c54                DCMI_IRQHandler
                0x0000000008002c54                HRTIM1_TIMC_IRQHandler
                0x0000000008002c54                DMA2_Stream3_IRQHandler
                0x0000000008002c54                SAI2_IRQHandler
                0x0000000008002c54                DFSDM1_FLT3_IRQHandler
                0x0000000008002c54                USART6_IRQHandler
                0x0000000008002c54                TIM17_IRQHandler
                0x0000000008002c54                USART3_IRQHandler
                0x0000000008002c54                BDMA_Channel7_IRQHandler
                0x0000000008002c54                CRYP_IRQHandler
                0x0000000008002c54                LPTIM5_IRQHandler
                0x0000000008002c54                UART5_IRQHandler
                0x0000000008002c54                ADC3_IRQHandler
                0x0000000008002c54                DMA2_Stream0_IRQHandler
                0x0000000008002c54                TIM4_IRQHandler
                0x0000000008002c54                BDMA_Channel2_IRQHandler
                0x0000000008002c54                QUADSPI_IRQHandler
                0x0000000008002c54                I2C1_EV_IRQHandler
                0x0000000008002c54                DMA1_Stream6_IRQHandler
                0x0000000008002c54                DMAMUX1_OVR_IRQHandler
                0x0000000008002c54                TIM16_IRQHandler
                0x0000000008002c54                UART4_IRQHandler
                0x0000000008002c54                BDMA_Channel5_IRQHandler
                0x0000000008002c54                TIM3_IRQHandler
                0x0000000008002c54                RCC_IRQHandler
                0x0000000008002c54                TIM8_BRK_TIM12_IRQHandler
                0x0000000008002c54                TIM1_TRG_COM_IRQHandler
                0x0000000008002c54                Default_Handler
                0x0000000008002c54                ECC_IRQHandler
                0x0000000008002c54                CEC_IRQHandler
                0x0000000008002c54                EXTI15_10_IRQHandler
                0x0000000008002c54                BDMA_Channel0_IRQHandler
                0x0000000008002c54                ADC_IRQHandler
                0x0000000008002c54                DMA1_Stream7_IRQHandler
                0x0000000008002c54                HRTIM1_TIMA_IRQHandler
                0x0000000008002c54                SPI5_IRQHandler
                0x0000000008002c54                TIM7_IRQHandler
                0x0000000008002c54                SDMMC1_IRQHandler
                0x0000000008002c54                TIM5_IRQHandler
                0x0000000008002c54                DMA2_Stream7_IRQHandler
                0x0000000008002c54                TIM15_IRQHandler
                0x0000000008002c54                PVD_AVD_IRQHandler
                0x0000000008002c54                I2C3_EV_IRQHandler
                0x0000000008002c54                RTC_WKUP_IRQHandler
                0x0000000008002c54                LTDC_IRQHandler
                0x0000000008002c54                SAI3_IRQHandler
                0x0000000008002c54                ETH_WKUP_IRQHandler
                0x0000000008002c54                SPDIF_RX_IRQHandler
                0x0000000008002c54                SPI2_IRQHandler
                0x0000000008002c54                OTG_HS_EP1_IN_IRQHandler
                0x0000000008002c54                CRS_IRQHandler
                0x0000000008002c54                EXTI4_IRQHandler
                0x0000000008002c54                HRTIM1_TIMB_IRQHandler
                0x0000000008002c54                FDCAN2_IT1_IRQHandler
                0x0000000008002c54                ETH_IRQHandler
                0x0000000008002c54                TIM1_UP_IRQHandler
                0x0000000008002c54                BDMA_Channel4_IRQHandler
                0x0000000008002c54                OTG_HS_EP1_OUT_IRQHandler
                0x0000000008002c54                WWDG_IRQHandler
                0x0000000008002c54                SPI6_IRQHandler
                0x0000000008002c54                MDIOS_IRQHandler
                0x0000000008002c54                I2C4_EV_IRQHandler
                0x0000000008002c54                FDCAN2_IT0_IRQHandler
                0x0000000008002c54                LPUART1_IRQHandler
                0x0000000008002c54                FDCAN1_IT0_IRQHandler
                0x0000000008002c54                TIM2_IRQHandler
                0x0000000008002c54                OTG_FS_WKUP_IRQHandler
                0x0000000008002c54                OTG_HS_IRQHandler
                0x0000000008002c54                DMA2D_IRQHandler
                0x0000000008002c54                TIM1_BRK_IRQHandler
                0x0000000008002c54                SDMMC2_IRQHandler
                0x0000000008002c54                OTG_FS_EP1_OUT_IRQHandler
                0x0000000008002c54                BDMA_Channel3_IRQHandler
                0x0000000008002c54                UART7_IRQHandler
                0x0000000008002c54                MDIOS_WKUP_IRQHandler
                0x0000000008002c54                USART2_IRQHandler
                0x0000000008002c54                DFSDM1_FLT0_IRQHandler
                0x0000000008002c54                SAI4_IRQHandler
                0x0000000008002c54                I2C2_ER_IRQHandler
                0x0000000008002c54                DMA2_Stream1_IRQHandler
                0x0000000008002c54                FLASH_IRQHandler
                0x0000000008002c54                DMA2_Stream4_IRQHandler
                0x0000000008002c54                USART1_IRQHandler
                0x0000000008002c54                OTG_FS_IRQHandler
                0x0000000008002c54                SPI3_IRQHandler
                0x0000000008002c54                WAKEUP_PIN_IRQHandler
                0x0000000008002c54                DMA1_Stream4_IRQHandler
                0x0000000008002c54                OTG_FS_EP1_IN_IRQHandler
                0x0000000008002c54                I2C1_ER_IRQHandler
                0x0000000008002c54                FMC_IRQHandler
                0x0000000008002c54                FDCAN_CAL_IRQHandler
                0x0000000008002c54                SWPMI1_IRQHandler
                0x0000000008002c54                COMP1_IRQHandler
                0x0000000008002c54                LPTIM1_IRQHandler
                0x0000000008002c54                I2C4_ER_IRQHandler
                0x0000000008002c54                DMA2_Stream6_IRQHandler
                0x0000000008002c54                SAI1_IRQHandler
                0x0000000008002c54                DMA1_Stream3_IRQHandler
 *fill*         0x0000000008002c56        0x2 
 .text.LCD_Test
                0x0000000008002c58      0x204 ./Drivers/BSP/ST7735/lcd.o
                0x0000000008002c58                LCD_Test
 .text.LCD_SetBrightness
                0x0000000008002e5c       0x20 ./Drivers/BSP/ST7735/lcd.o
                0x0000000008002e5c                LCD_SetBrightness
 .text.LCD_GetBrightness
                0x0000000008002e7c       0x18 ./Drivers/BSP/ST7735/lcd.o
                0x0000000008002e7c                LCD_GetBrightness
 .text.LCD_Light
                0x0000000008002e94       0xea ./Drivers/BSP/ST7735/lcd.o
                0x0000000008002e94                LCD_Light
 *fill*         0x0000000008002f7e        0x2 
 .text.LCD_ShowChar
                0x0000000008002f80      0x39c ./Drivers/BSP/ST7735/lcd.o
                0x0000000008002f80                LCD_ShowChar
 .text.LCD_ShowString
                0x000000000800331c       0x9a ./Drivers/BSP/ST7735/lcd.o
                0x000000000800331c                LCD_ShowString
 *fill*         0x00000000080033b6        0x2 
 .text.lcd_init
                0x00000000080033b8       0x20 ./Drivers/BSP/ST7735/lcd.o
 .text.lcd_gettick
                0x00000000080033d8        0xe ./Drivers/BSP/ST7735/lcd.o
 *fill*         0x00000000080033e6        0x2 
 .text.lcd_writereg
                0x00000000080033e8       0x94 ./Drivers/BSP/ST7735/lcd.o
 .text.lcd_readreg
                0x000000000800347c       0x88 ./Drivers/BSP/ST7735/lcd.o
 .text.lcd_senddata
                0x0000000008003504       0x58 ./Drivers/BSP/ST7735/lcd.o
 .text.lcd_recvdata
                0x000000000800355c       0x5c ./Drivers/BSP/ST7735/lcd.o
 .text.ST7735_RegisterBusIO
                0x00000000080035b8       0xa8 ./Drivers/BSP/ST7735/st7735.o
                0x00000000080035b8                ST7735_RegisterBusIO
 .text.ST7735_Init
                0x0000000008003660      0x77e ./Drivers/BSP/ST7735/st7735.o
                0x0000000008003660                ST7735_Init
 .text.ST7735_DeInit
                0x0000000008003dde       0x16 ./Drivers/BSP/ST7735/st7735.o
                0x0000000008003dde                ST7735_DeInit
 .text.ST7735_ReadID
                0x0000000008003df4       0x8e ./Drivers/BSP/ST7735/st7735.o
                0x0000000008003df4                ST7735_ReadID
 *fill*         0x0000000008003e82        0x2 
 .text.ST7735_DisplayOn
                0x0000000008003e84       0xc8 ./Drivers/BSP/ST7735/st7735.o
                0x0000000008003e84                ST7735_DisplayOn
 .text.ST7735_DisplayOff
                0x0000000008003f4c       0xc8 ./Drivers/BSP/ST7735/st7735.o
                0x0000000008003f4c                ST7735_DisplayOff
 .text.ST7735_SetBrightness
                0x0000000008004014       0x1a ./Drivers/BSP/ST7735/st7735.o
                0x0000000008004014                ST7735_SetBrightness
 .text.ST7735_GetBrightness
                0x000000000800402e       0x1a ./Drivers/BSP/ST7735/st7735.o
                0x000000000800402e                ST7735_GetBrightness
 .text.ST7735_SetOrientation
                0x0000000008004048      0x11c ./Drivers/BSP/ST7735/st7735.o
                0x0000000008004048                ST7735_SetOrientation
 .text.ST7735_GetOrientation
                0x0000000008004164       0x24 ./Drivers/BSP/ST7735/st7735.o
                0x0000000008004164                ST7735_GetOrientation
 .text.ST7735_SetCursor
                0x0000000008004188      0x178 ./Drivers/BSP/ST7735/st7735.o
                0x0000000008004188                ST7735_SetCursor
 .text.ST7735_DrawBitmap
                0x0000000008004300      0x214 ./Drivers/BSP/ST7735/st7735.o
                0x0000000008004300                ST7735_DrawBitmap
 .text.ST7735_FillRGBRect
                0x0000000008004514       0xd4 ./Drivers/BSP/ST7735/st7735.o
                0x0000000008004514                ST7735_FillRGBRect
 .text.ST7735_DrawHLine
                0x00000000080045e8       0xa0 ./Drivers/BSP/ST7735/st7735.o
                0x00000000080045e8                ST7735_DrawHLine
 .text.ST7735_DrawVLine
                0x0000000008004688       0x68 ./Drivers/BSP/ST7735/st7735.o
                0x0000000008004688                ST7735_DrawVLine
 .text.ST7735_FillRect
                0x00000000080046f0       0x58 ./Drivers/BSP/ST7735/st7735.o
                0x00000000080046f0                ST7735_FillRect
 .text.ST7735_SetPixel
                0x0000000008004748       0x88 ./Drivers/BSP/ST7735/st7735.o
                0x0000000008004748                ST7735_SetPixel
 .text.ST7735_GetPixel
                0x00000000080047d0       0x9e ./Drivers/BSP/ST7735/st7735.o
                0x00000000080047d0                ST7735_GetPixel
 *fill*         0x000000000800486e        0x2 
 .text.ST7735_GetXSize
                0x0000000008004870       0x24 ./Drivers/BSP/ST7735/st7735.o
                0x0000000008004870                ST7735_GetXSize
 .text.ST7735_GetYSize
                0x0000000008004894       0x24 ./Drivers/BSP/ST7735/st7735.o
                0x0000000008004894                ST7735_GetYSize
 .text.ST7735_SetDisplayWindow
                0x00000000080048b8      0x208 ./Drivers/BSP/ST7735/st7735.o
 .text.ST7735_ReadRegWrap
                0x0000000008004ac0       0x28 ./Drivers/BSP/ST7735/st7735.o
 .text.ST7735_WriteRegWrap
                0x0000000008004ae8       0x2a ./Drivers/BSP/ST7735/st7735.o
 .text.ST7735_SendDataWrap
                0x0000000008004b12       0x24 ./Drivers/BSP/ST7735/st7735.o
 .text.ST7735_RecvDataWrap
                0x0000000008004b36       0x24 ./Drivers/BSP/ST7735/st7735.o
 .text.ST7735_IO_Delay
                0x0000000008004b5a       0x34 ./Drivers/BSP/ST7735/st7735.o
 .text.st7735_read_reg
                0x0000000008004b8e       0x26 ./Drivers/BSP/ST7735/st7735_reg.o
                0x0000000008004b8e                st7735_read_reg
 .text.st7735_write_reg
                0x0000000008004bb4       0x2a ./Drivers/BSP/ST7735/st7735_reg.o
                0x0000000008004bb4                st7735_write_reg
 .text.st7735_send_data
                0x0000000008004bde       0x24 ./Drivers/BSP/ST7735/st7735_reg.o
                0x0000000008004bde                st7735_send_data
 .text.st7735_recv_data
                0x0000000008004c02       0x24 ./Drivers/BSP/ST7735/st7735_reg.o
                0x0000000008004c02                st7735_recv_data
 *fill*         0x0000000008004c26        0x2 
 .text.HAL_Init
                0x0000000008004c28       0x78 ./Drivers/STM32H7xx_HAL_Driver/Src/stm32h7xx_hal.o
                0x0000000008004c28                HAL_Init
 .text.HAL_InitTick
                0x0000000008004ca0       0x6c ./Drivers/STM32H7xx_HAL_Driver/Src/stm32h7xx_hal.o
                0x0000000008004ca0                HAL_InitTick
 .text.HAL_IncTick
                0x0000000008004d0c       0x28 ./Drivers/STM32H7xx_HAL_Driver/Src/stm32h7xx_hal.o
                0x0000000008004d0c                HAL_IncTick
 .text.HAL_GetTick
                0x0000000008004d34       0x18 ./Drivers/STM32H7xx_HAL_Driver/Src/stm32h7xx_hal.o
                0x0000000008004d34                HAL_GetTick
 .text.HAL_Delay
                0x0000000008004d4c       0x48 ./Drivers/STM32H7xx_HAL_Driver/Src/stm32h7xx_hal.o
                0x0000000008004d4c                HAL_Delay
 .text.HAL_GetREVID
                0x0000000008004d94       0x18 ./Drivers/STM32H7xx_HAL_Driver/Src/stm32h7xx_hal.o
                0x0000000008004d94                HAL_GetREVID
 .text.HAL_GetDEVID
                0x0000000008004dac       0x1c ./Drivers/STM32H7xx_HAL_Driver/Src/stm32h7xx_hal.o
                0x0000000008004dac                HAL_GetDEVID
 .text.__NVIC_SetPriorityGrouping
                0x0000000008004dc8       0x48 ./Drivers/STM32H7xx_HAL_Driver/Src/stm32h7xx_hal_cortex.o
 .text.__NVIC_GetPriorityGrouping
                0x0000000008004e10       0x1c ./Drivers/STM32H7xx_HAL_Driver/Src/stm32h7xx_hal_cortex.o
 .text.__NVIC_EnableIRQ
                0x0000000008004e2c       0x3c ./Drivers/STM32H7xx_HAL_Driver/Src/stm32h7xx_hal_cortex.o
 .text.__NVIC_SetPriority
                0x0000000008004e68       0x54 ./Drivers/STM32H7xx_HAL_Driver/Src/stm32h7xx_hal_cortex.o
 .text.NVIC_EncodePriority
                0x0000000008004ebc       0x66 ./Drivers/STM32H7xx_HAL_Driver/Src/stm32h7xx_hal_cortex.o
 *fill*         0x0000000008004f22        0x2 
 .text.SysTick_Config
                0x0000000008004f24       0x44 ./Drivers/STM32H7xx_HAL_Driver/Src/stm32h7xx_hal_cortex.o
 .text.HAL_NVIC_SetPriorityGrouping
                0x0000000008004f68       0x16 ./Drivers/STM32H7xx_HAL_Driver/Src/stm32h7xx_hal_cortex.o
                0x0000000008004f68                HAL_NVIC_SetPriorityGrouping
 .text.HAL_NVIC_SetPriority
                0x0000000008004f7e       0x34 ./Drivers/STM32H7xx_HAL_Driver/Src/stm32h7xx_hal_cortex.o
                0x0000000008004f7e                HAL_NVIC_SetPriority
 .text.HAL_NVIC_EnableIRQ
                0x0000000008004fb2       0x1c ./Drivers/STM32H7xx_HAL_Driver/Src/stm32h7xx_hal_cortex.o
                0x0000000008004fb2                HAL_NVIC_EnableIRQ
 .text.HAL_SYSTICK_Config
                0x0000000008004fce       0x18 ./Drivers/STM32H7xx_HAL_Driver/Src/stm32h7xx_hal_cortex.o
                0x0000000008004fce                HAL_SYSTICK_Config
 *fill*         0x0000000008004fe6        0x2 
 .text.HAL_MPU_Disable
                0x0000000008004fe8       0x30 ./Drivers/STM32H7xx_HAL_Driver/Src/stm32h7xx_hal_cortex.o
                0x0000000008004fe8                HAL_MPU_Disable
 .text.HAL_MPU_Enable
                0x0000000008005018       0x40 ./Drivers/STM32H7xx_HAL_Driver/Src/stm32h7xx_hal_cortex.o
                0x0000000008005018                HAL_MPU_Enable
 .text.HAL_MPU_ConfigRegion
                0x0000000008005058       0x88 ./Drivers/STM32H7xx_HAL_Driver/Src/stm32h7xx_hal_cortex.o
                0x0000000008005058                HAL_MPU_ConfigRegion
 .text.HAL_DMA_Init
                0x00000000080050e0      0x6b8 ./Drivers/STM32H7xx_HAL_Driver/Src/stm32h7xx_hal_dma.o
                0x00000000080050e0                HAL_DMA_Init
 .text.HAL_DMA_Start_IT
                0x0000000008005798      0x4d4 ./Drivers/STM32H7xx_HAL_Driver/Src/stm32h7xx_hal_dma.o
                0x0000000008005798                HAL_DMA_Start_IT
 .text.HAL_DMA_IRQHandler
                0x0000000008005c6c      0xe54 ./Drivers/STM32H7xx_HAL_Driver/Src/stm32h7xx_hal_dma.o
                0x0000000008005c6c                HAL_DMA_IRQHandler
 .text.DMA_SetConfig
                0x0000000008006ac0      0x358 ./Drivers/STM32H7xx_HAL_Driver/Src/stm32h7xx_hal_dma.o
 .text.DMA_CalcBaseAndBitshift
                0x0000000008006e18      0x164 ./Drivers/STM32H7xx_HAL_Driver/Src/stm32h7xx_hal_dma.o
 .text.DMA_CheckFifoParam
                0x0000000008006f7c       0xf8 ./Drivers/STM32H7xx_HAL_Driver/Src/stm32h7xx_hal_dma.o
 .text.DMA_CalcDMAMUXChannelBaseAndMask
                0x0000000008007074      0x134 ./Drivers/STM32H7xx_HAL_Driver/Src/stm32h7xx_hal_dma.o
 .text.DMA_CalcDMAMUXRequestGenBaseAndMask
                0x00000000080071a8       0xe8 ./Drivers/STM32H7xx_HAL_Driver/Src/stm32h7xx_hal_dma.o
 .text.HAL_GPIO_Init
                0x0000000008007290      0x360 ./Drivers/STM32H7xx_HAL_Driver/Src/stm32h7xx_hal_gpio.o
                0x0000000008007290                HAL_GPIO_Init
 .text.HAL_GPIO_ReadPin
                0x00000000080075f0       0x30 ./Drivers/STM32H7xx_HAL_Driver/Src/stm32h7xx_hal_gpio.o
                0x00000000080075f0                HAL_GPIO_ReadPin
 .text.HAL_GPIO_WritePin
                0x0000000008007620       0x32 ./Drivers/STM32H7xx_HAL_Driver/Src/stm32h7xx_hal_gpio.o
                0x0000000008007620                HAL_GPIO_WritePin
 .text.HAL_GPIO_EXTI_IRQHandler
                0x0000000008007652       0x34 ./Drivers/STM32H7xx_HAL_Driver/Src/stm32h7xx_hal_gpio.o
                0x0000000008007652                HAL_GPIO_EXTI_IRQHandler
 .text.HAL_GPIO_EXTI_Callback
                0x0000000008007686       0x16 ./Drivers/STM32H7xx_HAL_Driver/Src/stm32h7xx_hal_gpio.o
                0x0000000008007686                HAL_GPIO_EXTI_Callback
 .text.HAL_I2C_Init
                0x000000000800769c      0x120 ./Drivers/STM32H7xx_HAL_Driver/Src/stm32h7xx_hal_i2c.o
                0x000000000800769c                HAL_I2C_Init
 .text.HAL_I2C_Mem_Write
                0x00000000080077bc      0x228 ./Drivers/STM32H7xx_HAL_Driver/Src/stm32h7xx_hal_i2c.o
                0x00000000080077bc                HAL_I2C_Mem_Write
 .text.HAL_I2C_Mem_Read
                0x00000000080079e4      0x234 ./Drivers/STM32H7xx_HAL_Driver/Src/stm32h7xx_hal_i2c.o
                0x00000000080079e4                HAL_I2C_Mem_Read
 .text.I2C_RequestMemoryWrite
                0x0000000008007c18       0xa8 ./Drivers/STM32H7xx_HAL_Driver/Src/stm32h7xx_hal_i2c.o
 .text.I2C_RequestMemoryRead
                0x0000000008007cc0       0xa8 ./Drivers/STM32H7xx_HAL_Driver/Src/stm32h7xx_hal_i2c.o
 .text.I2C_Flush_TXDR
                0x0000000008007d68       0x48 ./Drivers/STM32H7xx_HAL_Driver/Src/stm32h7xx_hal_i2c.o
 .text.I2C_WaitOnFlagUntilTimeout
                0x0000000008007db0       0x80 ./Drivers/STM32H7xx_HAL_Driver/Src/stm32h7xx_hal_i2c.o
 .text.I2C_WaitOnTXISFlagUntilTimeout
                0x0000000008007e30       0x80 ./Drivers/STM32H7xx_HAL_Driver/Src/stm32h7xx_hal_i2c.o
 .text.I2C_WaitOnSTOPFlagUntilTimeout
                0x0000000008007eb0       0x78 ./Drivers/STM32H7xx_HAL_Driver/Src/stm32h7xx_hal_i2c.o
 .text.I2C_IsErrorOccurred
                0x0000000008007f28      0x1d8 ./Drivers/STM32H7xx_HAL_Driver/Src/stm32h7xx_hal_i2c.o
 .text.I2C_TransferConfig
                0x0000000008008100       0x64 ./Drivers/STM32H7xx_HAL_Driver/Src/stm32h7xx_hal_i2c.o
 .text.HAL_I2CEx_ConfigAnalogFilter
                0x0000000008008164       0x96 ./Drivers/STM32H7xx_HAL_Driver/Src/stm32h7xx_hal_i2c_ex.o
                0x0000000008008164                HAL_I2CEx_ConfigAnalogFilter
 .text.HAL_I2CEx_ConfigDigitalFilter
                0x00000000080081fa       0x98 ./Drivers/STM32H7xx_HAL_Driver/Src/stm32h7xx_hal_i2c_ex.o
                0x00000000080081fa                HAL_I2CEx_ConfigDigitalFilter
 *fill*         0x0000000008008292        0x2 
 .text.HAL_I2S_Init
                0x0000000008008294      0x240 ./Drivers/STM32H7xx_HAL_Driver/Src/stm32h7xx_hal_i2s.o
                0x0000000008008294                HAL_I2S_Init
 .text.HAL_I2SEx_TransmitReceive_DMA
                0x00000000080084d4      0x1c0 ./Drivers/STM32H7xx_HAL_Driver/Src/stm32h7xx_hal_i2s.o
                0x00000000080084d4                HAL_I2SEx_TransmitReceive_DMA
 .text.HAL_I2S_IRQHandler
                0x0000000008008694      0x1ec ./Drivers/STM32H7xx_HAL_Driver/Src/stm32h7xx_hal_i2s.o
                0x0000000008008694                HAL_I2S_IRQHandler
 .text.HAL_I2S_ErrorCallback
                0x0000000008008880       0x14 ./Drivers/STM32H7xx_HAL_Driver/Src/stm32h7xx_hal_i2s.o
                0x0000000008008880                HAL_I2S_ErrorCallback
 .text.I2SEx_DMATxRxCplt
                0x0000000008008894       0x1c ./Drivers/STM32H7xx_HAL_Driver/Src/stm32h7xx_hal_i2s.o
 .text.I2SEx_DMATxRxHalfCplt
                0x00000000080088b0       0x1c ./Drivers/STM32H7xx_HAL_Driver/Src/stm32h7xx_hal_i2s.o
 .text.I2S_DMAError
                0x00000000080088cc       0x4c ./Drivers/STM32H7xx_HAL_Driver/Src/stm32h7xx_hal_i2s.o
 .text.HAL_PWR_EnableBkUpAccess
                0x0000000008008918       0x20 ./Drivers/STM32H7xx_HAL_Driver/Src/stm32h7xx_hal_pwr.o
                0x0000000008008918                HAL_PWR_EnableBkUpAccess
 .text.HAL_PWREx_ConfigSupply
                0x0000000008008938       0x74 ./Drivers/STM32H7xx_HAL_Driver/Src/stm32h7xx_hal_pwr_ex.o
                0x0000000008008938                HAL_PWREx_ConfigSupply
 .text.HAL_RCC_OscConfig
                0x00000000080089ac      0x858 ./Drivers/STM32H7xx_HAL_Driver/Src/stm32h7xx_hal_rcc.o
                0x00000000080089ac                HAL_RCC_OscConfig
 .text.HAL_RCC_ClockConfig
                0x0000000008009204      0x36c ./Drivers/STM32H7xx_HAL_Driver/Src/stm32h7xx_hal_rcc.o
                0x0000000008009204                HAL_RCC_ClockConfig
 .text.HAL_RCC_GetSysClockFreq
                0x0000000008009570      0x2f4 ./Drivers/STM32H7xx_HAL_Driver/Src/stm32h7xx_hal_rcc.o
                0x0000000008009570                HAL_RCC_GetSysClockFreq
 .text.HAL_RCC_GetHCLKFreq
                0x0000000008009864       0x60 ./Drivers/STM32H7xx_HAL_Driver/Src/stm32h7xx_hal_rcc.o
                0x0000000008009864                HAL_RCC_GetHCLKFreq
 .text.HAL_RCCEx_PeriphCLKConfig
                0x00000000080098c4      0xe80 ./Drivers/STM32H7xx_HAL_Driver/Src/stm32h7xx_hal_rcc_ex.o
                0x00000000080098c4                HAL_RCCEx_PeriphCLKConfig
 .text.HAL_RCCEx_GetPeriphCLKFreq
                0x000000000800a744      0x9a4 ./Drivers/STM32H7xx_HAL_Driver/Src/stm32h7xx_hal_rcc_ex.o
                0x000000000800a744                HAL_RCCEx_GetPeriphCLKFreq
 .text.HAL_RCCEx_GetD3PCLK1Freq
                0x000000000800b0e8       0x2c ./Drivers/STM32H7xx_HAL_Driver/Src/stm32h7xx_hal_rcc_ex.o
                0x000000000800b0e8                HAL_RCCEx_GetD3PCLK1Freq
 .text.HAL_RCCEx_GetPLL2ClockFreq
                0x000000000800b114      0x2a8 ./Drivers/STM32H7xx_HAL_Driver/Src/stm32h7xx_hal_rcc_ex.o
                0x000000000800b114                HAL_RCCEx_GetPLL2ClockFreq
 .text.HAL_RCCEx_GetPLL3ClockFreq
                0x000000000800b3bc      0x2a8 ./Drivers/STM32H7xx_HAL_Driver/Src/stm32h7xx_hal_rcc_ex.o
                0x000000000800b3bc                HAL_RCCEx_GetPLL3ClockFreq
 .text.HAL_RCCEx_GetPLL1ClockFreq
                0x000000000800b664      0x2a4 ./Drivers/STM32H7xx_HAL_Driver/Src/stm32h7xx_hal_rcc_ex.o
                0x000000000800b664                HAL_RCCEx_GetPLL1ClockFreq
 .text.RCCEx_PLL2_Config
                0x000000000800b908      0x164 ./Drivers/STM32H7xx_HAL_Driver/Src/stm32h7xx_hal_rcc_ex.o
 .text.RCCEx_PLL3_Config
                0x000000000800ba6c      0x164 ./Drivers/STM32H7xx_HAL_Driver/Src/stm32h7xx_hal_rcc_ex.o
 .text.HAL_RTC_Init
                0x000000000800bbd0       0xf0 ./Drivers/STM32H7xx_HAL_Driver/Src/stm32h7xx_hal_rtc.o
                0x000000000800bbd0                HAL_RTC_Init
 .text.HAL_RTC_SetTime
                0x000000000800bcc0      0x13c ./Drivers/STM32H7xx_HAL_Driver/Src/stm32h7xx_hal_rtc.o
                0x000000000800bcc0                HAL_RTC_SetTime
 .text.HAL_RTC_SetDate
                0x000000000800bdfc      0x110 ./Drivers/STM32H7xx_HAL_Driver/Src/stm32h7xx_hal_rtc.o
                0x000000000800bdfc                HAL_RTC_SetDate
 .text.HAL_RTC_WaitForSynchro
                0x000000000800bf0c       0x4c ./Drivers/STM32H7xx_HAL_Driver/Src/stm32h7xx_hal_rtc.o
                0x000000000800bf0c                HAL_RTC_WaitForSynchro
 .text.RTC_EnterInitMode
                0x000000000800bf58       0x66 ./Drivers/STM32H7xx_HAL_Driver/Src/stm32h7xx_hal_rtc.o
                0x000000000800bf58                RTC_EnterInitMode
 *fill*         0x000000000800bfbe        0x2 
 .text.RTC_ExitInitMode
                0x000000000800bfc0       0x7c ./Drivers/STM32H7xx_HAL_Driver/Src/stm32h7xx_hal_rtc.o
                0x000000000800bfc0                RTC_ExitInitMode
 .text.RTC_ByteToBcd2
                0x000000000800c03c       0x40 ./Drivers/STM32H7xx_HAL_Driver/Src/stm32h7xx_hal_rtc.o
                0x000000000800c03c                RTC_ByteToBcd2
 .text.HAL_SPI_Init
                0x000000000800c07c      0x20c ./Drivers/STM32H7xx_HAL_Driver/Src/stm32h7xx_hal_spi.o
                0x000000000800c07c                HAL_SPI_Init
 .text.HAL_SPI_Transmit
                0x000000000800c288      0x3e4 ./Drivers/STM32H7xx_HAL_Driver/Src/stm32h7xx_hal_spi.o
                0x000000000800c288                HAL_SPI_Transmit
 .text.HAL_SPI_Receive
                0x000000000800c66c      0x3e4 ./Drivers/STM32H7xx_HAL_Driver/Src/stm32h7xx_hal_spi.o
                0x000000000800c66c                HAL_SPI_Receive
 .text.HAL_SPI_TransmitReceive
                0x000000000800ca50      0x5d8 ./Drivers/STM32H7xx_HAL_Driver/Src/stm32h7xx_hal_spi.o
                0x000000000800ca50                HAL_SPI_TransmitReceive
 .text.SPI_CloseTransfer
                0x000000000800d028      0x140 ./Drivers/STM32H7xx_HAL_Driver/Src/stm32h7xx_hal_spi.o
 .text.SPI_WaitOnFlagUntilTimeout
                0x000000000800d168       0x5c ./Drivers/STM32H7xx_HAL_Driver/Src/stm32h7xx_hal_spi.o
 .text.SPI_GetPacketSize
                0x000000000800d1c4       0x36 ./Drivers/STM32H7xx_HAL_Driver/Src/stm32h7xx_hal_spi.o
 .text.HAL_TIM_PWM_Init
                0x000000000800d1fa       0xae ./Drivers/STM32H7xx_HAL_Driver/Src/stm32h7xx_hal_tim.o
                0x000000000800d1fa                HAL_TIM_PWM_Init
 .text.HAL_TIM_PWM_ConfigChannel
                0x000000000800d2a8      0x228 ./Drivers/STM32H7xx_HAL_Driver/Src/stm32h7xx_hal_tim.o
                0x000000000800d2a8                HAL_TIM_PWM_ConfigChannel
 .text.TIM_Base_SetConfig
                0x000000000800d4d0      0x134 ./Drivers/STM32H7xx_HAL_Driver/Src/stm32h7xx_hal_tim.o
                0x000000000800d4d0                TIM_Base_SetConfig
 .text.TIM_OC1_SetConfig
                0x000000000800d604      0x120 ./Drivers/STM32H7xx_HAL_Driver/Src/stm32h7xx_hal_tim.o
 .text.TIM_OC2_SetConfig
                0x000000000800d724      0x114 ./Drivers/STM32H7xx_HAL_Driver/Src/stm32h7xx_hal_tim.o
                0x000000000800d724                TIM_OC2_SetConfig
 .text.TIM_OC3_SetConfig
                0x000000000800d838      0x110 ./Drivers/STM32H7xx_HAL_Driver/Src/stm32h7xx_hal_tim.o
 .text.TIM_OC4_SetConfig
                0x000000000800d948       0xd4 ./Drivers/STM32H7xx_HAL_Driver/Src/stm32h7xx_hal_tim.o
 .text.TIM_OC5_SetConfig
                0x000000000800da1c       0xc8 ./Drivers/STM32H7xx_HAL_Driver/Src/stm32h7xx_hal_tim.o
 .text.TIM_OC6_SetConfig
                0x000000000800dae4       0xcc ./Drivers/STM32H7xx_HAL_Driver/Src/stm32h7xx_hal_tim.o
 .text.HAL_TIMEx_PWMN_Start
                0x000000000800dbb0      0x184 ./Drivers/STM32H7xx_HAL_Driver/Src/stm32h7xx_hal_tim_ex.o
                0x000000000800dbb0                HAL_TIMEx_PWMN_Start
 .text.HAL_TIMEx_MasterConfigSynchronization
                0x000000000800dd34      0x11c ./Drivers/STM32H7xx_HAL_Driver/Src/stm32h7xx_hal_tim_ex.o
                0x000000000800dd34                HAL_TIMEx_MasterConfigSynchronization
 .text.HAL_TIMEx_ConfigBreakDeadTime
                0x000000000800de50       0xfc ./Drivers/STM32H7xx_HAL_Driver/Src/stm32h7xx_hal_tim_ex.o
                0x000000000800de50                HAL_TIMEx_ConfigBreakDeadTime
 .text.TIM_CCxNChannelCmd
                0x000000000800df4c       0x4a ./Drivers/STM32H7xx_HAL_Driver/Src/stm32h7xx_hal_tim_ex.o
 *fill*         0x000000000800df96        0x2 
 .text.gcvt     0x000000000800df98       0x3c c:/st/stm32cubeide_1.8.0/stm32cubeide/plugins/com.st.stm32cube.ide.mcu.externaltools.gnu-tools-for-stm32.9-2020-q2-update.win32_2.0.0.202105311346/tools/bin/../lib/gcc/arm-none-eabi/9.3.1/../../../../arm-none-eabi/lib/thumb/v7e-m+dp/hard\libc_nano.a(lib_a-efgcvt.o)
                0x000000000800df98                gcvt
 .text.__errno  0x000000000800dfd4        0xc c:/st/stm32cubeide_1.8.0/stm32cubeide/plugins/com.st.stm32cube.ide.mcu.externaltools.gnu-tools-for-stm32.9-2020-q2-update.win32_2.0.0.202105311346/tools/bin/../lib/gcc/arm-none-eabi/9.3.1/../../../../arm-none-eabi/lib/thumb/v7e-m+dp/hard\libc_nano.a(lib_a-errno.o)
                0x000000000800dfd4                __errno
 .text.__libc_init_array
                0x000000000800dfe0       0x48 c:/st/stm32cubeide_1.8.0/stm32cubeide/plugins/com.st.stm32cube.ide.mcu.externaltools.gnu-tools-for-stm32.9-2020-q2-update.win32_2.0.0.202105311346/tools/bin/../lib/gcc/arm-none-eabi/9.3.1/../../../../arm-none-eabi/lib/thumb/v7e-m+dp/hard\libc_nano.a(lib_a-init.o)
                0x000000000800dfe0                __libc_init_array
 .text.memset   0x000000000800e028       0x10 c:/st/stm32cubeide_1.8.0/stm32cubeide/plugins/com.st.stm32cube.ide.mcu.externaltools.gnu-tools-for-stm32.9-2020-q2-update.win32_2.0.0.202105311346/tools/bin/../lib/gcc/arm-none-eabi/9.3.1/../../../../arm-none-eabi/lib/thumb/v7e-m+dp/hard\libc_nano.a(lib_a-memset.o)
                0x000000000800e028                memset
 .text.sprintf  0x000000000800e038       0x40 c:/st/stm32cubeide_1.8.0/stm32cubeide/plugins/com.st.stm32cube.ide.mcu.externaltools.gnu-tools-for-stm32.9-2020-q2-update.win32_2.0.0.202105311346/tools/bin/../lib/gcc/arm-none-eabi/9.3.1/../../../../arm-none-eabi/lib/thumb/v7e-m+dp/hard\libc_nano.a(lib_a-sprintf.o)
                0x000000000800e038                siprintf
                0x000000000800e038                sprintf
 .text.print_e  0x000000000800e078       0xe6 c:/st/stm32cubeide_1.8.0/stm32cubeide/plugins/com.st.stm32cube.ide.mcu.externaltools.gnu-tools-for-stm32.9-2020-q2-update.win32_2.0.0.202105311346/tools/bin/../lib/gcc/arm-none-eabi/9.3.1/../../../../arm-none-eabi/lib/thumb/v7e-m+dp/hard\libc_nano.a(lib_a-ecvtbuf.o)
 *fill*         0x000000000800e15e        0x2 
 .text._gcvt    0x000000000800e160      0x170 c:/st/stm32cubeide_1.8.0/stm32cubeide/plugins/com.st.stm32cube.ide.mcu.externaltools.gnu-tools-for-stm32.9-2020-q2-update.win32_2.0.0.202105311346/tools/bin/../lib/gcc/arm-none-eabi/9.3.1/../../../../arm-none-eabi/lib/thumb/v7e-m+dp/hard\libc_nano.a(lib_a-ecvtbuf.o)
                0x000000000800e160                _gcvt
 .text._Balloc  0x000000000800e2d0       0x80 c:/st/stm32cubeide_1.8.0/stm32cubeide/plugins/com.st.stm32cube.ide.mcu.externaltools.gnu-tools-for-stm32.9-2020-q2-update.win32_2.0.0.202105311346/tools/bin/../lib/gcc/arm-none-eabi/9.3.1/../../../../arm-none-eabi/lib/thumb/v7e-m+dp/hard\libc_nano.a(lib_a-mprec.o)
                0x000000000800e2d0                _Balloc
 .text._Bfree   0x000000000800e350       0x44 c:/st/stm32cubeide_1.8.0/stm32cubeide/plugins/com.st.stm32cube.ide.mcu.externaltools.gnu-tools-for-stm32.9-2020-q2-update.win32_2.0.0.202105311346/tools/bin/../lib/gcc/arm-none-eabi/9.3.1/../../../../arm-none-eabi/lib/thumb/v7e-m+dp/hard\libc_nano.a(lib_a-mprec.o)
                0x000000000800e350                _Bfree
 .text.__multadd
                0x000000000800e394       0x94 c:/st/stm32cubeide_1.8.0/stm32cubeide/plugins/com.st.stm32cube.ide.mcu.externaltools.gnu-tools-for-stm32.9-2020-q2-update.win32_2.0.0.202105311346/tools/bin/../lib/gcc/arm-none-eabi/9.3.1/../../../../arm-none-eabi/lib/thumb/v7e-m+dp/hard\libc_nano.a(lib_a-mprec.o)
                0x000000000800e394                __multadd
 .text.__hi0bits
                0x000000000800e428       0x40 c:/st/stm32cubeide_1.8.0/stm32cubeide/plugins/com.st.stm32cube.ide.mcu.externaltools.gnu-tools-for-stm32.9-2020-q2-update.win32_2.0.0.202105311346/tools/bin/../lib/gcc/arm-none-eabi/9.3.1/../../../../arm-none-eabi/lib/thumb/v7e-m+dp/hard\libc_nano.a(lib_a-mprec.o)
                0x000000000800e428                __hi0bits
 .text.__lo0bits
                0x000000000800e468       0x60 c:/st/stm32cubeide_1.8.0/stm32cubeide/plugins/com.st.stm32cube.ide.mcu.externaltools.gnu-tools-for-stm32.9-2020-q2-update.win32_2.0.0.202105311346/tools/bin/../lib/gcc/arm-none-eabi/9.3.1/../../../../arm-none-eabi/lib/thumb/v7e-m+dp/hard\libc_nano.a(lib_a-mprec.o)
                0x000000000800e468                __lo0bits
 .text.__i2b    0x000000000800e4c8       0x2c c:/st/stm32cubeide_1.8.0/stm32cubeide/plugins/com.st.stm32cube.ide.mcu.externaltools.gnu-tools-for-stm32.9-2020-q2-update.win32_2.0.0.202105311346/tools/bin/../lib/gcc/arm-none-eabi/9.3.1/../../../../arm-none-eabi/lib/thumb/v7e-m+dp/hard\libc_nano.a(lib_a-mprec.o)
                0x000000000800e4c8                __i2b
 .text.__multiply
                0x000000000800e4f4      0x14c c:/st/stm32cubeide_1.8.0/stm32cubeide/plugins/com.st.stm32cube.ide.mcu.externaltools.gnu-tools-for-stm32.9-2020-q2-update.win32_2.0.0.202105311346/tools/bin/../lib/gcc/arm-none-eabi/9.3.1/../../../../arm-none-eabi/lib/thumb/v7e-m+dp/hard\libc_nano.a(lib_a-mprec.o)
                0x000000000800e4f4                __multiply
 .text.__pow5mult
                0x000000000800e640       0xb4 c:/st/stm32cubeide_1.8.0/stm32cubeide/plugins/com.st.stm32cube.ide.mcu.externaltools.gnu-tools-for-stm32.9-2020-q2-update.win32_2.0.0.202105311346/tools/bin/../lib/gcc/arm-none-eabi/9.3.1/../../../../arm-none-eabi/lib/thumb/v7e-m+dp/hard\libc_nano.a(lib_a-mprec.o)
                0x000000000800e640                __pow5mult
 .text.__lshift
                0x000000000800e6f4       0xd8 c:/st/stm32cubeide_1.8.0/stm32cubeide/plugins/com.st.stm32cube.ide.mcu.externaltools.gnu-tools-for-stm32.9-2020-q2-update.win32_2.0.0.202105311346/tools/bin/../lib/gcc/arm-none-eabi/9.3.1/../../../../arm-none-eabi/lib/thumb/v7e-m+dp/hard\libc_nano.a(lib_a-mprec.o)
                0x000000000800e6f4                __lshift
 .text.__mcmp   0x000000000800e7cc       0x38 c:/st/stm32cubeide_1.8.0/stm32cubeide/plugins/com.st.stm32cube.ide.mcu.externaltools.gnu-tools-for-stm32.9-2020-q2-update.win32_2.0.0.202105311346/tools/bin/../lib/gcc/arm-none-eabi/9.3.1/../../../../arm-none-eabi/lib/thumb/v7e-m+dp/hard\libc_nano.a(lib_a-mprec.o)
                0x000000000800e7cc                __mcmp
 .text.__mdiff  0x000000000800e804      0x110 c:/st/stm32cubeide_1.8.0/stm32cubeide/plugins/com.st.stm32cube.ide.mcu.externaltools.gnu-tools-for-stm32.9-2020-q2-update.win32_2.0.0.202105311346/tools/bin/../lib/gcc/arm-none-eabi/9.3.1/../../../../arm-none-eabi/lib/thumb/v7e-m+dp/hard\libc_nano.a(lib_a-mprec.o)
                0x000000000800e804                __mdiff
 .text.__d2b    0x000000000800e914       0xb8 c:/st/stm32cubeide_1.8.0/stm32cubeide/plugins/com.st.stm32cube.ide.mcu.externaltools.gnu-tools-for-stm32.9-2020-q2-update.win32_2.0.0.202105311346/tools/bin/../lib/gcc/arm-none-eabi/9.3.1/../../../../arm-none-eabi/lib/thumb/v7e-m+dp/hard\libc_nano.a(lib_a-mprec.o)
                0x000000000800e914                __d2b
 .text._mprec_log10
                0x000000000800e9cc       0x28 c:/st/stm32cubeide_1.8.0/stm32cubeide/plugins/com.st.stm32cube.ide.mcu.externaltools.gnu-tools-for-stm32.9-2020-q2-update.win32_2.0.0.202105311346/tools/bin/../lib/gcc/arm-none-eabi/9.3.1/../../../../arm-none-eabi/lib/thumb/v7e-m+dp/hard\libc_nano.a(lib_a-mprec.o)
                0x000000000800e9cc                _mprec_log10
 .text._calloc_r
                0x000000000800e9f4       0x1e c:/st/stm32cubeide_1.8.0/stm32cubeide/plugins/com.st.stm32cube.ide.mcu.externaltools.gnu-tools-for-stm32.9-2020-q2-update.win32_2.0.0.202105311346/tools/bin/../lib/gcc/arm-none-eabi/9.3.1/../../../../arm-none-eabi/lib/thumb/v7e-m+dp/hard\libc_nano.a(lib_a-nano-callocr.o)
                0x000000000800e9f4                _calloc_r
 *fill*         0x000000000800ea12        0x2 
 .text._malloc_r
                0x000000000800ea14       0xb4 c:/st/stm32cubeide_1.8.0/stm32cubeide/plugins/com.st.stm32cube.ide.mcu.externaltools.gnu-tools-for-stm32.9-2020-q2-update.win32_2.0.0.202105311346/tools/bin/../lib/gcc/arm-none-eabi/9.3.1/../../../../arm-none-eabi/lib/thumb/v7e-m+dp/hard\libc_nano.a(lib_a-nano-mallocr.o)
                0x000000000800ea14                _malloc_r
 .text._realloc_r
                0x000000000800eac8       0x4c c:/st/stm32cubeide_1.8.0/stm32cubeide/plugins/com.st.stm32cube.ide.mcu.externaltools.gnu-tools-for-stm32.9-2020-q2-update.win32_2.0.0.202105311346/tools/bin/../lib/gcc/arm-none-eabi/9.3.1/../../../../arm-none-eabi/lib/thumb/v7e-m+dp/hard\libc_nano.a(lib_a-nano-reallocr.o)
                0x000000000800eac8                _realloc_r
 .text.__ssputs_r
                0x000000000800eb14       0xb6 c:/st/stm32cubeide_1.8.0/stm32cubeide/plugins/com.st.stm32cube.ide.mcu.externaltools.gnu-tools-for-stm32.9-2020-q2-update.win32_2.0.0.202105311346/tools/bin/../lib/gcc/arm-none-eabi/9.3.1/../../../../arm-none-eabi/lib/thumb/v7e-m+dp/hard\libc_nano.a(lib_a-nano-svfprintf.o)
                0x000000000800eb14                __ssputs_r
 *fill*         0x000000000800ebca        0x2 
 .text._svfprintf_r
                0x000000000800ebcc      0x200 c:/st/stm32cubeide_1.8.0/stm32cubeide/plugins/com.st.stm32cube.ide.mcu.externaltools.gnu-tools-for-stm32.9-2020-q2-update.win32_2.0.0.202105311346/tools/bin/../lib/gcc/arm-none-eabi/9.3.1/../../../../arm-none-eabi/lib/thumb/v7e-m+dp/hard\libc_nano.a(lib_a-nano-svfprintf.o)
                0x000000000800ebcc                _svfiprintf_r
                0x000000000800ebcc                _svfprintf_r
 .text._printf_common
                0x000000000800edcc       0xda c:/st/stm32cubeide_1.8.0/stm32cubeide/plugins/com.st.stm32cube.ide.mcu.externaltools.gnu-tools-for-stm32.9-2020-q2-update.win32_2.0.0.202105311346/tools/bin/../lib/gcc/arm-none-eabi/9.3.1/../../../../arm-none-eabi/lib/thumb/v7e-m+dp/hard\libc_nano.a(lib_a-nano-vfprintf_i.o)
                0x000000000800edcc                _printf_common
 *fill*         0x000000000800eea6        0x2 
 .text._printf_i
                0x000000000800eea8      0x24c c:/st/stm32cubeide_1.8.0/stm32cubeide/plugins/com.st.stm32cube.ide.mcu.externaltools.gnu-tools-for-stm32.9-2020-q2-update.win32_2.0.0.202105311346/tools/bin/../lib/gcc/arm-none-eabi/9.3.1/../../../../arm-none-eabi/lib/thumb/v7e-m+dp/hard\libc_nano.a(lib_a-nano-vfprintf_i.o)
                0x000000000800eea8                _printf_i
 .text._sbrk_r  0x000000000800f0f4       0x20 c:/st/stm32cubeide_1.8.0/stm32cubeide/plugins/com.st.stm32cube.ide.mcu.externaltools.gnu-tools-for-stm32.9-2020-q2-update.win32_2.0.0.202105311346/tools/bin/../lib/gcc/arm-none-eabi/9.3.1/../../../../arm-none-eabi/lib/thumb/v7e-m+dp/hard\libc_nano.a(lib_a-sbrkr.o)
                0x000000000800f0f4                _sbrk_r
 .text.strcpy   0x000000000800f114       0x10 c:/st/stm32cubeide_1.8.0/stm32cubeide/plugins/com.st.stm32cube.ide.mcu.externaltools.gnu-tools-for-stm32.9-2020-q2-update.win32_2.0.0.202105311346/tools/bin/../lib/gcc/arm-none-eabi/9.3.1/../../../../arm-none-eabi/lib/thumb/v7e-m+dp/hard\libc_nano.a(lib_a-strcpy.o)
                0x000000000800f114                strcpy
 .text.__assert_func
                0x000000000800f124       0x3c c:/st/stm32cubeide_1.8.0/stm32cubeide/plugins/com.st.stm32cube.ide.mcu.externaltools.gnu-tools-for-stm32.9-2020-q2-update.win32_2.0.0.202105311346/tools/bin/../lib/gcc/arm-none-eabi/9.3.1/../../../../arm-none-eabi/lib/thumb/v7e-m+dp/hard\libc_nano.a(lib_a-assert.o)
                0x000000000800f124                __assert_func
 .text.quorem   0x000000000800f160      0x116 c:/st/stm32cubeide_1.8.0/stm32cubeide/plugins/com.st.stm32cube.ide.mcu.externaltools.gnu-tools-for-stm32.9-2020-q2-update.win32_2.0.0.202105311346/tools/bin/../lib/gcc/arm-none-eabi/9.3.1/../../../../arm-none-eabi/lib/thumb/v7e-m+dp/hard\libc_nano.a(lib_a-dtoa.o)
 *fill*         0x000000000800f276        0x2 
 .text._dtoa_r  0x000000000800f278      0xb04 c:/st/stm32cubeide_1.8.0/stm32cubeide/plugins/com.st.stm32cube.ide.mcu.externaltools.gnu-tools-for-stm32.9-2020-q2-update.win32_2.0.0.202105311346/tools/bin/../lib/gcc/arm-none-eabi/9.3.1/../../../../arm-none-eabi/lib/thumb/v7e-m+dp/hard\libc_nano.a(lib_a-dtoa.o)
                0x000000000800f278                _dtoa_r
 .text.fprintf  0x000000000800fd7c       0x24 c:/st/stm32cubeide_1.8.0/stm32cubeide/plugins/com.st.stm32cube.ide.mcu.externaltools.gnu-tools-for-stm32.9-2020-q2-update.win32_2.0.0.202105311346/tools/bin/../lib/gcc/arm-none-eabi/9.3.1/../../../../arm-none-eabi/lib/thumb/v7e-m+dp/hard\libc_nano.a(lib_a-fprintf.o)
                0x000000000800fd7c                fiprintf
                0x000000000800fd7c                fprintf
 .text.malloc   0x000000000800fda0       0x10 c:/st/stm32cubeide_1.8.0/stm32cubeide/plugins/com.st.stm32cube.ide.mcu.externaltools.gnu-tools-for-stm32.9-2020-q2-update.win32_2.0.0.202105311346/tools/bin/../lib/gcc/arm-none-eabi/9.3.1/../../../../arm-none-eabi/lib/thumb/v7e-m+dp/hard\libc_nano.a(lib_a-malloc.o)
                0x000000000800fda0                malloc
 .text.memcpy   0x000000000800fdb0       0x1c c:/st/stm32cubeide_1.8.0/stm32cubeide/plugins/com.st.stm32cube.ide.mcu.externaltools.gnu-tools-for-stm32.9-2020-q2-update.win32_2.0.0.202105311346/tools/bin/../lib/gcc/arm-none-eabi/9.3.1/../../../../arm-none-eabi/lib/thumb/v7e-m+dp/hard\libc_nano.a(lib_a-memcpy-stub.o)
                0x000000000800fdb0                memcpy
 .text.memmove  0x000000000800fdcc       0x34 c:/st/stm32cubeide_1.8.0/stm32cubeide/plugins/com.st.stm32cube.ide.mcu.externaltools.gnu-tools-for-stm32.9-2020-q2-update.win32_2.0.0.202105311346/tools/bin/../lib/gcc/arm-none-eabi/9.3.1/../../../../arm-none-eabi/lib/thumb/v7e-m+dp/hard\libc_nano.a(lib_a-memmove.o)
                0x000000000800fdcc                memmove
 .text.__malloc_lock
                0x000000000800fe00        0xc c:/st/stm32cubeide_1.8.0/stm32cubeide/plugins/com.st.stm32cube.ide.mcu.externaltools.gnu-tools-for-stm32.9-2020-q2-update.win32_2.0.0.202105311346/tools/bin/../lib/gcc/arm-none-eabi/9.3.1/../../../../arm-none-eabi/lib/thumb/v7e-m+dp/hard\libc_nano.a(lib_a-mlock.o)
                0x000000000800fe00                __malloc_lock
 .text.__malloc_unlock
                0x000000000800fe0c        0xc c:/st/stm32cubeide_1.8.0/stm32cubeide/plugins/com.st.stm32cube.ide.mcu.externaltools.gnu-tools-for-stm32.9-2020-q2-update.win32_2.0.0.202105311346/tools/bin/../lib/gcc/arm-none-eabi/9.3.1/../../../../arm-none-eabi/lib/thumb/v7e-m+dp/hard\libc_nano.a(lib_a-mlock.o)
                0x000000000800fe0c                __malloc_unlock
 .text._free_r  0x000000000800fe18       0xa0 c:/st/stm32cubeide_1.8.0/stm32cubeide/plugins/com.st.stm32cube.ide.mcu.externaltools.gnu-tools-for-stm32.9-2020-q2-update.win32_2.0.0.202105311346/tools/bin/../lib/gcc/arm-none-eabi/9.3.1/../../../../arm-none-eabi/lib/thumb/v7e-m+dp/hard\libc_nano.a(lib_a-nano-freer.o)
                0x000000000800fe18                _free_r
 .text._malloc_usable_size_r
                0x000000000800feb8       0x10 c:/st/stm32cubeide_1.8.0/stm32cubeide/plugins/com.st.stm32cube.ide.mcu.externaltools.gnu-tools-for-stm32.9-2020-q2-update.win32_2.0.0.202105311346/tools/bin/../lib/gcc/arm-none-eabi/9.3.1/../../../../arm-none-eabi/lib/thumb/v7e-m+dp/hard\libc_nano.a(lib_a-nano-msizer.o)
                0x000000000800feb8                _malloc_usable_size_r
 .text.__sfputc_r
                0x000000000800fec8       0x2e c:/st/stm32cubeide_1.8.0/stm32cubeide/plugins/com.st.stm32cube.ide.mcu.externaltools.gnu-tools-for-stm32.9-2020-q2-update.win32_2.0.0.202105311346/tools/bin/../lib/gcc/arm-none-eabi/9.3.1/../../../../arm-none-eabi/lib/thumb/v7e-m+dp/hard\libc_nano.a(lib_a-nano-vfprintf.o)
 .text.__sfputs_r
                0x000000000800fef6       0x24 c:/st/stm32cubeide_1.8.0/stm32cubeide/plugins/com.st.stm32cube.ide.mcu.externaltools.gnu-tools-for-stm32.9-2020-q2-update.win32_2.0.0.202105311346/tools/bin/../lib/gcc/arm-none-eabi/9.3.1/../../../../arm-none-eabi/lib/thumb/v7e-m+dp/hard\libc_nano.a(lib_a-nano-vfprintf.o)
                0x000000000800fef6                __sfputs_r
 *fill*         0x000000000800ff1a        0x2 
 .text._vfprintf_r
                0x000000000800ff1c      0x260 c:/st/stm32cubeide_1.8.0/stm32cubeide/plugins/com.st.stm32cube.ide.mcu.externaltools.gnu-tools-for-stm32.9-2020-q2-update.win32_2.0.0.202105311346/tools/bin/../lib/gcc/arm-none-eabi/9.3.1/../../../../arm-none-eabi/lib/thumb/v7e-m+dp/hard\libc_nano.a(lib_a-nano-vfprintf.o)
                0x000000000800ff1c                _vfprintf_r
                0x000000000800ff1c                _vfiprintf_r
 .text.__swbuf_r
                0x000000000801017c       0xa4 c:/st/stm32cubeide_1.8.0/stm32cubeide/plugins/com.st.stm32cube.ide.mcu.externaltools.gnu-tools-for-stm32.9-2020-q2-update.win32_2.0.0.202105311346/tools/bin/../lib/gcc/arm-none-eabi/9.3.1/../../../../arm-none-eabi/lib/thumb/v7e-m+dp/hard\libc_nano.a(lib_a-wbuf.o)
                0x000000000801017c                __swbuf_r
 .text.__swsetup_r
                0x0000000008010220       0xdc c:/st/stm32cubeide_1.8.0/stm32cubeide/plugins/com.st.stm32cube.ide.mcu.externaltools.gnu-tools-for-stm32.9-2020-q2-update.win32_2.0.0.202105311346/tools/bin/../lib/gcc/arm-none-eabi/9.3.1/../../../../arm-none-eabi/lib/thumb/v7e-m+dp/hard\libc_nano.a(lib_a-wsetup.o)
                0x0000000008010220                __swsetup_r
 .text.abort    0x00000000080102fc        0xe c:/st/stm32cubeide_1.8.0/stm32cubeide/plugins/com.st.stm32cube.ide.mcu.externaltools.gnu-tools-for-stm32.9-2020-q2-update.win32_2.0.0.202105311346/tools/bin/../lib/gcc/arm-none-eabi/9.3.1/../../../../arm-none-eabi/lib/thumb/v7e-m+dp/hard\libc_nano.a(lib_a-abort.o)
                0x00000000080102fc                abort
 *fill*         0x000000000801030a        0x2 
 .text.__sflush_r
                0x000000000801030c      0x10c c:/st/stm32cubeide_1.8.0/stm32cubeide/plugins/com.st.stm32cube.ide.mcu.externaltools.gnu-tools-for-stm32.9-2020-q2-update.win32_2.0.0.202105311346/tools/bin/../lib/gcc/arm-none-eabi/9.3.1/../../../../arm-none-eabi/lib/thumb/v7e-m+dp/hard\libc_nano.a(lib_a-fflush.o)
                0x000000000801030c                __sflush_r
 .text._fflush_r
                0x0000000008010418       0x78 c:/st/stm32cubeide_1.8.0/stm32cubeide/plugins/com.st.stm32cube.ide.mcu.externaltools.gnu-tools-for-stm32.9-2020-q2-update.win32_2.0.0.202105311346/tools/bin/../lib/gcc/arm-none-eabi/9.3.1/../../../../arm-none-eabi/lib/thumb/v7e-m+dp/hard\libc_nano.a(lib_a-fflush.o)
                0x0000000008010418                _fflush_r
 .text.std      0x0000000008010490       0x48 c:/st/stm32cubeide_1.8.0/stm32cubeide/plugins/com.st.stm32cube.ide.mcu.externaltools.gnu-tools-for-stm32.9-2020-q2-update.win32_2.0.0.202105311346/tools/bin/../lib/gcc/arm-none-eabi/9.3.1/../../../../arm-none-eabi/lib/thumb/v7e-m+dp/hard\libc_nano.a(lib_a-findfp.o)
 .text._cleanup_r
                0x00000000080104d8        0xc c:/st/stm32cubeide_1.8.0/stm32cubeide/plugins/com.st.stm32cube.ide.mcu.externaltools.gnu-tools-for-stm32.9-2020-q2-update.win32_2.0.0.202105311346/tools/bin/../lib/gcc/arm-none-eabi/9.3.1/../../../../arm-none-eabi/lib/thumb/v7e-m+dp/hard\libc_nano.a(lib_a-findfp.o)
                0x00000000080104d8                _cleanup_r
 .text.__sfmoreglue
                0x00000000080104e4       0x2c c:/st/stm32cubeide_1.8.0/stm32cubeide/plugins/com.st.stm32cube.ide.mcu.externaltools.gnu-tools-for-stm32.9-2020-q2-update.win32_2.0.0.202105311346/tools/bin/../lib/gcc/arm-none-eabi/9.3.1/../../../../arm-none-eabi/lib/thumb/v7e-m+dp/hard\libc_nano.a(lib_a-findfp.o)
                0x00000000080104e4                __sfmoreglue
 .text.__sfp_lock_acquire
                0x0000000008010510        0xc c:/st/stm32cubeide_1.8.0/stm32cubeide/plugins/com.st.stm32cube.ide.mcu.externaltools.gnu-tools-for-stm32.9-2020-q2-update.win32_2.0.0.202105311346/tools/bin/../lib/gcc/arm-none-eabi/9.3.1/../../../../arm-none-eabi/lib/thumb/v7e-m+dp/hard\libc_nano.a(lib_a-findfp.o)
                0x0000000008010510                __sfp_lock_acquire
 .text.__sfp_lock_release
                0x000000000801051c        0xc c:/st/stm32cubeide_1.8.0/stm32cubeide/plugins/com.st.stm32cube.ide.mcu.externaltools.gnu-tools-for-stm32.9-2020-q2-update.win32_2.0.0.202105311346/tools/bin/../lib/gcc/arm-none-eabi/9.3.1/../../../../arm-none-eabi/lib/thumb/v7e-m+dp/hard\libc_nano.a(lib_a-findfp.o)
                0x000000000801051c                __sfp_lock_release
 .text.__sinit_lock_acquire
                0x0000000008010528        0xc c:/st/stm32cubeide_1.8.0/stm32cubeide/plugins/com.st.stm32cube.ide.mcu.externaltools.gnu-tools-for-stm32.9-2020-q2-update.win32_2.0.0.202105311346/tools/bin/../lib/gcc/arm-none-eabi/9.3.1/../../../../arm-none-eabi/lib/thumb/v7e-m+dp/hard\libc_nano.a(lib_a-findfp.o)
                0x0000000008010528                __sinit_lock_acquire
 .text.__sinit_lock_release
                0x0000000008010534        0xc c:/st/stm32cubeide_1.8.0/stm32cubeide/plugins/com.st.stm32cube.ide.mcu.externaltools.gnu-tools-for-stm32.9-2020-q2-update.win32_2.0.0.202105311346/tools/bin/../lib/gcc/arm-none-eabi/9.3.1/../../../../arm-none-eabi/lib/thumb/v7e-m+dp/hard\libc_nano.a(lib_a-findfp.o)
                0x0000000008010534                __sinit_lock_release
 .text.__sinit  0x0000000008010540       0x70 c:/st/stm32cubeide_1.8.0/stm32cubeide/plugins/com.st.stm32cube.ide.mcu.externaltools.gnu-tools-for-stm32.9-2020-q2-update.win32_2.0.0.202105311346/tools/bin/../lib/gcc/arm-none-eabi/9.3.1/../../../../arm-none-eabi/lib/thumb/v7e-m+dp/hard\libc_nano.a(lib_a-findfp.o)
                0x0000000008010540                __sinit
 .text.__sfp    0x00000000080105b0       0x8c c:/st/stm32cubeide_1.8.0/stm32cubeide/plugins/com.st.stm32cube.ide.mcu.externaltools.gnu-tools-for-stm32.9-2020-q2-update.win32_2.0.0.202105311346/tools/bin/../lib/gcc/arm-none-eabi/9.3.1/../../../../arm-none-eabi/lib/thumb/v7e-m+dp/hard\libc_nano.a(lib_a-findfp.o)
                0x00000000080105b0                __sfp
 .text._fwalk_reent
                0x000000000801063c       0x3e c:/st/stm32cubeide_1.8.0/stm32cubeide/plugins/com.st.stm32cube.ide.mcu.externaltools.gnu-tools-for-stm32.9-2020-q2-update.win32_2.0.0.202105311346/tools/bin/../lib/gcc/arm-none-eabi/9.3.1/../../../../arm-none-eabi/lib/thumb/v7e-m+dp/hard\libc_nano.a(lib_a-fwalk.o)
                0x000000000801063c                _fwalk_reent
 .text.__retarget_lock_init_recursive
                0x000000000801067a        0x2 c:/st/stm32cubeide_1.8.0/stm32cubeide/plugins/com.st.stm32cube.ide.mcu.externaltools.gnu-tools-for-stm32.9-2020-q2-update.win32_2.0.0.202105311346/tools/bin/../lib/gcc/arm-none-eabi/9.3.1/../../../../arm-none-eabi/lib/thumb/v7e-m+dp/hard\libc_nano.a(lib_a-lock.o)
                0x000000000801067a                __retarget_lock_init_recursive
 .text.__retarget_lock_acquire_recursive
                0x000000000801067c        0x2 c:/st/stm32cubeide_1.8.0/stm32cubeide/plugins/com.st.stm32cube.ide.mcu.externaltools.gnu-tools-for-stm32.9-2020-q2-update.win32_2.0.0.202105311346/tools/bin/../lib/gcc/arm-none-eabi/9.3.1/../../../../arm-none-eabi/lib/thumb/v7e-m+dp/hard\libc_nano.a(lib_a-lock.o)
                0x000000000801067c                __retarget_lock_acquire_recursive
 .text.__retarget_lock_release_recursive
                0x000000000801067e        0x2 c:/st/stm32cubeide_1.8.0/stm32cubeide/plugins/com.st.stm32cube.ide.mcu.externaltools.gnu-tools-for-stm32.9-2020-q2-update.win32_2.0.0.202105311346/tools/bin/../lib/gcc/arm-none-eabi/9.3.1/../../../../arm-none-eabi/lib/thumb/v7e-m+dp/hard\libc_nano.a(lib_a-lock.o)
                0x000000000801067e                __retarget_lock_release_recursive
 .text.__swhatbuf_r
                0x0000000008010680       0x48 c:/st/stm32cubeide_1.8.0/stm32cubeide/plugins/com.st.stm32cube.ide.mcu.externaltools.gnu-tools-for-stm32.9-2020-q2-update.win32_2.0.0.202105311346/tools/bin/../lib/gcc/arm-none-eabi/9.3.1/../../../../arm-none-eabi/lib/thumb/v7e-m+dp/hard\libc_nano.a(lib_a-makebuf.o)
                0x0000000008010680                __swhatbuf_r
 .text.__smakebuf_r
                0x00000000080106c8       0x80 c:/st/stm32cubeide_1.8.0/stm32cubeide/plugins/com.st.stm32cube.ide.mcu.externaltools.gnu-tools-for-stm32.9-2020-q2-update.win32_2.0.0.202105311346/tools/bin/../lib/gcc/arm-none-eabi/9.3.1/../../../../arm-none-eabi/lib/thumb/v7e-m+dp/hard\libc_nano.a(lib_a-makebuf.o)
                0x00000000080106c8                __smakebuf_r
 .text._raise_r
                0x0000000008010748       0x50 c:/st/stm32cubeide_1.8.0/stm32cubeide/plugins/com.st.stm32cube.ide.mcu.externaltools.gnu-tools-for-stm32.9-2020-q2-update.win32_2.0.0.202105311346/tools/bin/../lib/gcc/arm-none-eabi/9.3.1/../../../../arm-none-eabi/lib/thumb/v7e-m+dp/hard\libc_nano.a(lib_a-signal.o)
                0x0000000008010748                _raise_r
 .text.raise    0x0000000008010798       0x10 c:/st/stm32cubeide_1.8.0/stm32cubeide/plugins/com.st.stm32cube.ide.mcu.externaltools.gnu-tools-for-stm32.9-2020-q2-update.win32_2.0.0.202105311346/tools/bin/../lib/gcc/arm-none-eabi/9.3.1/../../../../arm-none-eabi/lib/thumb/v7e-m+dp/hard\libc_nano.a(lib_a-signal.o)
                0x0000000008010798                raise
 .text._kill_r  0x00000000080107a8       0x24 c:/st/stm32cubeide_1.8.0/stm32cubeide/plugins/com.st.stm32cube.ide.mcu.externaltools.gnu-tools-for-stm32.9-2020-q2-update.win32_2.0.0.202105311346/tools/bin/../lib/gcc/arm-none-eabi/9.3.1/../../../../arm-none-eabi/lib/thumb/v7e-m+dp/hard\libc_nano.a(lib_a-signalr.o)
                0x00000000080107a8                _kill_r
 .text._getpid_r
                0x00000000080107cc        0x4 c:/st/stm32cubeide_1.8.0/stm32cubeide/plugins/com.st.stm32cube.ide.mcu.externaltools.gnu-tools-for-stm32.9-2020-q2-update.win32_2.0.0.202105311346/tools/bin/../lib/gcc/arm-none-eabi/9.3.1/../../../../arm-none-eabi/lib/thumb/v7e-m+dp/hard\libc_nano.a(lib_a-signalr.o)
                0x00000000080107cc                _getpid_r
 .text.__sread  0x00000000080107d0       0x22 c:/st/stm32cubeide_1.8.0/stm32cubeide/plugins/com.st.stm32cube.ide.mcu.externaltools.gnu-tools-for-stm32.9-2020-q2-update.win32_2.0.0.202105311346/tools/bin/../lib/gcc/arm-none-eabi/9.3.1/../../../../arm-none-eabi/lib/thumb/v7e-m+dp/hard\libc_nano.a(lib_a-stdio.o)
                0x00000000080107d0                __sread
 .text.__swrite
                0x00000000080107f2       0x38 c:/st/stm32cubeide_1.8.0/stm32cubeide/plugins/com.st.stm32cube.ide.mcu.externaltools.gnu-tools-for-stm32.9-2020-q2-update.win32_2.0.0.202105311346/tools/bin/../lib/gcc/arm-none-eabi/9.3.1/../../../../arm-none-eabi/lib/thumb/v7e-m+dp/hard\libc_nano.a(lib_a-stdio.o)
                0x00000000080107f2                __swrite
 .text.__sseek  0x000000000801082a       0x24 c:/st/stm32cubeide_1.8.0/stm32cubeide/plugins/com.st.stm32cube.ide.mcu.externaltools.gnu-tools-for-stm32.9-2020-q2-update.win32_2.0.0.202105311346/tools/bin/../lib/gcc/arm-none-eabi/9.3.1/../../../../arm-none-eabi/lib/thumb/v7e-m+dp/hard\libc_nano.a(lib_a-stdio.o)
                0x000000000801082a                __sseek
 .text.__sclose
                0x000000000801084e        0x8 c:/st/stm32cubeide_1.8.0/stm32cubeide/plugins/com.st.stm32cube.ide.mcu.externaltools.gnu-tools-for-stm32.9-2020-q2-update.win32_2.0.0.202105311346/tools/bin/../lib/gcc/arm-none-eabi/9.3.1/../../../../arm-none-eabi/lib/thumb/v7e-m+dp/hard\libc_nano.a(lib_a-stdio.o)
                0x000000000801084e                __sclose
 *fill*         0x0000000008010856        0x2 
 .text._write_r
                0x0000000008010858       0x24 c:/st/stm32cubeide_1.8.0/stm32cubeide/plugins/com.st.stm32cube.ide.mcu.externaltools.gnu-tools-for-stm32.9-2020-q2-update.win32_2.0.0.202105311346/tools/bin/../lib/gcc/arm-none-eabi/9.3.1/../../../../arm-none-eabi/lib/thumb/v7e-m+dp/hard\libc_nano.a(lib_a-writer.o)
                0x0000000008010858                _write_r
 .text._close_r
                0x000000000801087c       0x20 c:/st/stm32cubeide_1.8.0/stm32cubeide/plugins/com.st.stm32cube.ide.mcu.externaltools.gnu-tools-for-stm32.9-2020-q2-update.win32_2.0.0.202105311346/tools/bin/../lib/gcc/arm-none-eabi/9.3.1/../../../../arm-none-eabi/lib/thumb/v7e-m+dp/hard\libc_nano.a(lib_a-closer.o)
                0x000000000801087c                _close_r
 .text._fstat_r
                0x000000000801089c       0x24 c:/st/stm32cubeide_1.8.0/stm32cubeide/plugins/com.st.stm32cube.ide.mcu.externaltools.gnu-tools-for-stm32.9-2020-q2-update.win32_2.0.0.202105311346/tools/bin/../lib/gcc/arm-none-eabi/9.3.1/../../../../arm-none-eabi/lib/thumb/v7e-m+dp/hard\libc_nano.a(lib_a-fstatr.o)
                0x000000000801089c                _fstat_r
 .text._isatty_r
                0x00000000080108c0       0x20 c:/st/stm32cubeide_1.8.0/stm32cubeide/plugins/com.st.stm32cube.ide.mcu.externaltools.gnu-tools-for-stm32.9-2020-q2-update.win32_2.0.0.202105311346/tools/bin/../lib/gcc/arm-none-eabi/9.3.1/../../../../arm-none-eabi/lib/thumb/v7e-m+dp/hard\libc_nano.a(lib_a-isattyr.o)
                0x00000000080108c0                _isatty_r
 .text._lseek_r
                0x00000000080108e0       0x24 c:/st/stm32cubeide_1.8.0/stm32cubeide/plugins/com.st.stm32cube.ide.mcu.externaltools.gnu-tools-for-stm32.9-2020-q2-update.win32_2.0.0.202105311346/tools/bin/../lib/gcc/arm-none-eabi/9.3.1/../../../../arm-none-eabi/lib/thumb/v7e-m+dp/hard\libc_nano.a(lib_a-lseekr.o)
                0x00000000080108e0                _lseek_r
 .text._read_r  0x0000000008010904       0x24 c:/st/stm32cubeide_1.8.0/stm32cubeide/plugins/com.st.stm32cube.ide.mcu.externaltools.gnu-tools-for-stm32.9-2020-q2-update.win32_2.0.0.202105311346/tools/bin/../lib/gcc/arm-none-eabi/9.3.1/../../../../arm-none-eabi/lib/thumb/v7e-m+dp/hard\libc_nano.a(lib_a-readr.o)
                0x0000000008010904                _read_r
 .text.sin      0x0000000008010928       0x90 c:/st/stm32cubeide_1.8.0/stm32cubeide/plugins/com.st.stm32cube.ide.mcu.externaltools.gnu-tools-for-stm32.9-2020-q2-update.win32_2.0.0.202105311346/tools/bin/../lib/gcc/arm-none-eabi/9.3.1/../../../../arm-none-eabi/lib/thumb/v7e-m+dp/hard\libm.a(lib_a-s_sin.o)
                0x0000000008010928                sin
 .text.__ieee754_rem_pio2
                0x00000000080109b8      0x280 c:/st/stm32cubeide_1.8.0/stm32cubeide/plugins/com.st.stm32cube.ide.mcu.externaltools.gnu-tools-for-stm32.9-2020-q2-update.win32_2.0.0.202105311346/tools/bin/../lib/gcc/arm-none-eabi/9.3.1/../../../../arm-none-eabi/lib/thumb/v7e-m+dp/hard\libm.a(lib_a-e_rem_pio2.o)
                0x00000000080109b8                __ieee754_rem_pio2
 .text.__kernel_cos
                0x0000000008010c38       0xd8 c:/st/stm32cubeide_1.8.0/stm32cubeide/plugins/com.st.stm32cube.ide.mcu.externaltools.gnu-tools-for-stm32.9-2020-q2-update.win32_2.0.0.202105311346/tools/bin/../lib/gcc/arm-none-eabi/9.3.1/../../../../arm-none-eabi/lib/thumb/v7e-m+dp/hard\libm.a(lib_a-k_cos.o)
                0x0000000008010c38                __kernel_cos
 .text.__kernel_rem_pio2
                0x0000000008010d10      0x500 c:/st/stm32cubeide_1.8.0/stm32cubeide/plugins/com.st.stm32cube.ide.mcu.externaltools.gnu-tools-for-stm32.9-2020-q2-update.win32_2.0.0.202105311346/tools/bin/../lib/gcc/arm-none-eabi/9.3.1/../../../../arm-none-eabi/lib/thumb/v7e-m+dp/hard\libm.a(lib_a-k_rem_pio2.o)
                0x0000000008010d10                __kernel_rem_pio2
 .text.__kernel_sin
                0x0000000008011210       0xb0 c:/st/stm32cubeide_1.8.0/stm32cubeide/plugins/com.st.stm32cube.ide.mcu.externaltools.gnu-tools-for-stm32.9-2020-q2-update.win32_2.0.0.202105311346/tools/bin/../lib/gcc/arm-none-eabi/9.3.1/../../../../arm-none-eabi/lib/thumb/v7e-m+dp/hard\libm.a(lib_a-k_sin.o)
                0x0000000008011210                __kernel_sin
 .text.fabs     0x00000000080112c0       0x12 c:/st/stm32cubeide_1.8.0/stm32cubeide/plugins/com.st.stm32cube.ide.mcu.externaltools.gnu-tools-for-stm32.9-2020-q2-update.win32_2.0.0.202105311346/tools/bin/../lib/gcc/arm-none-eabi/9.3.1/../../../../arm-none-eabi/lib/thumb/v7e-m+dp/hard\libm.a(lib_a-s_fabs.o)
                0x00000000080112c0                fabs
 *fill*         0x00000000080112d2        0x6 
 .text.floor    0x00000000080112d8       0xe8 c:/st/stm32cubeide_1.8.0/stm32cubeide/plugins/com.st.stm32cube.ide.mcu.externaltools.gnu-tools-for-stm32.9-2020-q2-update.win32_2.0.0.202105311346/tools/bin/../lib/gcc/arm-none-eabi/9.3.1/../../../../arm-none-eabi/lib/thumb/v7e-m+dp/hard\libm.a(lib_a-s_floor.o)
                0x00000000080112d8                floor
 .text.scalbn   0x00000000080113c0      0x124 c:/st/stm32cubeide_1.8.0/stm32cubeide/plugins/com.st.stm32cube.ide.mcu.externaltools.gnu-tools-for-stm32.9-2020-q2-update.win32_2.0.0.202105311346/tools/bin/../lib/gcc/arm-none-eabi/9.3.1/../../../../arm-none-eabi/lib/thumb/v7e-m+dp/hard\libm.a(lib_a-s_scalbn.o)
                0x00000000080113c0                scalbn
 *(.glue_7)
 .glue_7        0x00000000080114e4        0x0 linker stubs
 *(.glue_7t)
 .glue_7t       0x00000000080114e4        0x0 linker stubs
 *(.eh_frame)
 .eh_frame      0x00000000080114e4        0x0 c:/st/stm32cubeide_1.8.0/stm32cubeide/plugins/com.st.stm32cube.ide.mcu.externaltools.gnu-tools-for-stm32.9-2020-q2-update.win32_2.0.0.202105311346/tools/bin/../lib/gcc/arm-none-eabi/9.3.1/thumb/v7e-m+dp/hard/crtbegin.o
 *(.init)
 .init          0x00000000080114e4        0x4 c:/st/stm32cubeide_1.8.0/stm32cubeide/plugins/com.st.stm32cube.ide.mcu.externaltools.gnu-tools-for-stm32.9-2020-q2-update.win32_2.0.0.202105311346/tools/bin/../lib/gcc/arm-none-eabi/9.3.1/thumb/v7e-m+dp/hard/crti.o
                0x00000000080114e4                _init
 .init          0x00000000080114e8        0x8 c:/st/stm32cubeide_1.8.0/stm32cubeide/plugins/com.st.stm32cube.ide.mcu.externaltools.gnu-tools-for-stm32.9-2020-q2-update.win32_2.0.0.202105311346/tools/bin/../lib/gcc/arm-none-eabi/9.3.1/thumb/v7e-m+dp/hard/crtn.o
 *(.fini)
 .fini          0x00000000080114f0        0x4 c:/st/stm32cubeide_1.8.0/stm32cubeide/plugins/com.st.stm32cube.ide.mcu.externaltools.gnu-tools-for-stm32.9-2020-q2-update.win32_2.0.0.202105311346/tools/bin/../lib/gcc/arm-none-eabi/9.3.1/thumb/v7e-m+dp/hard/crti.o
                0x00000000080114f0                _fini
 .fini          0x00000000080114f4        0x8 c:/st/stm32cubeide_1.8.0/stm32cubeide/plugins/com.st.stm32cube.ide.mcu.externaltools.gnu-tools-for-stm32.9-2020-q2-update.win32_2.0.0.202105311346/tools/bin/../lib/gcc/arm-none-eabi/9.3.1/thumb/v7e-m+dp/hard/crtn.o
                0x00000000080114fc                . = ALIGN (0x4)
                0x00000000080114fc                _etext = .

.vfp11_veneer   0x00000000080114fc        0x0
 .vfp11_veneer  0x00000000080114fc        0x0 linker stubs

.v4_bx          0x00000000080114fc        0x0
 .v4_bx         0x00000000080114fc        0x0 linker stubs

.iplt           0x00000000080114fc        0x0
 .iplt          0x00000000080114fc        0x0 c:/st/stm32cubeide_1.8.0/stm32cubeide/plugins/com.st.stm32cube.ide.mcu.externaltools.gnu-tools-for-stm32.9-2020-q2-update.win32_2.0.0.202105311346/tools/bin/../lib/gcc/arm-none-eabi/9.3.1/thumb/v7e-m+dp/hard/crtbegin.o

.rodata         0x0000000008011500     0x7578
                0x0000000008011500                . = ALIGN (0x4)
 *(.rodata)
 .rodata        0x0000000008011500      0x1de ./Core/Src/navswitch.o
 *fill*         0x00000000080116de        0x2 
 .rodata        0x00000000080116e0       0x27 ./Drivers/BSP/ST7735/lcd.o
 *(.rodata*)
 *fill*         0x0000000008011707        0x1 
 .rodata.D1CorePrescTable
                0x0000000008011708       0x10 ./Core/Src/system_stm32h7xx.o
                0x0000000008011708                D1CorePrescTable
 .rodata.asc2_1206
                0x0000000008011718      0x474 ./Drivers/BSP/ST7735/lcd.o
                0x0000000008011718                asc2_1206
 .rodata.asc2_1608
                0x0000000008011b8c      0x5f0 ./Drivers/BSP/ST7735/lcd.o
                0x0000000008011b8c                asc2_1608
 .rodata.WeActStudiologo_160_80
                0x000000000801217c     0x6449 ./Drivers/BSP/ST7735/logo_160_80.o
                0x000000000801217c                WeActStudiologo_160_80
 *fill*         0x00000000080185c5        0x3 
 .rodata.flagBitshiftOffset.11321
                0x00000000080185c8        0x8 ./Drivers/STM32H7xx_HAL_Driver/Src/stm32h7xx_hal_dma.o
 .rodata._global_impure_ptr
                0x00000000080185d0        0x4 c:/st/stm32cubeide_1.8.0/stm32cubeide/plugins/com.st.stm32cube.ide.mcu.externaltools.gnu-tools-for-stm32.9-2020-q2-update.win32_2.0.0.202105311346/tools/bin/../lib/gcc/arm-none-eabi/9.3.1/../../../../arm-none-eabi/lib/thumb/v7e-m+dp/hard\libc_nano.a(lib_a-impure.o)
                0x00000000080185d0                _global_impure_ptr
 .rodata._Balloc.str1.1
                0x00000000080185d4       0x77 c:/st/stm32cubeide_1.8.0/stm32cubeide/plugins/com.st.stm32cube.ide.mcu.externaltools.gnu-tools-for-stm32.9-2020-q2-update.win32_2.0.0.202105311346/tools/bin/../lib/gcc/arm-none-eabi/9.3.1/../../../../arm-none-eabi/lib/thumb/v7e-m+dp/hard\libc_nano.a(lib_a-mprec.o)
 .rodata.__multadd.str1.1
                0x000000000801864b       0x11 c:/st/stm32cubeide_1.8.0/stm32cubeide/plugins/com.st.stm32cube.ide.mcu.externaltools.gnu-tools-for-stm32.9-2020-q2-update.win32_2.0.0.202105311346/tools/bin/../lib/gcc/arm-none-eabi/9.3.1/../../../../arm-none-eabi/lib/thumb/v7e-m+dp/hard\libc_nano.a(lib_a-mprec.o)
 *fill*         0x000000000801865c        0x4 
 .rodata.__mprec_bigtens
                0x0000000008018660       0x28 c:/st/stm32cubeide_1.8.0/stm32cubeide/plugins/com.st.stm32cube.ide.mcu.externaltools.gnu-tools-for-stm32.9-2020-q2-update.win32_2.0.0.202105311346/tools/bin/../lib/gcc/arm-none-eabi/9.3.1/../../../../arm-none-eabi/lib/thumb/v7e-m+dp/hard\libc_nano.a(lib_a-mprec.o)
                0x0000000008018660                __mprec_bigtens
 .rodata.__mprec_tens
                0x0000000008018688       0xc8 c:/st/stm32cubeide_1.8.0/stm32cubeide/plugins/com.st.stm32cube.ide.mcu.externaltools.gnu-tools-for-stm32.9-2020-q2-update.win32_2.0.0.202105311346/tools/bin/../lib/gcc/arm-none-eabi/9.3.1/../../../../arm-none-eabi/lib/thumb/v7e-m+dp/hard\libc_nano.a(lib_a-mprec.o)
                0x0000000008018688                __mprec_tens
 .rodata.p05.7513
                0x0000000008018750        0xc c:/st/stm32cubeide_1.8.0/stm32cubeide/plugins/com.st.stm32cube.ide.mcu.externaltools.gnu-tools-for-stm32.9-2020-q2-update.win32_2.0.0.202105311346/tools/bin/../lib/gcc/arm-none-eabi/9.3.1/../../../../arm-none-eabi/lib/thumb/v7e-m+dp/hard\libc_nano.a(lib_a-mprec.o)
 .rodata._svfprintf_r.str1.1
                0x000000000801875c       0x11 c:/st/stm32cubeide_1.8.0/stm32cubeide/plugins/com.st.stm32cube.ide.mcu.externaltools.gnu-tools-for-stm32.9-2020-q2-update.win32_2.0.0.202105311346/tools/bin/../lib/gcc/arm-none-eabi/9.3.1/../../../../arm-none-eabi/lib/thumb/v7e-m+dp/hard\libc_nano.a(lib_a-nano-svfprintf.o)
 .rodata._printf_i.str1.1
                0x000000000801876d       0x22 c:/st/stm32cubeide_1.8.0/stm32cubeide/plugins/com.st.stm32cube.ide.mcu.externaltools.gnu-tools-for-stm32.9-2020-q2-update.win32_2.0.0.202105311346/tools/bin/../lib/gcc/arm-none-eabi/9.3.1/../../../../arm-none-eabi/lib/thumb/v7e-m+dp/hard\libc_nano.a(lib_a-nano-vfprintf_i.o)
 .rodata.__assert_func.str1.1
                0x000000000801878f       0x3c c:/st/stm32cubeide_1.8.0/stm32cubeide/plugins/com.st.stm32cube.ide.mcu.externaltools.gnu-tools-for-stm32.9-2020-q2-update.win32_2.0.0.202105311346/tools/bin/../lib/gcc/arm-none-eabi/9.3.1/../../../../arm-none-eabi/lib/thumb/v7e-m+dp/hard\libc_nano.a(lib_a-assert.o)
                                         0x3d (size before relaxing)
 .rodata._dtoa_r.str1.1
                0x00000000080187cb       0x6e c:/st/stm32cubeide_1.8.0/stm32cubeide/plugins/com.st.stm32cube.ide.mcu.externaltools.gnu-tools-for-stm32.9-2020-q2-update.win32_2.0.0.202105311346/tools/bin/../lib/gcc/arm-none-eabi/9.3.1/../../../../arm-none-eabi/lib/thumb/v7e-m+dp/hard\libc_nano.a(lib_a-dtoa.o)
                                         0x96 (size before relaxing)
 .rodata._vfprintf_r.str1.1
                0x0000000008018839       0x11 c:/st/stm32cubeide_1.8.0/stm32cubeide/plugins/com.st.stm32cube.ide.mcu.externaltools.gnu-tools-for-stm32.9-2020-q2-update.win32_2.0.0.202105311346/tools/bin/../lib/gcc/arm-none-eabi/9.3.1/../../../../arm-none-eabi/lib/thumb/v7e-m+dp/hard\libc_nano.a(lib_a-nano-vfprintf.o)
 *fill*         0x0000000008018839        0x3 
 .rodata.__sf_fake_stderr
                0x000000000801883c       0x20 c:/st/stm32cubeide_1.8.0/stm32cubeide/plugins/com.st.stm32cube.ide.mcu.externaltools.gnu-tools-for-stm32.9-2020-q2-update.win32_2.0.0.202105311346/tools/bin/../lib/gcc/arm-none-eabi/9.3.1/../../../../arm-none-eabi/lib/thumb/v7e-m+dp/hard\libc_nano.a(lib_a-findfp.o)
                0x000000000801883c                __sf_fake_stderr
 .rodata.__sf_fake_stdin
                0x000000000801885c       0x20 c:/st/stm32cubeide_1.8.0/stm32cubeide/plugins/com.st.stm32cube.ide.mcu.externaltools.gnu-tools-for-stm32.9-2020-q2-update.win32_2.0.0.202105311346/tools/bin/../lib/gcc/arm-none-eabi/9.3.1/../../../../arm-none-eabi/lib/thumb/v7e-m+dp/hard\libc_nano.a(lib_a-findfp.o)
                0x000000000801885c                __sf_fake_stdin
 .rodata.__sf_fake_stdout
                0x000000000801887c       0x20 c:/st/stm32cubeide_1.8.0/stm32cubeide/plugins/com.st.stm32cube.ide.mcu.externaltools.gnu-tools-for-stm32.9-2020-q2-update.win32_2.0.0.202105311346/tools/bin/../lib/gcc/arm-none-eabi/9.3.1/../../../../arm-none-eabi/lib/thumb/v7e-m+dp/hard\libc_nano.a(lib_a-findfp.o)
                0x000000000801887c                __sf_fake_stdout
 .rodata.npio2_hw
                0x000000000801889c       0x80 c:/st/stm32cubeide_1.8.0/stm32cubeide/plugins/com.st.stm32cube.ide.mcu.externaltools.gnu-tools-for-stm32.9-2020-q2-update.win32_2.0.0.202105311346/tools/bin/../lib/gcc/arm-none-eabi/9.3.1/../../../../arm-none-eabi/lib/thumb/v7e-m+dp/hard\libm.a(lib_a-e_rem_pio2.o)
 .rodata.two_over_pi
                0x000000000801891c      0x108 c:/st/stm32cubeide_1.8.0/stm32cubeide/plugins/com.st.stm32cube.ide.mcu.externaltools.gnu-tools-for-stm32.9-2020-q2-update.win32_2.0.0.202105311346/tools/bin/../lib/gcc/arm-none-eabi/9.3.1/../../../../arm-none-eabi/lib/thumb/v7e-m+dp/hard\libm.a(lib_a-e_rem_pio2.o)
 *fill*         0x0000000008018a24        0x4 
 .rodata.PIo2   0x0000000008018a28       0x40 c:/st/stm32cubeide_1.8.0/stm32cubeide/plugins/com.st.stm32cube.ide.mcu.externaltools.gnu-tools-for-stm32.9-2020-q2-update.win32_2.0.0.202105311346/tools/bin/../lib/gcc/arm-none-eabi/9.3.1/../../../../arm-none-eabi/lib/thumb/v7e-m+dp/hard\libm.a(lib_a-k_rem_pio2.o)
 .rodata.init_jk
                0x0000000008018a68       0x10 c:/st/stm32cubeide_1.8.0/stm32cubeide/plugins/com.st.stm32cube.ide.mcu.externaltools.gnu-tools-for-stm32.9-2020-q2-update.win32_2.0.0.202105311346/tools/bin/../lib/gcc/arm-none-eabi/9.3.1/../../../../arm-none-eabi/lib/thumb/v7e-m+dp/hard\libm.a(lib_a-k_rem_pio2.o)
                0x0000000008018a78                . = ALIGN (0x4)

.rel.dyn        0x0000000008018a78        0x0
 .rel.iplt      0x0000000008018a78        0x0 c:/st/stm32cubeide_1.8.0/stm32cubeide/plugins/com.st.stm32cube.ide.mcu.externaltools.gnu-tools-for-stm32.9-2020-q2-update.win32_2.0.0.202105311346/tools/bin/../lib/gcc/arm-none-eabi/9.3.1/thumb/v7e-m+dp/hard/crtbegin.o

.ARM.extab
 *(.ARM.extab* .gnu.linkonce.armextab.*)

.ARM            0x0000000008018a78        0x0
                0x0000000008018a78                __exidx_start = .
 *(.ARM.exidx*)
                0x0000000008018a78                __exidx_end = .

.preinit_array  0x0000000008018a78        0x0
                0x0000000008018a78                PROVIDE (__preinit_array_start = .)
 *(.preinit_array*)
                0x0000000008018a78                PROVIDE (__preinit_array_end = .)

.init_array     0x0000000008018a78        0x4
                0x0000000008018a78                PROVIDE (__init_array_start = .)
 *(SORT_BY_NAME(.init_array.*))
 *(.init_array*)
 .init_array    0x0000000008018a78        0x4 c:/st/stm32cubeide_1.8.0/stm32cubeide/plugins/com.st.stm32cube.ide.mcu.externaltools.gnu-tools-for-stm32.9-2020-q2-update.win32_2.0.0.202105311346/tools/bin/../lib/gcc/arm-none-eabi/9.3.1/thumb/v7e-m+dp/hard/crtbegin.o
                0x0000000008018a7c                PROVIDE (__init_array_end = .)

.fini_array     0x0000000008018a7c        0x4
                [!provide]                        PROVIDE (__fini_array_start = .)
 *(SORT_BY_NAME(.fini_array.*))
 *(.fini_array*)
 .fini_array    0x0000000008018a7c        0x4 c:/st/stm32cubeide_1.8.0/stm32cubeide/plugins/com.st.stm32cube.ide.mcu.externaltools.gnu-tools-for-stm32.9-2020-q2-update.win32_2.0.0.202105311346/tools/bin/../lib/gcc/arm-none-eabi/9.3.1/thumb/v7e-m+dp/hard/crtbegin.o
                [!provide]                        PROVIDE (__fini_array_end = .)
                0x0000000008018a80                _sidata = LOADADDR (.data)

.data           0x0000000024000000      0x108 load address 0x0000000008018a80
                0x0000000024000000                . = ALIGN (0x4)