stm32h7xx_hal_spi.c:235:19:HAL_SPI_Init	24	static
stm32h7xx_hal_spi.c:462:19:HAL_SPI_DeInit	16	static
stm32h7xx_hal_spi.c:506:13:HAL_SPI_MspInit	16	static
stm32h7xx_hal_spi.c:522:13:HAL_SPI_MspDeInit	16	static
stm32h7xx_hal_spi.c:794:19:HAL_SPI_Transmit	48	static
stm32h7xx_hal_spi.c:1013:19:HAL_SPI_Receive	48	static
stm32h7xx_hal_spi.c:1245:19:HAL_SPI_TransmitReceive	64	static
stm32h7xx_hal_spi.c:1535:19:HAL_SPI_Transmit_IT	32	static
stm32h7xx_hal_spi.c:1619:19:HAL_SPI_Receive_IT	32	static
stm32h7xx_hal_spi.c:1716:19:HAL_SPI_TransmitReceive_IT	48	static
stm32h7xx_hal_spi.c:2094:19:HAL_SPI_Transmit_DMA	32	static
stm32h7xx_hal_spi.c:2242:19:HAL_SPI_Receive_DMA	32	static
stm32h7xx_hal_spi.c:2397:19:HAL_SPI_TransmitReceive_DMA	32	static
stm32h7xx_hal_spi.c:2604:19:HAL_SPI_Abort	24	static
stm32h7xx_hal_spi.c:2712:19:HAL_SPI_Abort_IT	32	static
stm32h7xx_hal_spi.c:2833:19:HAL_SPI_DMAPause	16	static
stm32h7xx_hal_spi.c:2848:19:HAL_SPI_DMAResume	16	static
stm32h7xx_hal_spi.c:2863:19:HAL_SPI_DMAStop	16	static
stm32h7xx_hal_spi.c:2877:6:HAL_SPI_IRQHandler	48	static
stm32h7xx_hal_spi.c:3131:13:HAL_SPI_TxCpltCallback	16	static
stm32h7xx_hal_spi.c:3147:13:HAL_SPI_RxCpltCallback	16	static
stm32h7xx_hal_spi.c:3163:13:HAL_SPI_TxRxCpltCallback	16	static
stm32h7xx_hal_spi.c:3179:13:HAL_SPI_TxHalfCpltCallback	16	static
stm32h7xx_hal_spi.c:3195:13:HAL_SPI_RxHalfCpltCallback	16	static
stm32h7xx_hal_spi.c:3211:13:HAL_SPI_TxRxHalfCpltCallback	16	static
stm32h7xx_hal_spi.c:3227:13:HAL_SPI_ErrorCallback	16	static
stm32h7xx_hal_spi.c:3245:13:HAL_SPI_AbortCpltCallback	16	static
stm32h7xx_hal_spi.c:3280:22:HAL_SPI_GetState	16	static
stm32h7xx_hal_spi.c:3292:10:HAL_SPI_GetError	16	static
stm32h7xx_hal_spi.c:3317:13:SPI_DMATransmitCplt	24	static
stm32h7xx_hal_spi.c:3345:13:SPI_DMAReceiveCplt	24	static
stm32h7xx_hal_spi.c:3373:13:SPI_DMATransmitReceiveCplt	24	static
stm32h7xx_hal_spi.c:3401:13:SPI_DMAHalfTransmitCplt	24	static
stm32h7xx_hal_spi.c:3418:13:SPI_DMAHalfReceiveCplt	24	static
stm32h7xx_hal_spi.c:3435:13:SPI_DMAHalfTransmitReceiveCplt	24	static
stm32h7xx_hal_spi.c:3452:13:SPI_DMAError	24	static
stm32h7xx_hal_spi.c:3478:13:SPI_DMAAbortOnError	24	static
stm32h7xx_hal_spi.c:3502:13:SPI_DMATxAbortCallback	24	static
stm32h7xx_hal_spi.c:3539:13:SPI_DMARxAbortCallback	24	static
stm32h7xx_hal_spi.c:3574:13:SPI_RxISR_8BIT	16	static
stm32h7xx_hal_spi.c:3611:13:SPI_RxISR_16BIT	24	static
stm32h7xx_hal_spi.c:3654:13:SPI_RxISR_32BIT	16	static
stm32h7xx_hal_spi.c:3691:13:SPI_TxISR_8BIT	16	static
stm32h7xx_hal_spi.c:3727:13:SPI_TxISR_16BIT	24	static
stm32h7xx_hal_spi.c:3769:13:SPI_TxISR_32BIT	16	static
stm32h7xx_hal_spi.c:3805:13:SPI_AbortTransfer	16	static
stm32h7xx_hal_spi.c:3844:13:SPI_CloseTransfer	24	static
stm32h7xx_hal_spi.c:3921:26:SPI_WaitOnFlagUntilTimeout	24	static
stm32h7xx_hal_spi.c:3942:17:SPI_GetPacketSize	24	static
