stm32h7xx_hal_i2s.c:261:19:HAL_I2S_Init	40	static
stm32h7xx_hal_i2s.c:462:19:HAL_I2S_DeInit	16	static
stm32h7xx_hal_i2s.c:506:13:HAL_I2S_MspInit	16	static
stm32h7xx_hal_i2s.c:522:13:HAL_I2S_MspDeInit	16	static
stm32h7xx_hal_i2s.c:806:19:HAL_I2S_Transmit	32	static
stm32h7xx_hal_i2s.c:923:19:HAL_I2S_Receive	32	static
stm32h7xx_hal_i2s.c:1029:19:HAL_I2SEx_TransmitReceive	48	static
stm32h7xx_hal_i2s.c:1178:19:HAL_I2S_Transmit_IT	24	static
stm32h7xx_hal_i2s.c:1254:19:HAL_I2S_Receive_IT	24	static
stm32h7xx_hal_i2s.c:1328:19:HAL_I2SEx_TransmitReceive_IT	24	static
stm32h7xx_hal_i2s.c:1406:19:HAL_I2S_Transmit_DMA	32	static
stm32h7xx_hal_i2s.c:1492:19:HAL_I2S_Receive_DMA	32	static
stm32h7xx_hal_i2s.c:1579:19:HAL_I2SEx_TransmitReceive_DMA	32	static
stm32h7xx_hal_i2s.c:1679:19:HAL_I2S_DMAPause	24	static
stm32h7xx_hal_i2s.c:1751:19:HAL_I2S_DMAResume	16	static
stm32h7xx_hal_i2s.c:1786:19:HAL_I2S_DMAStop	24	static
stm32h7xx_hal_i2s.c:1835:6:HAL_I2S_IRQHandler	32	static
stm32h7xx_hal_i2s.c:1976:13:HAL_I2S_TxHalfCpltCallback	16	static
stm32h7xx_hal_i2s.c:1992:13:HAL_I2S_TxCpltCallback	16	static
stm32h7xx_hal_i2s.c:2008:13:HAL_I2S_RxHalfCpltCallback	16	static
stm32h7xx_hal_i2s.c:2024:13:HAL_I2S_RxCpltCallback	16	static
stm32h7xx_hal_i2s.c:2040:13:HAL_I2SEx_TxRxHalfCpltCallback	16	static
stm32h7xx_hal_i2s.c:2056:13:HAL_I2SEx_TxRxCpltCallback	16	static
stm32h7xx_hal_i2s.c:2072:13:HAL_I2S_ErrorCallback	16	static
stm32h7xx_hal_i2s.c:2107:22:HAL_I2S_GetState	16	static
stm32h7xx_hal_i2s.c:2118:10:HAL_I2S_GetError	16	static
stm32h7xx_hal_i2s.c:2133:13:I2S_DMATxCplt	24	static
stm32h7xx_hal_i2s.c:2161:13:I2S_DMATxHalfCplt	24	static
stm32h7xx_hal_i2s.c:2180:13:I2S_DMARxCplt	24	static
stm32h7xx_hal_i2s.c:2207:13:I2S_DMARxHalfCplt	24	static
stm32h7xx_hal_i2s.c:2226:13:I2SEx_DMATxRxCplt	24	static
stm32h7xx_hal_i2s.c:2244:13:I2SEx_DMATxRxHalfCplt	24	static
stm32h7xx_hal_i2s.c:2262:13:I2S_DMAError	24	static
stm32h7xx_hal_i2s.c:2290:13:I2S_Transmit_16Bit_IT	24	static
stm32h7xx_hal_i2s.c:2327:13:I2S_Transmit_32Bit_IT	16	static
stm32h7xx_hal_i2s.c:2358:13:I2S_Receive_16Bit_IT	24	static
stm32h7xx_hal_i2s.c:2414:13:I2S_Receive_32Bit_IT	16	static
stm32h7xx_hal_i2s.c:2467:26:I2S_WaitFlagStateUntilTimeout	32	static
